
[1m[46m RUN [49m[22m [36mv4.0.15 [39m[90mC:/Users/robst/dev/3d-model-muncher[39m

 [32mΓ£ô[39m tests/gcodeParser.test.ts[2m > [22mgcodeParser[2m > [22mnormalizeTime[2m > [22mshould handle zero seconds[32m 1[2mms[22m[39m
 [32mΓ£ô[39m tests/gcodeParser.test.ts[2m > [22mgcodeParser[2m > [22mnormalizeTime[2m > [22mshould handle seconds only[32m 0[2mms[22m[39m
 [32mΓ£ô[39m tests/gcodeParser.test.ts[2m > [22mgcodeParser[2m > [22mnormalizeTime[2m > [22mshould handle minutes and seconds[32m 0[2mms[22m[39m
 [32mΓ£ô[39m tests/gcodeParser.test.ts[2m > [22mgcodeParser[2m > [22mnormalizeTime[2m > [22mshould handle hours, minutes, and seconds[32m 0[2mms[22m[39m
 [32mΓ£ô[39m tests/gcodeParser.test.ts[2m > [22mgcodeParser[2m > [22mnormalizeTime[2m > [22mshould handle full day[32m 0[2mms[22m[39m
 [32mΓ£ô[39m tests/gcodeParser.test.ts[2m > [22mgcodeParser[2m > [22mestimateWeightFromLength[2m > [22mshould calculate weight for standard PLA[32m 0[2mms[22m[39m
 [32mΓ£ô[39m tests/gcodeParser.test.ts[2m > [22mgcodeParser[2m > [22mestimateWeightFromLength[2m > [22mshould use default diameter and density[32m 0[2mms[22m[39m
 [32mΓ£ô[39m tests/gcodeParser.test.ts[2m > [22mgcodeParser[2m > [22mestimateWeightFromLength[2m > [22mshould handle different filament diameters[32m 0[2mms[22m[39m
 [32mΓ£ô[39m tests/gcodeParser.test.ts[2m > [22mgcodeParser[2m > [22mestimateWeightFromLength[2m > [22mshould handle different densities[32m 0[2mms[22m[39m
 [32mΓ£ô[39m tests/gcodeParser.test.ts[2m > [22mgcodeParser[2m > [22mestimateWeightFromLength[2m > [22mshould handle zero length[32m 0[2mms[22m[39m
 [31m├ù[39m tests/gcodeParser.test.ts[2m > [22mgcodeParser[2m > [22mextractGcodeFrom3MF[2m > [22mshould extract gcode from Metadata/plate_1.gcode (BambuLab format)[32m 15[2mms[22m[39m
[31m   ΓåÆ Failed to extract G-code from 3MF: No .gcode file found in 3MF archive. Expected Metadata/plate_1.gcode or similar. Found files: [Content_Types].xml/, [Content_Types].xml/0/, [Content_Types].xml/1/, [Content_Types].xml/2/, [Content_Types].xml/3/, [Content_Types].xml/4/, [Content_Types].xml/5/, [Content_Types].xml/6/, [Content_Types].xml/7/, [Content_Types].xml/8/, [Content_Types].xml/9/, [Content_Types].xml/10/, [Content_Types].xml/11/, [Content_Types].xml/12/, [Content_Types].xml/13/, [Content_Types].xml/14/, [Content_Types].xml/15/, [Content_Types].xml/16/, [Content_Types].xml/17/, [Content_Types].xml/18/, [Content_Types].xml/19/, [Content_Types].xml/20/, Metadata/plate_1.gcode/, Metadata/plate_1.gcode/0/, Metadata/plate_1.gcode/1/, Metadata/plate_1.gcode/2/, Metadata/plate_1.gcode/3/, Metadata/plate_1.gcode/4/, Metadata/plate_1.gcode/5/, Metadata/plate_1.gcode/6/, Metadata/plate_1.gcode/7/, Metadata/plate_1.gcode/8/, Metadata/plate_1.gcode/9/, Metadata/plate_1.gcode/10/, Metadata/plate_1.gcode/11/, Metadata/plate_1.gcode/12/, Metadata/plate_1.gcode/13/, Metadata/plate_1.gcode/14/, Metadata/plate_1.gcode/15/, Metadata/plate_1.gcode/16/, Metadata/plate_1.gcode/17/, Metadata/plate_1.gcode/18/, Metadata/plate_1.gcode/19/, Metadata/plate_1.gcode/20/, Metadata/plate_1.gcode/21/, Metadata/plate_1.gcode/22/, Metadata/plate_1.gcode/23/, Metadata/plate_1.gcode/24/[39m
 [31m├ù[39m tests/gcodeParser.test.ts[2m > [22mgcodeParser[2m > [22mextractGcodeFrom3MF[2m > [22mshould extract gcode from Metadata/plate_2.gcode if plate_1 not found[32m 5[2mms[22m[39m
[31m   ΓåÆ Failed to extract G-code from 3MF: No .gcode file found in 3MF archive. Expected Metadata/plate_1.gcode or similar. Found files: Metadata/plate_2.gcode/, Metadata/plate_2.gcode/0/, Metadata/plate_2.gcode/1/, Metadata/plate_2.gcode/2/, Metadata/plate_2.gcode/3/, Metadata/plate_2.gcode/4/, Metadata/plate_2.gcode/5/, Metadata/plate_2.gcode/6/, Metadata/plate_2.gcode/7/, Metadata/plate_2.gcode/8/, Metadata/plate_2.gcode/9/, Metadata/plate_2.gcode/10/, Metadata/plate_2.gcode/11/, Metadata/plate_2.gcode/12/, Metadata/plate_2.gcode/13/, Metadata/plate_2.gcode/14/, Metadata/plate_2.gcode/15/, Metadata/plate_2.gcode/16/, Metadata/plate_2.gcode/17/, Metadata/plate_2.gcode/18/, Metadata/plate_2.gcode/19/, Metadata/plate_2.gcode/20/, Metadata/plate_2.gcode/21/, Metadata/plate_2.gcode/22/, Metadata/plate_2.gcode/23/, Metadata/plate_2.gcode/24/[39m
 [31m├ù[39m tests/gcodeParser.test.ts[2m > [22mgcodeParser[2m > [22mextractGcodeFrom3MF[2m > [22mshould extract gcode from root level as fallback[32m 5[2mms[22m[39m
[31m   ΓåÆ Failed to extract G-code from 3MF: No .gcode file found in 3MF archive. Expected Metadata/plate_1.gcode or similar. Found files: test.gcode/, test.gcode/0/, test.gcode/1/, test.gcode/2/, test.gcode/3/, test.gcode/4/, test.gcode/5/, test.gcode/6/, test.gcode/7/, test.gcode/8/, test.gcode/9/, test.gcode/10/, test.gcode/11/, test.gcode/12/, test.gcode/13/, test.gcode/14/, test.gcode/15/, test.gcode/16/, test.gcode/17/, test.gcode/18/, test.gcode/19/, test.gcode/20/, test.gcode/21/, test.gcode/22/, test.gcode/23/, test.gcode/24/[39m
 [31m├ù[39m tests/gcodeParser.test.ts[2m > [22mgcodeParser[2m > [22mextractGcodeFrom3MF[2m > [22mshould prioritize Metadata/plate_1.gcode over root files[32m 6[2mms[22m[39m
[31m   ΓåÆ Failed to extract G-code from 3MF: No .gcode file found in 3MF archive. Expected Metadata/plate_1.gcode or similar. Found files: Metadata/plate_1.gcode/, Metadata/plate_1.gcode/0/, Metadata/plate_1.gcode/1/, Metadata/plate_1.gcode/2/, Metadata/plate_1.gcode/3/, Metadata/plate_1.gcode/4/, Metadata/plate_1.gcode/5/, Metadata/plate_1.gcode/6/, Metadata/plate_1.gcode/7/, Metadata/plate_1.gcode/8/, Metadata/plate_1.gcode/9/, Metadata/plate_1.gcode/10/, Metadata/plate_1.gcode/11/, Metadata/plate_1.gcode/12/, Metadata/plate_1.gcode/13/, Metadata/plate_1.gcode/14/, Metadata/plate_1.gcode/15/, Metadata/plate_1.gcode/16/, Metadata/plate_1.gcode/17/, Metadata/plate_1.gcode/18/, test.gcode/, test.gcode/0/, test.gcode/1/, test.gcode/2/, test.gcode/3/, test.gcode/4/, test.gcode/5/, test.gcode/6/, test.gcode/7/, test.gcode/8/, test.gcode/9/, test.gcode/10/, test.gcode/11/, test.gcode/12/, test.gcode/13/, test.gcode/14/, test.gcode/15/, test.gcode/16/, test.gcode/17/[39m
 [32mΓ£ô[39m tests/gcodeParser.test.ts[2m > [22mgcodeParser[2m > [22mextractGcodeFrom3MF[2m > [22mshould throw error if no gcode file found[32m 2[2mms[22m[39m
 [32mΓ£ô[39m tests/gcodeParser.test.ts[2m > [22mgcodeParser[2m > [22mextractGcodeFrom3MF[2m > [22mshould throw error for invalid 3MF[32m 3[2mms[22m[39m
 [32mΓ£ô[39m tests/gcodeParser.test.ts[2m > [22mgcodeParser[2m > [22mparseGcode - BambuStudio format[2m > [22mshould parse single filament BambuStudio file[32m 4[2mms[22m[39m
 [32mΓ£ô[39m tests/gcodeParser.test.ts[2m > [22mgcodeParser[2m > [22mparseGcode - BambuStudio format[2m > [22mshould parse multi-filament BambuStudio file[32m 2[2mms[22m[39m
 [32mΓ£ô[39m tests/gcodeParser.test.ts[2m > [22mgcodeParser[2m > [22mparseGcode - BambuStudio format[2m > [22mshould handle color mapping correctly by index[32m 2[2mms[22m[39m
 [32mΓ£ô[39m tests/gcodeParser.test.ts[2m > [22mgcodeParser[2m > [22mparseGcode - Cura format[2m > [22mshould parse Cura format file[32m 44[2mms[22m[39m
 [32mΓ£ô[39m tests/gcodeParser.test.ts[2m > [22mgcodeParser[2m > [22mparseGcode - Cura format[2m > [22mshould estimate weight from length for Cura files[32m 1[2mms[22m[39m
 [32mΓ£ô[39m tests/gcodeParser.test.ts[2m > [22mgcodeParser[2m > [22mparseGcode - Cura format[2m > [22mshould not have color data for Cura files[32m 4[2mms[22m[39m
 [2m[90mΓåô[39m[22m tests/gcodeParser.test.ts[2m > [22mgcodeParser[2m > [22mparseGcode - real file[2m > [22mshould parse munchie_PLA_1h35m.gcode with two colors
 [32mΓ£ô[39m tests/gcodeParser.test.ts[2m > [22mgcodeParser[2m > [22mparseGcode - edge cases[2m > [22mshould handle empty file[32m 1[2mms[22m[39m
 [32mΓ£ô[39m tests/gcodeParser.test.ts[2m > [22mgcodeParser[2m > [22mparseGcode - edge cases[2m > [22mshould handle malformed comments[32m 1[2mms[22m[39m
 [32mΓ£ô[39m tests/gcodeParser.test.ts[2m > [22mgcodeParser[2m > [22mparseGcode - edge cases[2m > [22mshould handle missing fields[32m 1[2mms[22m[39m
 [32mΓ£ô[39m tests/gcodeParser.test.ts[2m > [22mgcodeParser[2m > [22mparseGcode - edge cases[2m > [22mshould handle partial data[32m 1[2mms[22m[39m
 [32mΓ£ô[39m tests/gcodeParser.test.ts[2m > [22mgcodeParser[2m > [22mparseGcode - edge cases[2m > [22mshould only read first 200 lines[32m 0[2mms[22m[39m
 [32mΓ£ô[39m tests/gcodeParser.test.ts[2m > [22mgcodeParser[2m > [22mparseGcode - edge cases[2m > [22mshould handle mixed case comments (case-insensitive)[32m 1[2mms[22m[39m
 [32mΓ£ô[39m tests/gcodeParser.test.ts[2m > [22mgcodeParser[2m > [22mparseGcode - edge cases[2m > [22mshould distinguish filament_colour from filament_colour_type[32m 18[2mms[22m[39m
 [32mΓ£ô[39m tests/gcodeParser.test.ts[2m > [22mgcodeParser[2m > [22mparseGcode - weight calculation[2m > [22mshould calculate total weight from multiple filaments[32m 1[2mms[22m[39m
 [32mΓ£ô[39m tests/gcodeParser.test.ts[2m > [22mgcodeParser[2m > [22mparseGcode - weight calculation[2m > [22mshould use provided weight over estimated weight[32m 2[2mms[22m[39m
 [32mΓ£ô[39m tests/gcodeParser.test.ts[2m > [22mgcodeParser[2m > [22mparseGcode - weight calculation[2m > [22mshould estimate weight when not provided[32m 1[2mms[22m[39m
node.exe : Error: Uncaught [Error: `MenuItem` must be used within `MenuContent`]
At line:1 char:1
+ & "C:\nvm4w\nodejs/node.exe" "C:\nvm4w\nodejs/node_modules/npm/bin/np ...
+ ~~~~~~~~~~~~~~~~~~~~~~~~~~~~~~~~~~~~~~~~~~~~~~~~~~~~~~~~~~~~~~~~~~~~~
    + CategoryInfo          : NotSpecified: (Error: Uncaught... `MenuContent`]:Strin 
   g) [], RemoteException
    + FullyQualifiedErrorId : NativeCommandError
 
    at reportException (C:\Users\robst\dev\3d-model-muncher\node_modules\jsdom\lib\js
dom\living\helpers\runtime-script-errors.js:66:24)
    at innerInvokeEventListeners (C:\Users\robst\dev\3d-model-muncher\node_modules\js
dom\lib\jsdom\living\events\EventTarget-impl.js:353:9)
    at invokeEventListeners (C:\Users\robst\dev\3d-model-muncher\node_modules\jsdom\l
ib\jsdom\living\events\EventTarget-impl.js:286:3)
    at HTMLUnknownElementImpl._dispatch (C:\Users\robst\dev\3d-model-muncher\node_mod
ules\jsdom\lib\jsdom\living\events\EventTarget-impl.js:233:9)
    at HTMLUnknownElementImpl.dispatchEvent (C:\Users\robst\dev\3d-model-muncher\node
_modules\jsdom\lib\jsdom\living\events\EventTarget-impl.js:104:17)
    at HTMLUnknownElement.dispatchEvent (C:\Users\robst\dev\3d-model-muncher\node_mod
ules\jsdom\lib\jsdom\living\generated\EventTarget.js:241:34)
    at Object.invokeGuardedCallbackDev (C:\Users\robst\dev\3d-model-muncher\node_modu
les\react-dom\cjs\react-dom.development.js:4213:16)
    at invokeGuardedCallback (C:\Users\robst\dev\3d-model-muncher\node_modules\react-
dom\cjs\react-dom.development.js:4277:31)
    at beginWork$1 (C:\Users\robst\dev\3d-model-muncher\node_modules\react-dom\cjs\re
act-dom.development.js:27490:7)
    at performUnitOfWork (C:\Users\robst\dev\3d-model-muncher\node_modules\react-dom\
cjs\react-dom.development.js:26599:12) Error: `MenuItem` must be used within 
`MenuContent`
    at useContext2 (file:///C:/Users/robst/dev/3d-model-muncher/node_modules/@radix-u
i/react-context/dist/index.mjs:38:13)
    at file:///C:/Users/robst/dev/3d-model-muncher/node_modules/@radix-ui/react-menu/
dist/index.mjs:371:28
    at renderWithHooks (C:\Users\robst\dev\3d-model-muncher\node_modules\react-dom\cj
s\react-dom.development.js:15486:18)
    at updateForwardRef (C:\Users\robst\dev\3d-model-muncher\node_modules\react-dom\c
js\react-dom.development.js:19245:20)
    at beginWork (C:\Users\robst\dev\3d-model-muncher\node_modules\react-dom\cjs\reac
t-dom.development.js:21675:16)
    at HTMLUnknownElement.callCallback (C:\Users\robst\dev\3d-model-muncher\node_modu
les\react-dom\cjs\react-dom.development.js:4164:14)
    at HTMLUnknownElement.callTheUserObjectsOperation (C:\Users\robst\dev\3d-model-mu
ncher\node_modules\jsdom\lib\jsdom\living\generated\EventListener.js:26:30)
    at innerInvokeEventListeners (C:\Users\robst\dev\3d-model-muncher\node_modules\js
dom\lib\jsdom\living\events\EventTarget-impl.js:350:25)
    at invokeEventListeners (C:\Users\robst\dev\3d-model-muncher\node_modules\jsdom\l
ib\jsdom\living\events\EventTarget-impl.js:286:3)
    at HTMLUnknownElementImpl._dispatch (C:\Users\robst\dev\3d-model-muncher\node_mod
ules\jsdom\lib\jsdom\living\events\EventTarget-impl.js:233:9)
Error: Uncaught [Error: `MenuItem` must be used within `MenuContent`]
    at reportException (C:\Users\robst\dev\3d-model-muncher\node_modules\jsdom\lib\js
dom\living\helpers\runtime-script-errors.js:66:24)
    at innerInvokeEventListeners (C:\Users\robst\dev\3d-model-muncher\node_modules\js
dom\lib\jsdom\living\events\EventTarget-impl.js:353:9)
    at invokeEventListeners (C:\Users\robst\dev\3d-model-muncher\node_modules\jsdom\l
ib\jsdom\living\events\EventTarget-impl.js:286:3)
    at HTMLUnknownElementImpl._dispatch (C:\Users\robst\dev\3d-model-muncher\node_mod
ules\jsdom\lib\jsdom\living\events\EventTarget-impl.js:233:9)
    at HTMLUnknownElementImpl.dispatchEvent (C:\Users\robst\dev\3d-model-muncher\node
_modules\jsdom\lib\jsdom\living\events\EventTarget-impl.js:104:17)
    at HTMLUnknownElement.dispatchEvent (C:\Users\robst\dev\3d-model-muncher\node_mod
ules\jsdom\lib\jsdom\living\generated\EventTarget.js:241:34)
    at Object.invokeGuardedCallbackDev (C:\Users\robst\dev\3d-model-muncher\node_modu
les\react-dom\cjs\react-dom.development.js:4213:16)
    at invokeGuardedCallback (C:\Users\robst\dev\3d-model-muncher\node_modules\react-
dom\cjs\react-dom.development.js:4277:31)
    at beginWork$1 (C:\Users\robst\dev\3d-model-muncher\node_modules\react-dom\cjs\re
act-dom.development.js:27490:7)
    at performUnitOfWork (C:\Users\robst\dev\3d-model-muncher\node_modules\react-dom\
cjs\react-dom.development.js:26599:12) Error: `MenuItem` must be used within 
`MenuContent`
    at useContext2 (file:///C:/Users/robst/dev/3d-model-muncher/node_modules/@radix-u
i/react-context/dist/index.mjs:38:13)
    at file:///C:/Users/robst/dev/3d-model-muncher/node_modules/@radix-ui/react-menu/
dist/index.mjs:371:28
    at renderWithHooks (C:\Users\robst\dev\3d-model-muncher\node_modules\react-dom\cj
s\react-dom.development.js:15486:18)
    at updateForwardRef (C:\Users\robst\dev\3d-model-muncher\node_modules\react-dom\c
js\react-dom.development.js:19245:20)
    at beginWork (C:\Users\robst\dev\3d-model-muncher\node_modules\react-dom\cjs\reac
t-dom.development.js:21675:16)
    at HTMLUnknownElement.callCallback (C:\Users\robst\dev\3d-model-muncher\node_modu
les\react-dom\cjs\react-dom.development.js:4164:14)
    at HTMLUnknownElement.callTheUserObjectsOperation (C:\Users\robst\dev\3d-model-mu
ncher\node_modules\jsdom\lib\jsdom\living\generated\EventListener.js:26:30)
    at innerInvokeEventListeners (C:\Users\robst\dev\3d-model-muncher\node_modules\js
dom\lib\jsdom\living\events\EventTarget-impl.js:350:25)
    at invokeEventListeners (C:\Users\robst\dev\3d-model-muncher\node_modules\jsdom\l
ib\jsdom\living\events\EventTarget-impl.js:286:3)
    at HTMLUnknownElementImpl._dispatch (C:\Users\robst\dev\3d-model-muncher\node_mod
ules\jsdom\lib\jsdom\living\events\EventTarget-impl.js:233:9)
Error: Uncaught [Error: `MenuItem` must be used within `MenuContent`]
    at reportException (C:\Users\robst\dev\3d-model-muncher\node_modules\jsdom\lib\js
dom\living\helpers\runtime-script-errors.js:66:24)
    at innerInvokeEventListeners (C:\Users\robst\dev\3d-model-muncher\node_modules\js
dom\lib\jsdom\living\events\EventTarget-impl.js:353:9)
    at invokeEventListeners (C:\Users\robst\dev\3d-model-muncher\node_modules\jsdom\l
ib\jsdom\living\events\EventTarget-impl.js:286:3)
    at HTMLUnknownElementImpl._dispatch (C:\Users\robst\dev\3d-model-muncher\node_mod
ules\jsdom\lib\jsdom\living\events\EventTarget-impl.js:233:9)
    at HTMLUnknownElementImpl.dispatchEvent (C:\Users\robst\dev\3d-model-muncher\node
_modules\jsdom\lib\jsdom\living\events\EventTarget-impl.js:104:17)
    at HTMLUnknownElement.dispatchEvent (C:\Users\robst\dev\3d-model-muncher\node_mod
ules\jsdom\lib\jsdom\living\generated\EventTarget.js:241:34)
    at Object.invokeGuardedCallbackDev (C:\Users\robst\dev\3d-model-muncher\node_modu
les\react-dom\cjs\react-dom.development.js:4213:16)
    at invokeGuardedCallback (C:\Users\robst\dev\3d-model-muncher\node_modules\react-
dom\cjs\react-dom.development.js:4277:31)
    at beginWork$1 (C:\Users\robst\dev\3d-model-muncher\node_modules\react-dom\cjs\re
act-dom.development.js:27490:7)
    at performUnitOfWork (C:\Users\robst\dev\3d-model-muncher\node_modules\react-dom\
cjs\react-dom.development.js:26599:12) Error: `MenuItem` must be used within 
`MenuContent`
    at useContext2 (file:///C:/Users/robst/dev/3d-model-muncher/node_modules/@radix-u
i/react-context/dist/index.mjs:38:13)
    at file:///C:/Users/robst/dev/3d-model-muncher/node_modules/@radix-ui/react-menu/
dist/index.mjs:371:28
    at renderWithHooks (C:\Users\robst\dev\3d-model-muncher\node_modules\react-dom\cj
s\react-dom.development.js:15486:18)
    at updateForwardRef (C:\Users\robst\dev\3d-model-muncher\node_modules\react-dom\c
js\react-dom.development.js:19245:20)
    at beginWork (C:\Users\robst\dev\3d-model-muncher\node_modules\react-dom\cjs\reac
t-dom.development.js:21675:16)
    at HTMLUnknownElement.callCallback (C:\Users\robst\dev\3d-model-muncher\node_modu
les\react-dom\cjs\react-dom.development.js:4164:14)
    at HTMLUnknownElement.callTheUserObjectsOperation (C:\Users\robst\dev\3d-model-mu
ncher\node_modules\jsdom\lib\jsdom\living\generated\EventListener.js:26:30)
    at innerInvokeEventListeners (C:\Users\robst\dev\3d-model-muncher\node_modules\js
dom\lib\jsdom\living\events\EventTarget-impl.js:350:25)
    at invokeEventListeners (C:\Users\robst\dev\3d-model-muncher\node_modules\jsdom\l
ib\jsdom\living\events\EventTarget-impl.js:286:3)
    at HTMLUnknownElementImpl._dispatch (C:\Users\robst\dev\3d-model-muncher\node_mod
ules\jsdom\lib\jsdom\living\events\EventTarget-impl.js:233:9)
Error: Uncaught [Error: `MenuItem` must be used within `MenuContent`]
    at reportException (C:\Users\robst\dev\3d-model-muncher\node_modules\jsdom\lib\js
dom\living\helpers\runtime-script-errors.js:66:24)
    at innerInvokeEventListeners (C:\Users\robst\dev\3d-model-muncher\node_modules\js
dom\lib\jsdom\living\events\EventTarget-impl.js:353:9)
    at invokeEventListeners (C:\Users\robst\dev\3d-model-muncher\node_modules\jsdom\l
ib\jsdom\living\events\EventTarget-impl.js:286:3)
    at HTMLUnknownElementImpl._dispatch (C:\Users\robst\dev\3d-model-muncher\node_mod
ules\jsdom\lib\jsdom\living\events\EventTarget-impl.js:233:9)
    at HTMLUnknownElementImpl.dispatchEvent (C:\Users\robst\dev\3d-model-muncher\node
_modules\jsdom\lib\jsdom\living\events\EventTarget-impl.js:104:17)
    at HTMLUnknownElement.dispatchEvent (C:\Users\robst\dev\3d-model-muncher\node_mod
ules\jsdom\lib\jsdom\living\generated\EventTarget.js:241:34)
    at Object.invokeGuardedCallbackDev (C:\Users\robst\dev\3d-model-muncher\node_modu
les\react-dom\cjs\react-dom.development.js:4213:16)
    at invokeGuardedCallback (C:\Users\robst\dev\3d-model-muncher\node_modules\react-
dom\cjs\react-dom.development.js:4277:31)
    at beginWork$1 (C:\Users\robst\dev\3d-model-muncher\node_modules\react-dom\cjs\re
act-dom.development.js:27490:7)
    at performUnitOfWork (C:\Users\robst\dev\3d-model-muncher\node_modules\react-dom\
cjs\react-dom.development.js:26599:12) Error: `MenuItem` must be used within 
`MenuContent`
    at useContext2 (file:///C:/Users/robst/dev/3d-model-muncher/node_modules/@radix-u
i/react-context/dist/index.mjs:38:13)
    at file:///C:/Users/robst/dev/3d-model-muncher/node_modules/@radix-ui/react-menu/
dist/index.mjs:371:28
    at renderWithHooks (C:\Users\robst\dev\3d-model-muncher\node_modules\react-dom\cj
s\react-dom.development.js:15486:18)
    at updateForwardRef (C:\Users\robst\dev\3d-model-muncher\node_modules\react-dom\c
js\react-dom.development.js:19245:20)
    at beginWork (C:\Users\robst\dev\3d-model-muncher\node_modules\react-dom\cjs\reac
t-dom.development.js:21675:16)
    at HTMLUnknownElement.callCallback (C:\Users\robst\dev\3d-model-muncher\node_modu
les\react-dom\cjs\react-dom.development.js:4164:14)
    at HTMLUnknownElement.callTheUserObjectsOperation (C:\Users\robst\dev\3d-model-mu
ncher\node_modules\jsdom\lib\jsdom\living\generated\EventListener.js:26:30)
    at innerInvokeEventListeners (C:\Users\robst\dev\3d-model-muncher\node_modules\js
dom\lib\jsdom\living\events\EventTarget-impl.js:350:25)
    at invokeEventListeners (C:\Users\robst\dev\3d-model-muncher\node_modules\jsdom\l
ib\jsdom\living\events\EventTarget-impl.js:286:3)
    at HTMLUnknownElementImpl._dispatch (C:\Users\robst\dev\3d-model-muncher\node_mod
ules\jsdom\lib\jsdom\living\events\EventTarget-impl.js:233:9)
[90mstderr[2m | tests/components/IntegrityTab.test.tsx[2m > 
[22m[2mIntegrityTab[2m > [22m[2mrenders the integrity tab
[22m[39mWarning: Unknown event handler property `onCheckedChange`. It will be 
ignored.
    at button
    at Root (C:/Users/robst/dev/3d-model-muncher/vitest.setup.ts:4:85)
    at Checkbox 
(C:/Users/robst/dev/3d-model-muncher/src/components/ui/checkbox.tsx:8:21)
    at div
    at div
    at div
    at div
    at div
    at div
    at div
    at CardContent 
(C:/Users/robst/dev/3d-model-muncher/src/components/ui/card.tsx:66:24)
    at div
    at Card (C:/Users/robst/dev/3d-model-muncher/src/components/ui/card.tsx:11:17)
    at div
    at IntegrityTab 
(C:/Users/robst/dev/3d-model-muncher/src/components/settings/IntegrityTab.tsx:11:25)

[90mstdout[2m | tests/components/CollectionCard.test.tsx[2m > [22m[2mCollectionCard[2m > [22m[2mshows cover image when images exist
[22m[39m[ConfigManager] loadConfig() called, isNode= [33mfalse[39m
[ConfigManager] localStorage raw value for 3d-model-muncher-config (missing)
[ConfigManager] No stored config found in localStorage
[ConfigManager] loadConfig() called, isNode= [33mfalse[39m
[ConfigManager] localStorage raw value for 3d-model-muncher-config (missing)
[ConfigManager] No stored config found in localStorage

[90mstderr[2m | tests/components/CollectionCard.test.tsx[2m > 
[22m[2mCollectionCard[2m > [22m[2mshows cover image when images exist
[22m[39mThe above error occurred in the <MenuItem> component:

    at file:///C:/Users/robst/dev/3d-model-muncher/node_modules/@radix-ui/react-menu/
dist/index.mjs:368:13
    at file:///C:/Users/robst/dev/3d-model-muncher/node_modules/@radix-ui/react-dropd
own-menu/dist/index.mjs:161:13
    at DropdownMenuItem 
(C:/Users/robst/dev/3d-model-muncher/src/components/ui/dropdown-menu.tsx:94:29)
    at div
    at DropdownMenuContent 
(C:/Users/robst/dev/3d-model-muncher/src/components/ui/dropdown-menu.tsx:52:32)
    at Provider (file:///C:/Users/robst/dev/3d-model-muncher/node_modules/@radix-ui/r
eact-context/dist/index.mjs:27:15)
    at Provider (file:///C:/Users/robst/dev/3d-model-muncher/node_modules/@radix-ui/r
eact-context/dist/index.mjs:27:15)
    at Provider (file:///C:/Users/robst/dev/3d-model-muncher/node_modules/@radix-ui/r
eact-context/dist/index.mjs:27:15)
    at Popper (file:///C:/Users/robst/dev/3d-model-muncher/node_modules/@radix-ui/rea
ct-popper/dist/index.mjs:30:11)
    at Menu (file:///C:/Users/robst/dev/3d-model-muncher/node_modules/@radix-ui/react
-menu/dist/index.mjs:50:11)
    at Provider (file:///C:/Users/robst/dev/3d-model-muncher/node_modules/@radix-ui/r
eact-context/dist/index.mjs:27:15)
    at DropdownMenu (file:///C:/Users/robst/dev/3d-model-muncher/node_modules/@radix-
ui/react-dropdown-menu/dist/index.mjs:23:5)
    at DropdownMenu 
(C:/Users/robst/dev/3d-model-muncher/src/components/ui/dropdown-menu.tsx:22:28)
    at div
    at div
    at div
    at CardHeader 
(C:/Users/robst/dev/3d-model-muncher/src/components/ui/card.tsx:22:23)
    at div
    at Card (C:/Users/robst/dev/3d-model-muncher/src/components/ui/card.tsx:11:17)
    at CollectionCard 
(C:/Users/robst/dev/3d-model-muncher/src/components/CollectionCard.tsx:13:27)

Consider adding an error boundary to your tree to customize error handling behavior.
Visit https://reactjs.org/link/error-boundaries to learn more about error boundaries.
The above error occurred in the <MenuItem> component:

    at file:///C:/Users/robst/dev/3d-model-muncher/node_modules/@radix-ui/react-menu/
dist/index.mjs:368:13
    at file:///C:/Users/robst/dev/3d-model-muncher/node_modules/@radix-ui/react-dropd
own-menu/dist/index.mjs:161:13
    at DropdownMenuItem 
(C:/Users/robst/dev/3d-model-muncher/src/components/ui/dropdown-menu.tsx:94:29)
    at div
    at DropdownMenuContent 
(C:/Users/robst/dev/3d-model-muncher/src/components/ui/dropdown-menu.tsx:52:32)
    at Provider (file:///C:/Users/robst/dev/3d-model-muncher/node_modules/@radix-ui/r
eact-context/dist/index.mjs:27:15)
    at Provider (file:///C:/Users/robst/dev/3d-model-muncher/node_modules/@radix-ui/r
eact-context/dist/index.mjs:27:15)
    at Provider (file:///C:/Users/robst/dev/3d-model-muncher/node_modules/@radix-ui/r
eact-context/dist/index.mjs:27:15)
    at Popper (file:///C:/Users/robst/dev/3d-model-muncher/node_modules/@radix-ui/rea
ct-popper/dist/index.mjs:30:11)
    at Menu (file:///C:/Users/robst/dev/3d-model-muncher/node_modules/@radix-ui/react
-menu/dist/index.mjs:50:11)
    at Provider (file:///C:/Users/robst/dev/3d-model-muncher/node_modules/@radix-ui/r
eact-context/dist/index.mjs:27:15)
    at DropdownMenu (file:///C:/Users/robst/dev/3d-model-muncher/node_modules/@radix-
ui/react-dropdown-menu/dist/index.mjs:23:5)
    at DropdownMenu 
(C:/Users/robst/dev/3d-model-muncher/src/components/ui/dropdown-menu.tsx:22:28)
    at div
    at div
    at div
    at CardHeader 
(C:/Users/robst/dev/3d-model-muncher/src/components/ui/card.tsx:22:23)
    at div
    at Card (C:/Users/robst/dev/3d-model-muncher/src/components/ui/card.tsx:11:17)
    at CollectionCard 
(C:/Users/robst/dev/3d-model-muncher/src/components/CollectionCard.tsx:13:27)

Consider adding an error boundary to your tree to customize error handling behavior.
Visit https://reactjs.org/link/error-boundaries to learn more about error boundaries.

[90mstderr[2m | tests/components/GeneralTab.test.tsx[2m > [22m[2mGeneralTab[2m 
> [22m[2mrenders the general tab
[22m[39mWarning: validateDOMNesting(...): <div> cannot appear as a child of 
<select>.
    at div
    at Trigger (C:/Users/robst/dev/3d-model-muncher/vitest.setup.ts:23:67)
    at SelectTrigger 
(C:/Users/robst/dev/3d-model-muncher/src/components/ui/select.tsx:47:26)
    at select
    at Root (C:/Users/robst/dev/3d-model-muncher/vitest.setup.ts:13:18)
    at Select 
(C:/Users/robst/dev/3d-model-muncher/src/components/ui/select.tsx:17:22)
    at div
    at div
    at div
    at CardContent 
(C:/Users/robst/dev/3d-model-muncher/src/components/ui/card.tsx:66:24)
    at div
    at Card (C:/Users/robst/dev/3d-model-muncher/src/components/ui/card.tsx:11:17)
    at GeneralTab 
(C:/Users/robst/dev/3d-model-muncher/src/components/settings/GeneralTab.tsx:12:23)
Warning: validateDOMNesting(...): <span> cannot appear as a child of <option>.
    at span
    at option
    at Item (C:/Users/robst/dev/3d-model-muncher/vitest.setup.ts:26:18)
    at SelectItem 
(C:/Users/robst/dev/3d-model-muncher/src/components/ui/select.tsx:125:23)
    at Passthrough (C:/Users/robst/dev/3d-model-muncher/vitest.setup.ts:11:82)
    at Passthrough (C:/Users/robst/dev/3d-model-muncher/vitest.setup.ts:11:82)
    at Passthrough (C:/Users/robst/dev/3d-model-muncher/vitest.setup.ts:11:82)
    at SelectContent 
(C:/Users/robst/dev/3d-model-muncher/src/components/ui/select.tsx:76:26)
    at select
    at Root (C:/Users/robst/dev/3d-model-muncher/vitest.setup.ts:13:18)
    at Select 
(C:/Users/robst/dev/3d-model-muncher/src/components/ui/select.tsx:17:22)
    at div
    at div
    at div
    at CardContent 
(C:/Users/robst/dev/3d-model-muncher/src/components/ui/card.tsx:66:24)
    at div
    at Card (C:/Users/robst/dev/3d-model-muncher/src/components/ui/card.tsx:11:17)
    at GeneralTab 
(C:/Users/robst/dev/3d-model-muncher/src/components/settings/GeneralTab.tsx:12:23)

Error: Uncaught [Error: `MenuItem` must be used within `MenuContent`]
    at reportException (C:\Users\robst\dev\3d-model-muncher\node_modules\jsdom\lib\js
dom\living\helpers\runtime-script-errors.js:66:24)
    at innerInvokeEventListeners (C:\Users\robst\dev\3d-model-muncher\node_modules\js
dom\lib\jsdom\living\events\EventTarget-impl.js:353:9)
    at invokeEventListeners (C:\Users\robst\dev\3d-model-muncher\node_modules\jsdom\l
ib\jsdom\living\events\EventTarget-impl.js:286:3)
    at HTMLUnknownElementImpl._dispatch (C:\Users\robst\dev\3d-model-muncher\node_mod
ules\jsdom\lib\jsdom\living\events\EventTarget-impl.js:233:9)
    at HTMLUnknownElementImpl.dispatchEvent (C:\Users\robst\dev\3d-model-muncher\node
_modules\jsdom\lib\jsdom\living\events\EventTarget-impl.js:104:17)
    at HTMLUnknownElement.dispatchEvent (C:\Users\robst\dev\3d-model-muncher\node_mod
ules\jsdom\lib\jsdom\living\generated\EventTarget.js:241:34)
    at Object.invokeGuardedCallbackDev (C:\Users\robst\dev\3d-model-muncher\node_modu
les\react-dom\cjs\react-dom.development.js:4213:16)
    at invokeGuardedCallback (C:\Users\robst\dev\3d-model-muncher\node_modules\react-
dom\cjs\react-dom.development.js:4277:31)
    at beginWork$1 (C:\Users\robst\dev\3d-model-muncher\node_modules\react-dom\cjs\re
act-dom.development.js:27490:7)
    at performUnitOfWork (C:\Users\robst\dev\3d-model-muncher\node_modules\react-dom\
cjs\react-dom.development.js:26599:12) Error: `MenuItem` must be used within 
`MenuContent`
    at useContext2 (file:///C:/Users/robst/dev/3d-model-muncher/node_modules/@radix-u
i/react-context/dist/index.mjs:38:13)
    at file:///C:/Users/robst/dev/3d-model-muncher/node_modules/@radix-ui/react-menu/
dist/index.mjs:371:28
    at renderWithHooks (C:\Users\robst\dev\3d-model-muncher\node_modules\react-dom\cj
s\react-dom.development.js:15486:18)
    at updateForwardRef (C:\Users\robst\dev\3d-model-muncher\node_modules\react-dom\c
js\react-dom.development.js:19245:20)
    at beginWork (C:\Users\robst\dev\3d-model-muncher\node_modules\react-dom\cjs\reac
t-dom.development.js:21675:16)
    at HTMLUnknownElement.callCallback (C:\Users\robst\dev\3d-model-muncher\node_modu
les\react-dom\cjs\react-dom.development.js:4164:14)
    at HTMLUnknownElement.callTheUserObjectsOperation (C:\Users\robst\dev\3d-model-mu
ncher\node_modules\jsdom\lib\jsdom\living\generated\EventListener.js:26:30)
    at innerInvokeEventListeners (C:\Users\robst\dev\3d-model-muncher\node_modules\js
dom\lib\jsdom\living\events\EventTarget-impl.js:350:25)
    at invokeEventListeners (C:\Users\robst\dev\3d-model-muncher\node_modules\jsdom\l
ib\jsdom\living\events\EventTarget-impl.js:286:3)
    at HTMLUnknownElementImpl._dispatch (C:\Users\robst\dev\3d-model-muncher\node_mod
ules\jsdom\lib\jsdom\living\events\EventTarget-impl.js:233:9)
Error: Uncaught [Error: `MenuItem` must be used within `MenuContent`]
    at reportException (C:\Users\robst\dev\3d-model-muncher\node_modules\jsdom\lib\js
dom\living\helpers\runtime-script-errors.js:66:24)
    at innerInvokeEventListeners (C:\Users\robst\dev\3d-model-muncher\node_modules\js
dom\lib\jsdom\living\events\EventTarget-impl.js:353:9)
    at invokeEventListeners (C:\Users\robst\dev\3d-model-muncher\node_modules\jsdom\l
ib\jsdom\living\events\EventTarget-impl.js:286:3)
    at HTMLUnknownElementImpl._dispatch (C:\Users\robst\dev\3d-model-muncher\node_mod
ules\jsdom\lib\jsdom\living\events\EventTarget-impl.js:233:9)
    at HTMLUnknownElementImpl.dispatchEvent (C:\Users\robst\dev\3d-model-muncher\node
_modules\jsdom\lib\jsdom\living\events\EventTarget-impl.js:104:17)
    at HTMLUnknownElement.dispatchEvent (C:\Users\robst\dev\3d-model-muncher\node_mod
ules\jsdom\lib\jsdom\living\generated\EventTarget.js:241:34)
    at Object.invokeGuardedCallbackDev (C:\Users\robst\dev\3d-model-muncher\node_modu
les\react-dom\cjs\react-dom.development.js:4213:16)
    at invokeGuardedCallback (C:\Users\robst\dev\3d-model-muncher\node_modules\react-
dom\cjs\react-dom.development.js:4277:31)
    at beginWork$1 (C:\Users\robst\dev\3d-model-muncher\node_modules\react-dom\cjs\re
act-dom.development.js:27490:7)
    at performUnitOfWork (C:\Users\robst\dev\3d-model-muncher\node_modules\react-dom\
cjs\react-dom.development.js:26599:12) Error: `MenuItem` must be used within 
`MenuContent`
    at useContext2 (file:///C:/Users/robst/dev/3d-model-muncher/node_modules/@radix-u
i/react-context/dist/index.mjs:38:13)
    at file:///C:/Users/robst/dev/3d-model-muncher/node_modules/@radix-ui/react-menu/
dist/index.mjs:371:28
    at renderWithHooks (C:\Users\robst\dev\3d-model-muncher\node_modules\react-dom\cj
s\react-dom.development.js:15486:18)
    at updateForwardRef (C:\Users\robst\dev\3d-model-muncher\node_modules\react-dom\c
js\react-dom.development.js:19245:20)
    at beginWork (C:\Users\robst\dev\3d-model-muncher\node_modules\react-dom\cjs\reac
t-dom.development.js:21675:16)
    at HTMLUnknownElement.callCallback (C:\Users\robst\dev\3d-model-muncher\node_modu
les\react-dom\cjs\react-dom.development.js:4164:14)
    at HTMLUnknownElement.callTheUserObjectsOperation (C:\Users\robst\dev\3d-model-mu
ncher\node_modules\jsdom\lib\jsdom\living\generated\EventListener.js:26:30)
    at innerInvokeEventListeners (C:\Users\robst\dev\3d-model-muncher\node_modules\js
dom\lib\jsdom\living\events\EventTarget-impl.js:350:25)
    at invokeEventListeners (C:\Users\robst\dev\3d-model-muncher\node_modules\jsdom\l
ib\jsdom\living\events\EventTarget-impl.js:286:3)
    at HTMLUnknownElementImpl._dispatch (C:\Users\robst\dev\3d-model-muncher\node_mod
ules\jsdom\lib\jsdom\living\events\EventTarget-impl.js:233:9)
Error: Uncaught [Error: `MenuItem` must be used within `MenuContent`]
    at reportException (C:\Users\robst\dev\3d-model-muncher\node_modules\jsdom\lib\js
dom\living\helpers\runtime-script-errors.js:66:24)
    at innerInvokeEventListeners (C:\Users\robst\dev\3d-model-muncher\node_modules\js
dom\lib\jsdom\living\events\EventTarget-impl.js:353:9)
    at invokeEventListeners (C:\Users\robst\dev\3d-model-muncher\node_modules\jsdom\l
ib\jsdom\living\events\EventTarget-impl.js:286:3)
    at HTMLUnknownElementImpl._dispatch (C:\Users\robst\dev\3d-model-muncher\node_mod
ules\jsdom\lib\jsdom\living\events\EventTarget-impl.js:233:9)
    at HTMLUnknownElementImpl.dispatchEvent (C:\Users\robst\dev\3d-model-muncher\node
_modules\jsdom\lib\jsdom\living\events\EventTarget-impl.js:104:17)
    at HTMLUnknownElement.dispatchEvent (C:\Users\robst\dev\3d-model-muncher\node_mod
ules\jsdom\lib\jsdom\living\generated\EventTarget.js:241:34)
    at Object.invokeGuardedCallbackDev (C:\Users\robst\dev\3d-model-muncher\node_modu
les\react-dom\cjs\react-dom.development.js:4213:16)
    at invokeGuardedCallback (C:\Users\robst\dev\3d-model-muncher\node_modules\react-
dom\cjs\react-dom.development.js:4277:31)
    at beginWork$1 (C:\Users\robst\dev\3d-model-muncher\node_modules\react-dom\cjs\re
act-dom.development.js:27490:7)
    at performUnitOfWork (C:\Users\robst\dev\3d-model-muncher\node_modules\react-dom\
cjs\react-dom.development.js:26599:12) Error: `MenuItem` must be used within 
`MenuContent`
    at useContext2 (file:///C:/Users/robst/dev/3d-model-muncher/node_modules/@radix-u
i/react-context/dist/index.mjs:38:13)
    at file:///C:/Users/robst/dev/3d-model-muncher/node_modules/@radix-ui/react-menu/
dist/index.mjs:371:28
    at renderWithHooks (C:\Users\robst\dev\3d-model-muncher\node_modules\react-dom\cj
s\react-dom.development.js:15486:18)
    at updateForwardRef (C:\Users\robst\dev\3d-model-muncher\node_modules\react-dom\c
js\react-dom.development.js:19245:20)
    at beginWork (C:\Users\robst\dev\3d-model-muncher\node_modules\react-dom\cjs\reac
t-dom.development.js:21675:16)
    at HTMLUnknownElement.callCallback (C:\Users\robst\dev\3d-model-muncher\node_modu
les\react-dom\cjs\react-dom.development.js:4164:14)
    at HTMLUnknownElement.callTheUserObjectsOperation (C:\Users\robst\dev\3d-model-mu
ncher\node_modules\jsdom\lib\jsdom\living\generated\EventListener.js:26:30)
    at innerInvokeEventListeners (C:\Users\robst\dev\3d-model-muncher\node_modules\js
dom\lib\jsdom\living\events\EventTarget-impl.js:350:25)
    at invokeEventListeners (C:\Users\robst\dev\3d-model-muncher\node_modules\jsdom\l
ib\jsdom\living\events\EventTarget-impl.js:286:3)
    at HTMLUnknownElementImpl._dispatch (C:\Users\robst\dev\3d-model-muncher\node_mod
ules\jsdom\lib\jsdom\living\events\EventTarget-impl.js:233:9)
Error: Uncaught [Error: `MenuItem` must be used within `MenuContent`]
    at reportException (C:\Users\robst\dev\3d-model-muncher\node_modules\jsdom\lib\js
dom\living\helpers\runtime-script-errors.js:66:24)
    at innerInvokeEventListeners (C:\Users\robst\dev\3d-model-muncher\node_modules\js
dom\lib\jsdom\living\events\EventTarget-impl.js:353:9)
    at invokeEventListeners (C:\Users\robst\dev\3d-model-muncher\node_modules\jsdom\l
ib\jsdom\living\events\EventTarget-impl.js:286:3)
    at HTMLUnknownElementImpl._dispatch (C:\Users\robst\dev\3d-model-muncher\node_mod
ules\jsdom\lib\jsdom\living\events\EventTarget-impl.js:233:9)
    at HTMLUnknownElementImpl.dispatchEvent (C:\Users\robst\dev\3d-model-muncher\node
_modules\jsdom\lib\jsdom\living\events\EventTarget-impl.js:104:17)
    at HTMLUnknownElement.dispatchEvent (C:\Users\robst\dev\3d-model-muncher\node_mod
ules\jsdom\lib\jsdom\living\generated\EventTarget.js:241:34)
    at Object.invokeGuardedCallbackDev (C:\Users\robst\dev\3d-model-muncher\node_modu
les\react-dom\cjs\react-dom.development.js:4213:16)
    at invokeGuardedCallback (C:\Users\robst\dev\3d-model-muncher\node_modules\react-
dom\cjs\react-dom.development.js:4277:31)
    at beginWork$1 (C:\Users\robst\dev\3d-model-muncher\node_modules\react-dom\cjs\re
act-dom.development.js:27490:7)
    at performUnitOfWork (C:\Users\robst\dev\3d-model-muncher\node_modules\react-dom\
cjs\react-dom.development.js:26599:12) Error: `MenuItem` must be used within 
`MenuContent`
    at useContext2 (file:///C:/Users/robst/dev/3d-model-muncher/node_modules/@radix-u
i/react-context/dist/index.mjs:38:13)
    at file:///C:/Users/robst/dev/3d-model-muncher/node_modules/@radix-ui/react-menu/
dist/index.mjs:371:28
    at renderWithHooks (C:\Users\robst\dev\3d-model-muncher\node_modules\react-dom\cj
s\react-dom.development.js:15486:18)
    at updateForwardRef (C:\Users\robst\dev\3d-model-muncher\node_modules\react-dom\c
js\react-dom.development.js:19245:20)
    at beginWork (C:\Users\robst\dev\3d-model-muncher\node_modules\react-dom\cjs\reac
t-dom.development.js:21675:16)
    at HTMLUnknownElement.callCallback (C:\Users\robst\dev\3d-model-muncher\node_modu
les\react-dom\cjs\react-dom.development.js:4164:14)
    at HTMLUnknownElement.callTheUserObjectsOperation (C:\Users\robst\dev\3d-model-mu
ncher\node_modules\jsdom\lib\jsdom\living\generated\EventListener.js:26:30)
    at innerInvokeEventListeners (C:\Users\robst\dev\3d-model-muncher\node_modules\js
dom\lib\jsdom\living\events\EventTarget-impl.js:350:25)
    at invokeEventListeners (C:\Users\robst\dev\3d-model-muncher\node_modules\jsdom\l
ib\jsdom\living\events\EventTarget-impl.js:286:3)
    at HTMLUnknownElementImpl._dispatch (C:\Users\robst\dev\3d-model-muncher\node_mod
ules\jsdom\lib\jsdom\living\events\EventTarget-impl.js:233:9)
 [32mΓ£ô[39m tests/components/IntegrityTab.test.tsx[2m > [22mIntegrityTab[2m > [22mrenders the integrity tab[32m 64[2mms[22m[39m
 [32mΓ£ô[39m tests/components/IntegrityTab.test.tsx[2m > [22mIntegrityTab[2m > [22mdisplays file type checkboxes[32m 15[2mms[22m[39m
[90mstdout[2m | tests/components/CollectionCard.test.tsx[2m > [22m[2mCollectionCard[2m > [22m[2mbutton reads "View 2 models"
[22m[39m[ConfigManager] loadConfig() called, isNode= [33mfalse[39m
[ConfigManager] localStorage raw value for 3d-model-muncher-config (missing)
[ConfigManager] No stored config found in localStorage
[ConfigManager] loadConfig() called, isNode= [33mfalse[39m
[ConfigManager] localStorage raw value for 3d-model-muncher-config (missing)
[ConfigManager] No stored config found in localStorage

[90mstderr[2m | tests/components/CollectionCard.test.tsx[2m > 
[22m[2mCollectionCard[2m > [22m[2mbutton reads "View 2 models"
[22m[39mThe above error occurred in the <MenuItem> component:

    at file:///C:/Users/robst/dev/3d-model-muncher/node_modules/@radix-ui/react-menu/
dist/index.mjs:368:13
    at file:///C:/Users/robst/dev/3d-model-muncher/node_modules/@radix-ui/react-dropd
own-menu/dist/index.mjs:161:13
    at DropdownMenuItem 
(C:/Users/robst/dev/3d-model-muncher/src/components/ui/dropdown-menu.tsx:94:29)
    at div
    at DropdownMenuContent 
(C:/Users/robst/dev/3d-model-muncher/src/components/ui/dropdown-menu.tsx:52:32)
    at Provider (file:///C:/Users/robst/dev/3d-model-muncher/node_modules/@radix-ui/r
eact-context/dist/index.mjs:27:15)
    at Provider (file:///C:/Users/robst/dev/3d-model-muncher/node_modules/@radix-ui/r
eact-context/dist/index.mjs:27:15)
    at Provider (file:///C:/Users/robst/dev/3d-model-muncher/node_modules/@radix-ui/r
eact-context/dist/index.mjs:27:15)
    at Popper (file:///C:/Users/robst/dev/3d-model-muncher/node_modules/@radix-ui/rea
ct-popper/dist/index.mjs:30:11)
    at Menu (file:///C:/Users/robst/dev/3d-model-muncher/node_modules/@radix-ui/react
-menu/dist/index.mjs:50:11)
    at Provider (file:///C:/Users/robst/dev/3d-model-muncher/node_modules/@radix-ui/r
eact-context/dist/index.mjs:27:15)
    at DropdownMenu (file:///C:/Users/robst/dev/3d-model-muncher/node_modules/@radix-
ui/react-dropdown-menu/dist/index.mjs:23:5)
    at DropdownMenu 
(C:/Users/robst/dev/3d-model-muncher/src/components/ui/dropdown-menu.tsx:22:28)
    at div
    at div
    at div
    at CardHeader 
(C:/Users/robst/dev/3d-model-muncher/src/components/ui/card.tsx:22:23)
    at div
    at Card (C:/Users/robst/dev/3d-model-muncher/src/components/ui/card.tsx:11:17)
    at CollectionCard 
(C:/Users/robst/dev/3d-model-muncher/src/components/CollectionCard.tsx:13:27)

Consider adding an error boundary to your tree to customize error handling behavior.
Visit https://reactjs.org/link/error-boundaries to learn more about error boundaries.
The above error occurred in the <MenuItem> component:

    at file:///C:/Users/robst/dev/3d-model-muncher/node_modules/@radix-ui/react-menu/
dist/index.mjs:368:13
    at file:///C:/Users/robst/dev/3d-model-muncher/node_modules/@radix-ui/react-dropd
own-menu/dist/index.mjs:161:13
    at DropdownMenuItem 
(C:/Users/robst/dev/3d-model-muncher/src/components/ui/dropdown-menu.tsx:94:29)
    at div
    at DropdownMenuContent 
(C:/Users/robst/dev/3d-model-muncher/src/components/ui/dropdown-menu.tsx:52:32)
    at Provider (file:///C:/Users/robst/dev/3d-model-muncher/node_modules/@radix-ui/r
eact-context/dist/index.mjs:27:15)
    at Provider (file:///C:/Users/robst/dev/3d-model-muncher/node_modules/@radix-ui/r
eact-context/dist/index.mjs:27:15)
    at Provider (file:///C:/Users/robst/dev/3d-model-muncher/node_modules/@radix-ui/r
eact-context/dist/index.mjs:27:15)
    at Popper (file:///C:/Users/robst/dev/3d-model-muncher/node_modules/@radix-ui/rea
ct-popper/dist/index.mjs:30:11)
    at Menu (file:///C:/Users/robst/dev/3d-model-muncher/node_modules/@radix-ui/react
-menu/dist/index.mjs:50:11)
    at Provider (file:///C:/Users/robst/dev/3d-model-muncher/node_modules/@radix-ui/r
eact-context/dist/index.mjs:27:15)
    at DropdownMenu (file:///C:/Users/robst/dev/3d-model-muncher/node_modules/@radix-
ui/react-dropdown-menu/dist/index.mjs:23:5)
    at DropdownMenu 
(C:/Users/robst/dev/3d-model-muncher/src/components/ui/dropdown-menu.tsx:22:28)
    at div
 [31m├ù[39m tests/components/CollectionCard.test.tsx[2m > [22mCollectionCard[2m > [22mshows cover image when images exist[32m 69[2mms[22m[39m
[31m   ΓåÆ `MenuItem` must be used within `MenuContent`[39m
    at div
    at div
    at CardHeader 
(C:/Users/robst/dev/3d-model-muncher/src/components/ui/card.tsx:22:23)
    at div
    at Card (C:/Users/robst/dev/3d-model-muncher/src/components/ui/card.tsx:11:17)
    at CollectionCard 
(C:/Users/robst/dev/3d-model-muncher/src/components/CollectionCard.tsx:13:27)

Consider adding an error boundary to your tree to customize error handling behavior.
Visit https://reactjs.org/link/error-boundaries to learn more about error boundaries.

 [31m├ù[39m tests/components/CollectionCard.test.tsx[2m > [22mCollectionCard[2m > [22mbutton reads "View 2 models"[32m 37[2mms[22m[39m
[31m   ΓåÆ `MenuItem` must be used within `MenuContent`[39m
 [32mΓ£ô[39m tests/components/GeneralTab.test.tsx[2m > [22mGeneralTab[2m > [22mrenders the general tab[32m 166[2mms[22m[39m
 [32mΓ£ô[39m tests/components/GeneralTab.test.tsx[2m > [22mGeneralTab[2m > [22mdisplays items per page input[32m 44[2mms[22m[39m
 [32mΓ£ô[39m tests/components/IntegrityTab.test.tsx[2m > [22mIntegrityTab[2m > [22mdisplays run hash check button[32m 32[2mms[22m[39m
 [32mΓ£ô[39m tests/components/IntegrityTab.test.tsx[2m > [22mIntegrityTab[2m > [22mdisplays generate json button[32m 11[2mms[22m[39m
 [32mΓ£ô[39m tests/components/CategoriesTab.test.tsx[2m > [22mCategoriesTab[2m > [22mrenders the categories tab[32m 45[2mms[22m[39m
 [32mΓ£ô[39m tests/components/CategoriesTab.test.tsx[2m > [22mCategoriesTab[2m > [22mdisplays all categories[32m 15[2mms[22m[39m
 [32mΓ£ô[39m tests/components/CategoriesTab.test.tsx[2m > [22mCategoriesTab[2m > [22mshows model count for each category[32m 35[2mms[22m[39m
 [31m├ù[39m tests/components/GeneralTab.test.tsx[2m > [22mGeneralTab[2m > [22mcalls onConfigFieldChange when items per page changes[32m 157[2mms[22m[39m
[31m   ΓåÆ expected "vi.fn()" to be called with arguments: [ 'settings.itemsPerPage', 24 ][90m

Received: 

[1m  1st vi.fn() call:

[22m[2m  [[22m
[2m    "settings.itemsPerPage",[22m
[32m-   24,[90m
[31m+   12,[90m
[2m  ][22m

[1m  2nd vi.fn() call:

[22m[2m  [[22m
[2m    "settings.itemsPerPage",[22m
[32m-   24,[90m
[31m+   122,[90m
[2m  ][22m

[1m  3rd vi.fn() call:

[22m[2m  [[22m
[2m    "settings.itemsPerPage",[22m
[32m-   24,[90m
[31m+   124,[90m
[2m  ][22m
[31m[90m

Number of calls: [1m3[22m
[31m[39m
[90mstderr[2m | tests/components/CollectionEditDrawer.test.tsx[2m > 
[22m[2mCollectionEditDrawer[2m > [22m[2mdefaults to "Uncategorized" category on 
save when not selected (create mode)
[22m[39mWarning: An update to CollectionEditDrawer inside a test was not wrapped 
in act(...).

When testing, code that causes React state updates should be wrapped into act(...):

act(() => {
  /* fire events that update state */
});
/* assert on the output */

This ensures that you're testing the behavior the user would see in the browser. 
Learn more at https://reactjs.org/link/wrap-tests-with-act
    at CollectionEditDrawer 
(C:/Users/robst/dev/3d-model-muncher/src/components/CollectionEditDrawer.tsx:12:33)

 [32mΓ£ô[39m tests/components/IntegrityTab.test.tsx[2m > [22mIntegrityTab[2m > [22mcalls onRunHashCheck when button clicked[32m 95[2mms[22m[39m
 [32mΓ£ô[39m tests/components/IntegrityTab.test.tsx[2m > [22mIntegrityTab[2m > [22mcalls onGenerateModelJson when button clicked[32m 57[2mms[22m[39m
[90mstderr[2m | tests/components/CategoriesTab.test.tsx[2m > 
[22m[2mCategoriesTab[2m > [22m[2mopens add category dialog when add button 
clicked
[22m[39mWarning: An update to CategoriesTab inside a test was not wrapped in 
act(...).

When testing, code that causes React state updates should be wrapped into act(...):

act(() => {
  /* fire events that update state */
});
/* assert on the output */

This ensures that you're testing the behavior the user would see in the browser. 
Learn more at https://reactjs.org/link/wrap-tests-with-act
    at CategoriesTab 
(C:/Users/robst/dev/3d-model-muncher/src/components/settings/CategoriesTab.tsx:12:26)

[90mstderr[2m | tests/components/GeneralTab.test.tsx[2m > [22m[2mGeneralTab[2m 
> [22m[2mallows editing model directory
[22m[39mWarning: An update to GeneralTab inside a test was not wrapped in act(...).

When testing, code that causes React state updates should be wrapped into act(...):

act(() => {
  /* fire events that update state */
});
/* assert on the output */

This ensures that you're testing the behavior the user would see in the browser. 
Learn more at https://reactjs.org/link/wrap-tests-with-act
    at GeneralTab 
(C:/Users/robst/dev/3d-model-muncher/src/components/settings/GeneralTab.tsx:12:23)
Warning: An update to GeneralTab inside a test was not wrapped in act(...).

When testing, code that causes React state updates should be wrapped into act(...):

act(() => {
  /* fire events that update state */
});
/* assert on the output */

This ensures that you're testing the behavior the user would see in the browser. 
Learn more at https://reactjs.org/link/wrap-tests-with-act
    at GeneralTab 
(C:/Users/robst/dev/3d-model-muncher/src/components/settings/GeneralTab.tsx:12:23)

[90mstderr[2m | tests/components/GeneralTab.test.tsx[2m > [22m[2mGeneralTab[2m 
> [22m[2mallows editing model directory
[22m[39mWarning: An update to GeneralTab inside a test was not wrapped in act(...).

When testing, code that causes React state updates should be wrapped into act(...):

act(() => {
  /* fire events that update state */
});
/* assert on the output */

This ensures that you're testing the behavior the user would see in the browser. 
Learn more at https://reactjs.org/link/wrap-tests-with-act
    at GeneralTab 
(C:/Users/robst/dev/3d-model-muncher/src/components/settings/GeneralTab.tsx:12:23)

 [32mΓ£ô[39m tests/components/GeneralTab.test.tsx[2m > [22mGeneralTab[2m > [22mdisplays default view select[32m 12[2mms[22m[39m
 [32mΓ£ô[39m tests/components/GeneralTab.test.tsx[2m > [22mGeneralTab[2m > [22mdisplays auto-save switch[32m 19[2mms[22m[39m
 [32mΓ£ô[39m tests/components/GeneralTab.test.tsx[2m > [22mGeneralTab[2m > [22mshows model directory edit button[32m 21[2mms[22m[39m
 [32mΓ£ô[39m tests/components/TagsTab.test.tsx[2m > [22mTagsTab[2m > [22mrenders the tags tab[32m 134[2mms[22m[39m
 [32mΓ£ô[39m tests/components/TagsTab.test.tsx[2m > [22mTagsTab[2m > [22mdisplays tag statistics[32m 48[2mms[22m[39m
 [32mΓ£ô[39m tests/components/TagsTab.test.tsx[2m > [22mTagsTab[2m > [22mdisplays tag search input[32m 36[2mms[22m[39m
 [32mΓ£ô[39m tests/components/CollectionEditDrawer.test.tsx[2m > [22mCollectionEditDrawer[2m > [22mdefaults to "Uncategorized" category on save when not selected (create mode)[33m 431[2mms[22m[39m
 [32mΓ£ô[39m tests/components/CategoriesTab.test.tsx[2m > [22mCategoriesTab[2m > [22mshows save button[32m 22[2mms[22m[39m
 [32mΓ£ô[39m tests/components/CategoriesTab.test.tsx[2m > [22mCategoriesTab[2m > [22mshows add category button[32m 18[2mms[22m[39m
 [31m├ù[39m tests/components/IntegrityTab.test.tsx[2m > [22mIntegrityTab[2m > [22mcalls onFileTypeChange when checkbox toggled[32m 73[2mms[22m[39m
[31m   ΓåÆ expected "vi.fn()" to be called with arguments: [ '3mf', false ][90m

Number of calls: [1m0[22m
[31m[39m
 [32mΓ£ô[39m tests/components/IntegrityTab.test.tsx[2m > [22mIntegrityTab[2m > [22mdisables buttons when no file types selected[32m 12[2mms[22m[39m
 [32mΓ£ô[39m tests/components/IntegrityTab.test.tsx[2m > [22mIntegrityTab[2m > [22mshows progress when hash checking[32m 17[2mms[22m[39m
 [32mΓ£ô[39m tests/components/IntegrityTab.test.tsx[2m > [22mIntegrityTab[2m > [22mdisplays hash check results[32m 15[2mms[22m[39m
 [32mΓ£ô[39m tests/components/IntegrityTab.test.tsx[2m > [22mIntegrityTab[2m > [22mdisplays corrupted files list[32m 26[2mms[22m[39m
[90mstderr[2m | tests/components/GeneralTab.test.tsx[2m > [22m[2mGeneralTab[2m 
> [22m[2mallows editing model directory
[22m[39mWarning: An update to GeneralTab inside a test was not wrapped in act(...).

When testing, code that causes React state updates should be wrapped into act(...):

act(() => {
  /* fire events that update state */
});
/* assert on the output */

This ensures that you're testing the behavior the user would see in the browser. 
Learn more at https://reactjs.org/link/wrap-tests-with-act
    at GeneralTab 
(C:/Users/robst/dev/3d-model-muncher/src/components/settings/GeneralTab.tsx:12:23)

[90mstderr[2m | tests/components/GeneralTab.test.tsx[2m > [22m[2mGeneralTab[2m 
> [22m[2mallows editing model directory
[22m[39mWarning: An update to GeneralTab inside a test was not wrapped in act(...).

When testing, code that causes React state updates should be wrapped into act(...):

act(() => {
  /* fire events that update state */
});
/* assert on the output */

This ensures that you're testing the behavior the user would see in the browser. 
Learn more at https://reactjs.org/link/wrap-tests-with-act
    at GeneralTab 
(C:/Users/robst/dev/3d-model-muncher/src/components/settings/GeneralTab.tsx:12:23)

[90mstderr[2m | tests/components/CategoriesTab.test.tsx[2m > 
[22m[2mCategoriesTab[2m > [22m[2mallows adding a new category
[22m[39mWarning: An update to CategoriesTab inside a test was not wrapped in 
act(...).

When testing, code that causes React state updates should be wrapped into act(...):

act(() => {
  /* fire events that update state */
});
/* assert on the output */

This ensures that you're testing the behavior the user would see in the browser. 
Learn more at https://reactjs.org/link/wrap-tests-with-act
    at CategoriesTab 
(C:/Users/robst/dev/3d-model-muncher/src/components/settings/CategoriesTab.tsx:12:26)

[90mstderr[2m | tests/components/GeneralTab.test.tsx[2m > [22m[2mGeneralTab[2m 
> [22m[2mallows editing model directory
[22m[39mWarning: An update to GeneralTab inside a test was not wrapped in act(...).

When testing, code that causes React state updates should be wrapped into act(...):

act(() => {
  /* fire events that update state */
});
/* assert on the output */

This ensures that you're testing the behavior the user would see in the browser. 
Learn more at https://reactjs.org/link/wrap-tests-with-act
    at GeneralTab 
(C:/Users/robst/dev/3d-model-muncher/src/components/settings/GeneralTab.tsx:12:23)

[90mstderr[2m | tests/components/GeneralTab.test.tsx[2m > [22m[2mGeneralTab[2m 
> [22m[2mallows editing model directory
[22m[39mWarning: An update to GeneralTab inside a test was not wrapped in act(...).

When testing, code that causes React state updates should be wrapped into act(...):

act(() => {
  /* fire events that update state */
});
/* assert on the output */

This ensures that you're testing the behavior the user would see in the browser. 
Learn more at https://reactjs.org/link/wrap-tests-with-act
    at GeneralTab 
(C:/Users/robst/dev/3d-model-muncher/src/components/settings/GeneralTab.tsx:12:23)

 [32mΓ£ô[39m tests/components/IntegrityTab.test.tsx[2m > [22mIntegrityTab[2m > [22mshows regenerate button for corrupted files with hash mismatch[32m 33[2mms[22m[39m
 [32mΓ£ô[39m tests/components/IntegrityTab.test.tsx[2m > [22mIntegrityTab[2m > [22mcalls onRegenerate when regenerate button clicked[32m 51[2mms[22m[39m
 [32mΓ£ô[39m tests/components/IntegrityTab.test.tsx[2m > [22mIntegrityTab[2m > [22mdisplays generate results[32m 11[2mms[22m[39m
[90mstderr[2m | tests/components/GeneralTab.test.tsx[2m > [22m[2mGeneralTab[2m 
> [22m[2mallows editing model directory
[22m[39mWarning: An update to GeneralTab inside a test was not wrapped in act(...).

When testing, code that causes React state updates should be wrapped into act(...):

act(() => {
  /* fire events that update state */
});
/* assert on the output */

This ensures that you're testing the behavior the user would see in the browser. 
Learn more at https://reactjs.org/link/wrap-tests-with-act
    at GeneralTab 
(C:/Users/robst/dev/3d-model-muncher/src/components/settings/GeneralTab.tsx:12:23)

[90mstderr[2m | tests/components/TagsTab.test.tsx[2m > [22m[2mTagsTab[2m > 
[22m[2mfilters tags based on search
[22m[39mWarning: An update to TagsTab inside a test was not wrapped in act(...).

When testing, code that causes React state updates should be wrapped into act(...):

act(() => {
  /* fire events that update state */
});
/* assert on the output */

This ensures that you're testing the behavior the user would see in the browser. 
Learn more at https://reactjs.org/link/wrap-tests-with-act
    at TagsTab 
(C:/Users/robst/dev/3d-model-muncher/src/components/settings/TagsTab.tsx:12:20)

 [32mΓ£ô[39m tests/components/TagsTab.test.tsx[2m > [22mTagsTab[2m > [22mdisplays all tags[32m 22[2mms[22m[39m
[90mstderr[2m | tests/components/TagsTab.test.tsx[2m > [22m[2mTagsTab[2m > 
[22m[2mfilters tags based on search
[22m[39mWarning: An update to TagsTab inside a test was not wrapped in act(...).

When testing, code that causes React state updates should be wrapped into act(...):

act(() => {
  /* fire events that update state */
});
/* assert on the output */

This ensures that you're testing the behavior the user would see in the browser. 
Learn more at https://reactjs.org/link/wrap-tests-with-act
    at TagsTab 
(C:/Users/robst/dev/3d-model-muncher/src/components/settings/TagsTab.tsx:12:20)

 [32mΓ£ô[39m tests/components/CategoriesTab.test.tsx[2m > [22mCategoriesTab[2m > [22mopens add category dialog when add button clicked[32m 176[2mms[22m[39m
[90mstderr[2m | tests/components/GeneralTab.test.tsx[2m > [22m[2mGeneralTab[2m 
> [22m[2mallows editing model directory
[22m[39mWarning: An update to GeneralTab inside a test was not wrapped in act(...).

When testing, code that causes React state updates should be wrapped into act(...):

act(() => {
  /* fire events that update state */
});
/* assert on the output */

This ensures that you're testing the behavior the user would see in the browser. 
Learn more at https://reactjs.org/link/wrap-tests-with-act
    at GeneralTab 
(C:/Users/robst/dev/3d-model-muncher/src/components/settings/GeneralTab.tsx:12:23)

[90mstderr[2m | tests/components/TagsTab.test.tsx[2m > [22m[2mTagsTab[2m > 
[22m[2mfilters tags based on search
[22m[39mWarning: An update to TagsTab inside a test was not wrapped in act(...).

When testing, code that causes React state updates should be wrapped into act(...):

act(() => {
  /* fire events that update state */
});
/* assert on the output */

This ensures that you're testing the behavior the user would see in the browser. 
Learn more at https://reactjs.org/link/wrap-tests-with-act
    at TagsTab 
(C:/Users/robst/dev/3d-model-muncher/src/components/settings/TagsTab.tsx:12:20)

 [32mΓ£ô[39m tests/components/CollectionEditDrawer.test.tsx[2m > [22mCollectionEditDrawer[2m > [22mclicking overlay does not close the drawer or leak events[32m 89[2mms[22m[39m
 [32mΓ£ô[39m tests/components/CollectionEditDrawer.test.tsx[2m > [22mCollectionEditDrawer[2m > [22mAdd tag updates list and keeps drawer open[32m 65[2mms[22m[39m
[90mstderr[2m | tests/components/CategoriesTab.test.tsx[2m > 
[22m[2mCategoriesTab[2m > [22m[2mallows adding a new category
[22m[39mWarning: An update to CategoriesTab inside a test was not wrapped in 
act(...).

When testing, code that causes React state updates should be wrapped into act(...):

act(() => {
  /* fire events that update state */
});
/* assert on the output */

This ensures that you're testing the behavior the user would see in the browser. 
Learn more at https://reactjs.org/link/wrap-tests-with-act
    at CategoriesTab 
(C:/Users/robst/dev/3d-model-muncher/src/components/settings/CategoriesTab.tsx:12:26)

[90mstderr[2m | tests/components/GeneralTab.test.tsx[2m > [22m[2mGeneralTab[2m 
> [22m[2mallows editing model directory
[22m[39mWarning: An update to GeneralTab inside a test was not wrapped in act(...).

When testing, code that causes React state updates should be wrapped into act(...):

act(() => {
  /* fire events that update state */
});
/* assert on the output */

This ensures that you're testing the behavior the user would see in the browser. 
Learn more at https://reactjs.org/link/wrap-tests-with-act
    at GeneralTab 
(C:/Users/robst/dev/3d-model-muncher/src/components/settings/GeneralTab.tsx:12:23)

[90mstderr[2m | tests/components/CategoriesTab.test.tsx[2m > 
[22m[2mCategoriesTab[2m > [22m[2mallows adding a new category
[22m[39mWarning: An update to CategoriesTab inside a test was not wrapped in 
act(...).

When testing, code that causes React state updates should be wrapped into act(...):

act(() => {
  /* fire events that update state */
});
/* assert on the output */

This ensures that you're testing the behavior the user would see in the browser. 
Learn more at https://reactjs.org/link/wrap-tests-with-act
    at CategoriesTab 
(C:/Users/robst/dev/3d-model-muncher/src/components/settings/CategoriesTab.tsx:12:26)

[90mstderr[2m | tests/components/CategoriesTab.test.tsx[2m > 
[22m[2mCategoriesTab[2m > [22m[2mallows adding a new category
[22m[39mWarning: An update to CategoriesTab inside a test was not wrapped in 
act(...).

When testing, code that causes React state updates should be wrapped into act(...):

act(() => {
  /* fire events that update state */
});
/* assert on the output */

This ensures that you're testing the behavior the user would see in the browser. 
Learn more at https://reactjs.org/link/wrap-tests-with-act
    at CategoriesTab 
(C:/Users/robst/dev/3d-model-muncher/src/components/settings/CategoriesTab.tsx:12:26)

[90mstderr[2m | tests/components/GeneralTab.test.tsx[2m > [22m[2mGeneralTab[2m 
> [22m[2mallows editing model directory
[22m[39mWarning: An update to GeneralTab inside a test was not wrapped in act(...).

When testing, code that causes React state updates should be wrapped into act(...):

act(() => {
  /* fire events that update state */
});
/* assert on the output */

This ensures that you're testing the behavior the user would see in the browser. 
Learn more at https://reactjs.org/link/wrap-tests-with-act
    at GeneralTab 
(C:/Users/robst/dev/3d-model-muncher/src/components/settings/GeneralTab.tsx:12:23)

 [32mΓ£ô[39m tests/components/CollectionEditDrawer.test.tsx[2m > [22mCollectionEditDrawer[2m > [22mshows removal banner and removes intersecting models from the collection[32m 104[2mms[22m[39m
[90mstderr[2m | tests/components/CategoriesTab.test.tsx[2m > 
[22m[2mCategoriesTab[2m > [22m[2mallows adding a new category
[22m[39mWarning: An update to CategoriesTab inside a test was not wrapped in 
act(...).

When testing, code that causes React state updates should be wrapped into act(...):

act(() => {
  /* fire events that update state */
});
/* assert on the output */

This ensures that you're testing the behavior the user would see in the browser. 
Learn more at https://reactjs.org/link/wrap-tests-with-act
    at CategoriesTab 
(C:/Users/robst/dev/3d-model-muncher/src/components/settings/CategoriesTab.tsx:12:26)

[90mstderr[2m | tests/components/GeneralTab.test.tsx[2m > [22m[2mGeneralTab[2m 
> [22m[2mallows editing model directory
[22m[39mWarning: An update to GeneralTab inside a test was not wrapped in act(...).

When testing, code that causes React state updates should be wrapped into act(...):

act(() => {
  /* fire events that update state */
});
/* assert on the output */

This ensures that you're testing the behavior the user would see in the browser. 
Learn more at https://reactjs.org/link/wrap-tests-with-act
    at GeneralTab 
(C:/Users/robst/dev/3d-model-muncher/src/components/settings/GeneralTab.tsx:12:23)

[90mstderr[2m | tests/components/CategoriesTab.test.tsx[2m > 
[22m[2mCategoriesTab[2m > [22m[2mallows adding a new category
[22m[39mWarning: An update to CategoriesTab inside a test was not wrapped in 
act(...).

When testing, code that causes React state updates should be wrapped into act(...):

act(() => {
  /* fire events that update state */
});
/* assert on the output */

This ensures that you're testing the behavior the user would see in the browser. 
Learn more at https://reactjs.org/link/wrap-tests-with-act
    at CategoriesTab 
(C:/Users/robst/dev/3d-model-muncher/src/components/settings/CategoriesTab.tsx:12:26)

[90mstderr[2m | tests/components/GeneralTab.test.tsx[2m > [22m[2mGeneralTab[2m 
> [22m[2mallows editing model directory
[22m[39mWarning: An update to GeneralTab inside a test was not wrapped in act(...).

When testing, code that causes React state updates should be wrapped into act(...):

act(() => {
  /* fire events that update state */
});
/* assert on the output */

This ensures that you're testing the behavior the user would see in the browser. 
Learn more at https://reactjs.org/link/wrap-tests-with-act
    at GeneralTab 
(C:/Users/robst/dev/3d-model-muncher/src/components/settings/GeneralTab.tsx:12:23)

[90mstderr[2m | tests/components/CategoriesTab.test.tsx[2m > 
[22m[2mCategoriesTab[2m > [22m[2mallows adding a new category
[22m[39mWarning: An update to CategoriesTab inside a test was not wrapped in 
act(...).

When testing, code that causes React state updates should be wrapped into act(...):

act(() => {
  /* fire events that update state */
});
/* assert on the output */

This ensures that you're testing the behavior the user would see in the browser. 
Learn more at https://reactjs.org/link/wrap-tests-with-act
    at CategoriesTab 
(C:/Users/robst/dev/3d-model-muncher/src/components/settings/CategoriesTab.tsx:12:26)

[90mstderr[2m | tests/components/GeneralTab.test.tsx[2m > [22m[2mGeneralTab[2m 
> [22m[2mallows editing model directory
[22m[39mWarning: An update to GeneralTab inside a test was not wrapped in act(...).

When testing, code that causes React state updates should be wrapped into act(...):

act(() => {
  /* fire events that update state */
});
/* assert on the output */

This ensures that you're testing the behavior the user would see in the browser. 
Learn more at https://reactjs.org/link/wrap-tests-with-act
    at GeneralTab 
(C:/Users/robst/dev/3d-model-muncher/src/components/settings/GeneralTab.tsx:12:23)
Warning: An update to GeneralTab inside a test was not wrapped in act(...).

When testing, code that causes React state updates should be wrapped into act(...):

act(() => {
  /* fire events that update state */
});
/* assert on the output */

This ensures that you're testing the behavior the user would see in the browser. 
Learn more at https://reactjs.org/link/wrap-tests-with-act
    at GeneralTab 
(C:/Users/robst/dev/3d-model-muncher/src/components/settings/GeneralTab.tsx:12:23)

[90mstderr[2m | tests/components/TagsTab.test.tsx[2m > [22m[2mTagsTab[2m > 
[22m[2mclears search when X button clicked
[22m[39mWarning: An update to TagsTab inside a test was not wrapped in act(...).

When testing, code that causes React state updates should be wrapped into act(...):

act(() => {
  /* fire events that update state */
});
/* assert on the output */

This ensures that you're testing the behavior the user would see in the browser. 
Learn more at https://reactjs.org/link/wrap-tests-with-act
    at TagsTab 
(C:/Users/robst/dev/3d-model-muncher/src/components/settings/TagsTab.tsx:12:20)

[90mstderr[2m | tests/components/CategoriesTab.test.tsx[2m > 
[22m[2mCategoriesTab[2m > [22m[2mallows adding a new category
[22m[39mWarning: An update to CategoriesTab inside a test was not wrapped in 
act(...).

When testing, code that causes React state updates should be wrapped into act(...):

act(() => {
  /* fire events that update state */
});
/* assert on the output */

This ensures that you're testing the behavior the user would see in the browser. 
Learn more at https://reactjs.org/link/wrap-tests-with-act
    at CategoriesTab 
(C:/Users/robst/dev/3d-model-muncher/src/components/settings/CategoriesTab.tsx:12:26)

[90mstderr[2m | tests/components/TagsTab.test.tsx[2m > [22m[2mTagsTab[2m > 
[22m[2mclears search when X button clicked
[22m[39mWarning: An update to TagsTab inside a test was not wrapped in act(...).

When testing, code that causes React state updates should be wrapped into act(...):

act(() => {
  /* fire events that update state */
});
/* assert on the output */

This ensures that you're testing the behavior the user would see in the browser. 
Learn more at https://reactjs.org/link/wrap-tests-with-act
    at TagsTab 
(C:/Users/robst/dev/3d-model-muncher/src/components/settings/TagsTab.tsx:12:20)

 [32mΓ£ô[39m tests/components/TagsTab.test.tsx[2m > [22mTagsTab[2m > [22mfilters tags based on search[32m 159[2mms[22m[39m
[90mstderr[2m | tests/components/CategoriesTab.test.tsx[2m > 
[22m[2mCategoriesTab[2m > [22m[2mallows adding a new category
[22m[39mWarning: An update to CategoriesTab inside a test was not wrapped in 
act(...).

When testing, code that causes React state updates should be wrapped into act(...):

act(() => {
  /* fire events that update state */
});
/* assert on the output */

This ensures that you're testing the behavior the user would see in the browser. 
Learn more at https://reactjs.org/link/wrap-tests-with-act
    at CategoriesTab 
(C:/Users/robst/dev/3d-model-muncher/src/components/settings/CategoriesTab.tsx:12:26)

[90mstderr[2m | tests/components/TagsTab.test.tsx[2m > [22m[2mTagsTab[2m > 
[22m[2mclears search when X button clicked
[22m[39mWarning: An update to TagsTab inside a test was not wrapped in act(...).

When testing, code that causes React state updates should be wrapped into act(...):

act(() => {
  /* fire events that update state */
});
/* assert on the output */

This ensures that you're testing the behavior the user would see in the browser. 
Learn more at https://reactjs.org/link/wrap-tests-with-act
    at TagsTab 
(C:/Users/robst/dev/3d-model-muncher/src/components/settings/TagsTab.tsx:12:20)

[90mstderr[2m | tests/components/TagsTab.test.tsx[2m > [22m[2mTagsTab[2m > 
[22m[2mclears search when X button clicked
[22m[39mWarning: An update to TagsTab inside a test was not wrapped in act(...).

When testing, code that causes React state updates should be wrapped into act(...):

act(() => {
  /* fire events that update state */
});
/* assert on the output */

This ensures that you're testing the behavior the user would see in the browser. 
Learn more at https://reactjs.org/link/wrap-tests-with-act
    at TagsTab 
(C:/Users/robst/dev/3d-model-muncher/src/components/settings/TagsTab.tsx:12:20)

[90mstderr[2m | tests/components/CategoriesTab.test.tsx[2m > 
[22m[2mCategoriesTab[2m > [22m[2mallows adding a new category
[22m[39mWarning: An update to CategoriesTab inside a test was not wrapped in 
act(...).

When testing, code that causes React state updates should be wrapped into act(...):

act(() => {
  /* fire events that update state */
});
/* assert on the output */

This ensures that you're testing the behavior the user would see in the browser. 
Learn more at https://reactjs.org/link/wrap-tests-with-act
    at CategoriesTab 
(C:/Users/robst/dev/3d-model-muncher/src/components/settings/CategoriesTab.tsx:12:26)

[90mstderr[2m | tests/components/CategoriesTab.test.tsx[2m > 
[22m[2mCategoriesTab[2m > [22m[2mallows adding a new category
[22m[39mWarning: An update to CategoriesTab inside a test was not wrapped in 
act(...).

When testing, code that causes React state updates should be wrapped into act(...):

act(() => {
  /* fire events that update state */
});
/* assert on the output */

This ensures that you're testing the behavior the user would see in the browser. 
Learn more at https://reactjs.org/link/wrap-tests-with-act
    at CategoriesTab 
(C:/Users/robst/dev/3d-model-muncher/src/components/settings/CategoriesTab.tsx:12:26)

[90mstderr[2m | tests/components/CategoriesTab.test.tsx[2m > 
[22m[2mCategoriesTab[2m > [22m[2mallows adding a new category
[22m[39mWarning: An update to CategoriesTab inside a test was not wrapped in 
act(...).

When testing, code that causes React state updates should be wrapped into act(...):

act(() => {
  /* fire events that update state */
});
/* assert on the output */

This ensures that you're testing the behavior the user would see in the browser. 
Learn more at https://reactjs.org/link/wrap-tests-with-act
    at CategoriesTab 
(C:/Users/robst/dev/3d-model-muncher/src/components/settings/CategoriesTab.tsx:12:26)

 [32mΓ£ô[39m tests/components/GeneralTab.test.tsx[2m > [22mGeneralTab[2m > [22mallows editing model directory[33m 354[2mms[22m[39m
 [32mΓ£ô[39m tests/components/GeneralTab.test.tsx[2m > [22mGeneralTab[2m > [22mshows load server config button[32m 21[2mms[22m[39m
 [32mΓ£ô[39m tests/components/GeneralTab.test.tsx[2m > [22mGeneralTab[2m > [22mcalls onLoadServerConfig when button clicked[32m 48[2mms[22m[39m
 [32mΓ£ô[39m tests/components/GeneralTab.test.tsx[2m > [22mGeneralTab[2m > [22mdisplays verbose scan logs switch[32m 21[2mms[22m[39m
[90mstderr[2m | tests/components/CategoriesTab.test.tsx[2m > 
[22m[2mCategoriesTab[2m > [22m[2mallows adding a new category
[22m[39mWarning: An update to CategoriesTab inside a test was not wrapped in 
act(...).

When testing, code that causes React state updates should be wrapped into act(...):

act(() => {
  /* fire events that update state */
});
/* assert on the output */

This ensures that you're testing the behavior the user would see in the browser. 
Learn more at https://reactjs.org/link/wrap-tests-with-act
    at CategoriesTab 
(C:/Users/robst/dev/3d-model-muncher/src/components/settings/CategoriesTab.tsx:12:26)

[90mstderr[2m | tests/components/CategoriesTab.test.tsx[2m > 
[22m[2mCategoriesTab[2m > [22m[2mallows adding a new category
[22m[39mWarning: An update to CategoriesTab inside a test was not wrapped in 
act(...).

When testing, code that causes React state updates should be wrapped into act(...):

act(() => {
  /* fire events that update state */
});
/* assert on the output */

This ensures that you're testing the behavior the user would see in the browser. 
Learn more at https://reactjs.org/link/wrap-tests-with-act
    at CategoriesTab 
(C:/Users/robst/dev/3d-model-muncher/src/components/settings/CategoriesTab.tsx:12:26)

[90mstderr[2m | tests/components/TagsTab.test.tsx[2m > [22m[2mTagsTab[2m > 
[22m[2mopens rename dialog when rename button clicked
[22m[39mWarning: An update to TagsTab inside a test was not wrapped in act(...).

When testing, code that causes React state updates should be wrapped into act(...):

act(() => {
  /* fire events that update state */
});
/* assert on the output */

This ensures that you're testing the behavior the user would see in the browser. 
Learn more at https://reactjs.org/link/wrap-tests-with-act
    at TagsTab 
(C:/Users/robst/dev/3d-model-muncher/src/components/settings/TagsTab.tsx:12:20)
Warning: An update to TagsTab inside a test was not wrapped in act(...).

When testing, code that causes React state updates should be wrapped into act(...):

act(() => {
  /* fire events that update state */
});
/* assert on the output */

This ensures that you're testing the behavior the user would see in the browser. 
Learn more at https://reactjs.org/link/wrap-tests-with-act
    at TagsTab 
(C:/Users/robst/dev/3d-model-muncher/src/components/settings/TagsTab.tsx:12:20)
Warning: An update to TagsTab inside a test was not wrapped in act(...).

When testing, code that causes React state updates should be wrapped into act(...):

act(() => {
  /* fire events that update state */
});
/* assert on the output */

This ensures that you're testing the behavior the user would see in the browser. 
Learn more at https://reactjs.org/link/wrap-tests-with-act
    at TagsTab 
(C:/Users/robst/dev/3d-model-muncher/src/components/settings/TagsTab.tsx:12:20)

 [32mΓ£ô[39m tests/components/TagsTab.test.tsx[2m > [22mTagsTab[2m > [22mclears search when X button clicked[32m 146[2mms[22m[39m
 [32mΓ£ô[39m tests/components/TagsTab.test.tsx[2m > [22mTagsTab[2m > [22mshows rename button for each tag[32m 11[2mms[22m[39m
 [32mΓ£ô[39m tests/components/TagsTab.test.tsx[2m > [22mTagsTab[2m > [22mshows delete button for each tag[32m 10[2mms[22m[39m
[90mstderr[2m | tests/components/CategoriesTab.test.tsx[2m > 
[22m[2mCategoriesTab[2m > [22m[2mallows adding a new category
[22m[39mWarning: An update to CategoriesTab inside a test was not wrapped in 
act(...).

When testing, code that causes React state updates should be wrapped into act(...):

act(() => {
  /* fire events that update state */
});
/* assert on the output */

This ensures that you're testing the behavior the user would see in the browser. 
Learn more at https://reactjs.org/link/wrap-tests-with-act
    at CategoriesTab 
(C:/Users/robst/dev/3d-model-muncher/src/components/settings/CategoriesTab.tsx:12:26)
Warning: An update to CategoriesTab inside a test was not wrapped in act(...).

When testing, code that causes React state updates should be wrapped into act(...):

act(() => {
  /* fire events that update state */
});
/* assert on the output */

This ensures that you're testing the behavior the user would see in the browser. 
Learn more at https://reactjs.org/link/wrap-tests-with-act
    at CategoriesTab 
(C:/Users/robst/dev/3d-model-muncher/src/components/settings/CategoriesTab.tsx:12:26)
Warning: An update to CategoriesTab inside a test was not wrapped in act(...).

When testing, code that causes React state updates should be wrapped into act(...):

act(() => {
  /* fire events that update state */
});
/* assert on the output */

This ensures that you're testing the behavior the user would see in the browser. 
Learn more at https://reactjs.org/link/wrap-tests-with-act
    at CategoriesTab 
(C:/Users/robst/dev/3d-model-muncher/src/components/settings/CategoriesTab.tsx:12:26)

[90mstderr[2m | tests/components/TagsTab.test.tsx[2m > [22m[2mTagsTab[2m > 
[22m[2mallows renaming a tag
[22m[39mWarning: An update to TagsTab inside a test was not wrapped in act(...).

When testing, code that causes React state updates should be wrapped into act(...):

act(() => {
  /* fire events that update state */
});
/* assert on the output */

This ensures that you're testing the behavior the user would see in the browser. 
Learn more at https://reactjs.org/link/wrap-tests-with-act
    at TagsTab 
(C:/Users/robst/dev/3d-model-muncher/src/components/settings/TagsTab.tsx:12:20)
Warning: An update to TagsTab inside a test was not wrapped in act(...).

When testing, code that causes React state updates should be wrapped into act(...):

act(() => {
  /* fire events that update state */
});
/* assert on the output */

This ensures that you're testing the behavior the user would see in the browser. 
Learn more at https://reactjs.org/link/wrap-tests-with-act
    at TagsTab 
(C:/Users/robst/dev/3d-model-muncher/src/components/settings/TagsTab.tsx:12:20)
Warning: An update to TagsTab inside a test was not wrapped in act(...).

When testing, code that causes React state updates should be wrapped into act(...):

act(() => {
  /* fire events that update state */
});
/* assert on the output */

This ensures that you're testing the behavior the user would see in the browser. 
Learn more at https://reactjs.org/link/wrap-tests-with-act
    at TagsTab 
(C:/Users/robst/dev/3d-model-muncher/src/components/settings/TagsTab.tsx:12:20)

[90mstderr[2m | tests/components/TagsTab.test.tsx[2m > [22m[2mTagsTab[2m > 
[22m[2mallows renaming a tag
[22m[39mWarning: An update to TagsTab inside a test was not wrapped in act(...).

When testing, code that causes React state updates should be wrapped into act(...):

act(() => {
  /* fire events that update state */
});
/* assert on the output */

This ensures that you're testing the behavior the user would see in the browser. 
Learn more at https://reactjs.org/link/wrap-tests-with-act
    at TagsTab 
(C:/Users/robst/dev/3d-model-muncher/src/components/settings/TagsTab.tsx:12:20)

[90mstderr[2m | tests/components/CategoriesTab.test.tsx[2m > 
[22m[2mCategoriesTab[2m > [22m[2mopens rename dialog when edit clicked
[22m[39mWarning: An update to CategoriesTab inside a test was not wrapped in 
act(...).

When testing, code that causes React state updates should be wrapped into act(...):

act(() => {
  /* fire events that update state */
});
/* assert on the output */

This ensures that you're testing the behavior the user would see in the browser. 
Learn more at https://reactjs.org/link/wrap-tests-with-act
    at CategoriesTab 
(C:/Users/robst/dev/3d-model-muncher/src/components/settings/CategoriesTab.tsx:12:26)
Warning: An update to CategoriesTab inside a test was not wrapped in act(...).

When testing, code that causes React state updates should be wrapped into act(...):

act(() => {
  /* fire events that update state */
});
/* assert on the output */

This ensures that you're testing the behavior the user would see in the browser. 
Learn more at https://reactjs.org/link/wrap-tests-with-act
    at CategoriesTab 
(C:/Users/robst/dev/3d-model-muncher/src/components/settings/CategoriesTab.tsx:12:26)
Warning: An update to CategoriesTab inside a test was not wrapped in act(...).

When testing, code that causes React state updates should be wrapped into act(...):

act(() => {
  /* fire events that update state */
});
/* assert on the output */

This ensures that you're testing the behavior the user would see in the browser. 
Learn more at https://reactjs.org/link/wrap-tests-with-act
    at CategoriesTab 
(C:/Users/robst/dev/3d-model-muncher/src/components/settings/CategoriesTab.tsx:12:26)
Warning: An update to CategoriesTab inside a test was not wrapped in act(...).

When testing, code that causes React state updates should be wrapped into act(...):

act(() => {
  /* fire events that update state */
});
/* assert on the output */

This ensures that you're testing the behavior the user would see in the browser. 
Learn more at https://reactjs.org/link/wrap-tests-with-act
    at CategoriesTab 
(C:/Users/robst/dev/3d-model-muncher/src/components/settings/CategoriesTab.tsx:12:26)

 [32mΓ£ô[39m tests/components/TagsTab.test.tsx[2m > [22mTagsTab[2m > [22mopens rename dialog when rename button clicked[32m 98[2mms[22m[39m
 [32mΓ£ô[39m tests/components/CategoriesTab.test.tsx[2m > [22mCategoriesTab[2m > [22mallows adding a new category[33m 391[2mms[22m[39m
 [32mΓ£ô[39m tests/components/CategoriesTab.test.tsx[2m > [22mCategoriesTab[2m > [22mshows edit button for non-uncategorized categories[32m 15[2mms[22m[39m
 [32mΓ£ô[39m tests/components/CategoriesTab.test.tsx[2m > [22mCategoriesTab[2m > [22mdoes not show edit button for uncategorized[32m 20[2mms[22m[39m
[90mstderr[2m | tests/components/TagsTab.test.tsx[2m > [22m[2mTagsTab[2m > 
[22m[2mallows renaming a tag
[22m[39mWarning: An update to TagsTab inside a test was not wrapped in act(...).

When testing, code that causes React state updates should be wrapped into act(...):

act(() => {
  /* fire events that update state */
});
/* assert on the output */

This ensures that you're testing the behavior the user would see in the browser. 
Learn more at https://reactjs.org/link/wrap-tests-with-act
    at TagsTab 
(C:/Users/robst/dev/3d-model-muncher/src/components/settings/TagsTab.tsx:12:20)

[90mstderr[2m | tests/components/TagsTab.test.tsx[2m > [22m[2mTagsTab[2m > 
[22m[2mallows renaming a tag
[22m[39mWarning: An update to TagsTab inside a test was not wrapped in act(...).

When testing, code that causes React state updates should be wrapped into act(...):

act(() => {
  /* fire events that update state */
});
/* assert on the output */

This ensures that you're testing the behavior the user would see in the browser. 
Learn more at https://reactjs.org/link/wrap-tests-with-act
    at TagsTab 
(C:/Users/robst/dev/3d-model-muncher/src/components/settings/TagsTab.tsx:12:20)

[90mstderr[2m | tests/components/TagsTab.test.tsx[2m > [22m[2mTagsTab[2m > 
[22m[2mallows renaming a tag
[22m[39mWarning: An update to TagsTab inside a test was not wrapped in act(...).

When testing, code that causes React state updates should be wrapped into act(...):

act(() => {
  /* fire events that update state */
});
/* assert on the output */

This ensures that you're testing the behavior the user would see in the browser. 
Learn more at https://reactjs.org/link/wrap-tests-with-act
    at TagsTab 
(C:/Users/robst/dev/3d-model-muncher/src/components/settings/TagsTab.tsx:12:20)

[90mstderr[2m | tests/components/CategoriesTab.test.tsx[2m > 
[22m[2mCategoriesTab[2m > [22m[2mallows renaming a category
[22m[39mWarning: An update to CategoriesTab inside a test was not wrapped in 
act(...).

When testing, code that causes React state updates should be wrapped into act(...):

act(() => {
  /* fire events that update state */
});
/* assert on the output */

This ensures that you're testing the behavior the user would see in the browser. 
Learn more at https://reactjs.org/link/wrap-tests-with-act
    at CategoriesTab 
(C:/Users/robst/dev/3d-model-muncher/src/components/settings/CategoriesTab.tsx:12:26)
Warning: An update to CategoriesTab inside a test was not wrapped in act(...).

When testing, code that causes React state updates should be wrapped into act(...):

act(() => {
  /* fire events that update state */
});
/* assert on the output */

This ensures that you're testing the behavior the user would see in the browser. 
Learn more at https://reactjs.org/link/wrap-tests-with-act
    at CategoriesTab 
(C:/Users/robst/dev/3d-model-muncher/src/components/settings/CategoriesTab.tsx:12:26)
Warning: An update to CategoriesTab inside a test was not wrapped in act(...).

When testing, code that causes React state updates should be wrapped into act(...):

act(() => {
  /* fire events that update state */
});
/* assert on the output */

This ensures that you're testing the behavior the user would see in the browser. 
Learn more at https://reactjs.org/link/wrap-tests-with-act
    at CategoriesTab 
(C:/Users/robst/dev/3d-model-muncher/src/components/settings/CategoriesTab.tsx:12:26)
Warning: An update to CategoriesTab inside a test was not wrapped in act(...).

When testing, code that causes React state updates should be wrapped into act(...):

act(() => {
  /* fire events that update state */
});
/* assert on the output */

This ensures that you're testing the behavior the user would see in the browser. 
Learn more at https://reactjs.org/link/wrap-tests-with-act
    at CategoriesTab 
(C:/Users/robst/dev/3d-model-muncher/src/components/settings/CategoriesTab.tsx:12:26)

[90mstderr[2m | tests/components/TagsTab.test.tsx[2m > [22m[2mTagsTab[2m > 
[22m[2mallows renaming a tag
[22m[39mWarning: An update to TagsTab inside a test was not wrapped in act(...).

When testing, code that causes React state updates should be wrapped into act(...):

act(() => {
  /* fire events that update state */
});
/* assert on the output */

This ensures that you're testing the behavior the user would see in the browser. 
Learn more at https://reactjs.org/link/wrap-tests-with-act
    at TagsTab 
(C:/Users/robst/dev/3d-model-muncher/src/components/settings/TagsTab.tsx:12:20)

[90mstderr[2m | tests/components/CategoriesTab.test.tsx[2m > 
[22m[2mCategoriesTab[2m > [22m[2mallows renaming a category
[22m[39mWarning: An update to CategoriesTab inside a test was not wrapped in 
act(...).

When testing, code that causes React state updates should be wrapped into act(...):

act(() => {
  /* fire events that update state */
});
/* assert on the output */

This ensures that you're testing the behavior the user would see in the browser. 
Learn more at https://reactjs.org/link/wrap-tests-with-act
    at CategoriesTab 
(C:/Users/robst/dev/3d-model-muncher/src/components/settings/CategoriesTab.tsx:12:26)

 [32mΓ£ô[39m tests/components/CategoriesTab.test.tsx[2m > [22mCategoriesTab[2m > [22mopens rename dialog when edit clicked[32m 77[2mms[22m[39m
[90mstderr[2m | tests/components/TagsTab.test.tsx[2m > [22m[2mTagsTab[2m > 
[22m[2mallows renaming a tag
[22m[39mWarning: An update to TagsTab inside a test was not wrapped in act(...).

When testing, code that causes React state updates should be wrapped into act(...):

act(() => {
  /* fire events that update state */
});
/* assert on the output */

This ensures that you're testing the behavior the user would see in the browser. 
Learn more at https://reactjs.org/link/wrap-tests-with-act
    at TagsTab 
(C:/Users/robst/dev/3d-model-muncher/src/components/settings/TagsTab.tsx:12:20)

[90mstderr[2m | tests/components/CategoriesTab.test.tsx[2m > 
[22m[2mCategoriesTab[2m > [22m[2mallows renaming a category
[22m[39mWarning: An update to CategoriesTab inside a test was not wrapped in 
act(...).

When testing, code that causes React state updates should be wrapped into act(...):

act(() => {
  /* fire events that update state */
});
/* assert on the output */

This ensures that you're testing the behavior the user would see in the browser. 
Learn more at https://reactjs.org/link/wrap-tests-with-act
    at CategoriesTab 
(C:/Users/robst/dev/3d-model-muncher/src/components/settings/CategoriesTab.tsx:12:26)

[90mstderr[2m | tests/components/CategoriesTab.test.tsx[2m > 
[22m[2mCategoriesTab[2m > [22m[2mallows renaming a category
[22m[39mWarning: An update to CategoriesTab inside a test was not wrapped in 
act(...).

When testing, code that causes React state updates should be wrapped into act(...):

act(() => {
  /* fire events that update state */
});
/* assert on the output */

This ensures that you're testing the behavior the user would see in the browser. 
Learn more at https://reactjs.org/link/wrap-tests-with-act
    at CategoriesTab 
(C:/Users/robst/dev/3d-model-muncher/src/components/settings/CategoriesTab.tsx:12:26)

[90mstderr[2m | tests/components/CategoriesTab.test.tsx[2m > 
[22m[2mCategoriesTab[2m > [22m[2mallows renaming a category
[22m[39mWarning: An update to CategoriesTab inside a test was not wrapped in 
act(...).

When testing, code that causes React state updates should be wrapped into act(...):

act(() => {
  /* fire events that update state */
});
/* assert on the output */

This ensures that you're testing the behavior the user would see in the browser. 
Learn more at https://reactjs.org/link/wrap-tests-with-act
    at CategoriesTab 
(C:/Users/robst/dev/3d-model-muncher/src/components/settings/CategoriesTab.tsx:12:26)

[90mstderr[2m | tests/components/CategoriesTab.test.tsx[2m > 
[22m[2mCategoriesTab[2m > [22m[2mallows renaming a category
[22m[39mWarning: An update to CategoriesTab inside a test was not wrapped in 
act(...).

When testing, code that causes React state updates should be wrapped into act(...):

act(() => {
  /* fire events that update state */
});
/* assert on the output */

This ensures that you're testing the behavior the user would see in the browser. 
Learn more at https://reactjs.org/link/wrap-tests-with-act
    at CategoriesTab 
(C:/Users/robst/dev/3d-model-muncher/src/components/settings/CategoriesTab.tsx:12:26)

[90mstderr[2m | tests/components/CategoriesTab.test.tsx[2m > 
[22m[2mCategoriesTab[2m > [22m[2mallows renaming a category
[22m[39mWarning: An update to CategoriesTab inside a test was not wrapped in 
act(...).

When testing, code that causes React state updates should be wrapped into act(...):

act(() => {
  /* fire events that update state */
});
/* assert on the output */

This ensures that you're testing the behavior the user would see in the browser. 
Learn more at https://reactjs.org/link/wrap-tests-with-act
    at CategoriesTab 
(C:/Users/robst/dev/3d-model-muncher/src/components/settings/CategoriesTab.tsx:12:26)

[90mstderr[2m | tests/components/CategoriesTab.test.tsx[2m > 
[22m[2mCategoriesTab[2m > [22m[2mallows renaming a category
[22m[39mWarning: An update to CategoriesTab inside a test was not wrapped in 
act(...).

When testing, code that causes React state updates should be wrapped into act(...):

act(() => {
  /* fire events that update state */
});
/* assert on the output */

This ensures that you're testing the behavior the user would see in the browser. 
Learn more at https://reactjs.org/link/wrap-tests-with-act
    at CategoriesTab 
(C:/Users/robst/dev/3d-model-muncher/src/components/settings/CategoriesTab.tsx:12:26)

 [32mΓ£ô[39m tests/components/TagsTab.test.tsx[2m > [22mTagsTab[2m > [22mallows renaming a tag[32m 256[2mms[22m[39m
 [32mΓ£ô[39m tests/components/TagsTab.test.tsx[2m > [22mTagsTab[2m > [22mcalls onDeleteTag when delete button clicked[32m 68[2mms[22m[39m
 [32mΓ£ô[39m tests/components/CategoriesTab.test.tsx[2m > [22mCategoriesTab[2m > [22mallows renaming a category[32m 227[2mms[22m[39m
 [32mΓ£ô[39m tests/components/CategoriesTab.test.tsx[2m > [22mCategoriesTab[2m > [22mcalls onSaveCategories when save button clicked[32m 52[2mms[22m[39m
 [32mΓ£ô[39m tests/components/TagsTab.test.tsx[2m > [22mTagsTab[2m > [22mcalls onViewTagModels when view button clicked[32m 76[2mms[22m[39m
 [32mΓ£ô[39m tests/components/TagsTab.test.tsx[2m > [22mTagsTab[2m > [22mdoes not show view button when onViewTagModels not provided[32m 23[2mms[22m[39m
[90mstderr[2m | tests/components/BackupTab.test.tsx[2m > [22m[2mBackupTab[2m > 
[22m[2mrenders the backup tab
[22m[39mWarning: validateDOMNesting(...): <div> cannot appear as a child of 
<select>.
    at div
    at Trigger (C:/Users/robst/dev/3d-model-muncher/vitest.setup.ts:23:67)
    at SelectTrigger 
(C:/Users/robst/dev/3d-model-muncher/src/components/ui/select.tsx:47:26)
    at select
    at Root (C:/Users/robst/dev/3d-model-muncher/vitest.setup.ts:13:18)
    at Select 
(C:/Users/robst/dev/3d-model-muncher/src/components/ui/select.tsx:17:22)
    at div
    at div
    at div
    at CardContent 
(C:/Users/robst/dev/3d-model-muncher/src/components/ui/card.tsx:66:24)
    at div
    at Card (C:/Users/robst/dev/3d-model-muncher/src/components/ui/card.tsx:11:17)
    at div
    at BackupTab 
(C:/Users/robst/dev/3d-model-muncher/src/components/settings/BackupTab.tsx:10:22)
Warning: validateDOMNesting(...): <span> cannot appear as a child of <option>.
    at span
    at option
    at Item (C:/Users/robst/dev/3d-model-muncher/vitest.setup.ts:26:18)
    at SelectItem 
(C:/Users/robst/dev/3d-model-muncher/src/components/ui/select.tsx:125:23)
    at Passthrough (C:/Users/robst/dev/3d-model-muncher/vitest.setup.ts:11:82)
    at Passthrough (C:/Users/robst/dev/3d-model-muncher/vitest.setup.ts:11:82)
    at Passthrough (C:/Users/robst/dev/3d-model-muncher/vitest.setup.ts:11:82)
    at SelectContent 
(C:/Users/robst/dev/3d-model-muncher/src/components/ui/select.tsx:76:26)
    at select
    at Root (C:/Users/robst/dev/3d-model-muncher/vitest.setup.ts:13:18)
    at Select 
(C:/Users/robst/dev/3d-model-muncher/src/components/ui/select.tsx:17:22)
    at div
    at div
    at div
    at CardContent 
(C:/Users/robst/dev/3d-model-muncher/src/components/ui/card.tsx:66:24)
    at div
    at Card (C:/Users/robst/dev/3d-model-muncher/src/components/ui/card.tsx:11:17)
    at div
    at BackupTab 
(C:/Users/robst/dev/3d-model-muncher/src/components/settings/BackupTab.tsx:10:22)
Warning: validateDOMNesting(...): <div> cannot appear as a child of <option>.
    at div
    at Passthrough (C:/Users/robst/dev/3d-model-muncher/vitest.setup.ts:11:82)
    at option
    at Item (C:/Users/robst/dev/3d-model-muncher/vitest.setup.ts:26:18)
    at SelectItem 
(C:/Users/robst/dev/3d-model-muncher/src/components/ui/select.tsx:125:23)
    at Passthrough (C:/Users/robst/dev/3d-model-muncher/vitest.setup.ts:11:82)
    at Passthrough (C:/Users/robst/dev/3d-model-muncher/vitest.setup.ts:11:82)
    at Passthrough (C:/Users/robst/dev/3d-model-muncher/vitest.setup.ts:11:82)
    at SelectContent 
(C:/Users/robst/dev/3d-model-muncher/src/components/ui/select.tsx:76:26)
    at select
    at Root (C:/Users/robst/dev/3d-model-muncher/vitest.setup.ts:13:18)
    at Select 
(C:/Users/robst/dev/3d-model-muncher/src/components/ui/select.tsx:17:22)
    at div
    at div
    at div
    at CardContent 
(C:/Users/robst/dev/3d-model-muncher/src/components/ui/card.tsx:66:24)
    at div
    at Card (C:/Users/robst/dev/3d-model-muncher/src/components/ui/card.tsx:11:17)
    at div
    at BackupTab 
(C:/Users/robst/dev/3d-model-muncher/src/components/settings/BackupTab.tsx:10:22)

 [32mΓ£ô[39m tests/components/BackupTab.test.tsx[2m > [22mBackupTab[2m > [22mrenders the backup tab[32m 141[2mms[22m[39m
 [32mΓ£ô[39m tests/components/BackupTab.test.tsx[2m > [22mBackupTab[2m > [22mdisplays create backup button[32m 32[2mms[22m[39m
 [32mΓ£ô[39m tests/components/BackupTab.test.tsx[2m > [22mBackupTab[2m > [22mdisplays models count[32m 26[2mms[22m[39m
[90mstderr[2m | tests/components/BackupTab.test.tsx[2m > [22m[2mBackupTab[2m > 
[22m[2mcalls onCreateBackup when create button clicked
[22m[39mWarning: An update to BackupTab inside a test was not wrapped in act(...).

When testing, code that causes React state updates should be wrapped into act(...):

act(() => {
  /* fire events that update state */
});
/* assert on the output */

This ensures that you're testing the behavior the user would see in the browser. 
Learn more at https://reactjs.org/link/wrap-tests-with-act
    at BackupTab 
(C:/Users/robst/dev/3d-model-muncher/src/components/settings/BackupTab.tsx:10:22)

[90mstderr[2m | tests/components/BackupTab.test.tsx[2m > [22m[2mBackupTab[2m > 
[22m[2mcalls onCreateBackup when create button clicked
[22m[39mWarning: An update to BackupTab inside a test was not wrapped in act(...).

When testing, code that causes React state updates should be wrapped into act(...):

act(() => {
  /* fire events that update state */
});
/* assert on the output */

This ensures that you're testing the behavior the user would see in the browser. 
Learn more at https://reactjs.org/link/wrap-tests-with-act
    at BackupTab 
(C:/Users/robst/dev/3d-model-muncher/src/components/settings/BackupTab.tsx:10:22)

[90mstderr[2m | tests/components/BackupTab.test.tsx[2m > [22m[2mBackupTab[2m > 
[22m[2mdisables create button while creating backup
[22m[39mWarning: An update to BackupTab inside a test was not wrapped in act(...).

When testing, code that causes React state updates should be wrapped into act(...):

act(() => {
  /* fire events that update state */
});
/* assert on the output */

This ensures that you're testing the behavior the user would see in the browser. 
Learn more at https://reactjs.org/link/wrap-tests-with-act
    at BackupTab 
(C:/Users/robst/dev/3d-model-muncher/src/components/settings/BackupTab.tsx:10:22)

[90mstderr[2m | tests/components/BackupTab.test.tsx[2m > [22m[2mBackupTab[2m > 
[22m[2mdisables create button while creating backup
[22m[39mWarning: An update to BackupTab inside a test was not wrapped in act(...).

When testing, code that causes React state updates should be wrapped into act(...):

act(() => {
  /* fire events that update state */
});
/* assert on the output */

This ensures that you're testing the behavior the user would see in the browser. 
Learn more at https://reactjs.org/link/wrap-tests-with-act
    at BackupTab 
(C:/Users/robst/dev/3d-model-muncher/src/components/settings/BackupTab.tsx:10:22)

 [32mΓ£ô[39m tests/components/BackupTab.test.tsx[2m > [22mBackupTab[2m > [22mcalls onCreateBackup when create button clicked[32m 119[2mms[22m[39m
 [32mΓ£ô[39m tests/components/SelectionModeControls.test.tsx[2m > [22mSelectionModeControls[2m > [22mshows select button when not in selection mode and calls handler on click[32m 104[2mms[22m[39m
 [32mΓ£ô[39m tests/components/TagsInput.test.tsx[2m > [22mTagsInput[2m > [22madds a tag via Enter key[32m 56[2mms[22m[39m
 [32mΓ£ô[39m tests/components/TagsInput.test.tsx[2m > [22mTagsInput[2m > [22madds a tag via Add button[32m 68[2mms[22m[39m
 [32mΓ£ô[39m tests/components/TagsInput.test.tsx[2m > [22mTagsInput[2m > [22mremoves a tag when its badge is clicked[32m 56[2mms[22m[39m
 [32mΓ£ô[39m tests/components/TagsInput.test.tsx[2m > [22mTagsInput[2m > [22mdeduplicates case-insensitively by default[32m 39[2mms[22m[39m
 [32mΓ£ô[39m tests/components/BackupTab.test.tsx[2m > [22mBackupTab[2m > [22mdisables create button while creating backup[32m 67[2mms[22m[39m
 [32mΓ£ô[39m tests/components/BackupTab.test.tsx[2m > [22mBackupTab[2m > [22mdisplays restore strategy select[32m 22[2mms[22m[39m
 [32mΓ£ô[39m tests/components/BackupTab.test.tsx[2m > [22mBackupTab[2m > [22mdisplays collections strategy select[32m 28[2mms[22m[39m
 [32mΓ£ô[39m tests/components/BackupTab.test.tsx[2m > [22mBackupTab[2m > [22mdisplays restore from file button[32m 47[2mms[22m[39m
[90mstderr[2m | tests/components/BackupTab.test.tsx[2m > [22m[2mBackupTab[2m > 
[22m[2mcalls onRestoreFromFile when restore button clicked
[22m[39mWarning: An update to BackupTab inside a test was not wrapped in act(...).

When testing, code that causes React state updates should be wrapped into act(...):

act(() => {
  /* fire events that update state */
});
/* assert on the output */

This ensures that you're testing the behavior the user would see in the browser. 
Learn more at https://reactjs.org/link/wrap-tests-with-act
    at BackupTab 
(C:/Users/robst/dev/3d-model-muncher/src/components/settings/BackupTab.tsx:10:22)
Warning: An update to BackupTab inside a test was not wrapped in act(...).

When testing, code that causes React state updates should be wrapped into act(...):

act(() => {
  /* fire events that update state */
});
/* assert on the output */

This ensures that you're testing the behavior the user would see in the browser. 
Learn more at https://reactjs.org/link/wrap-tests-with-act
    at BackupTab 
(C:/Users/robst/dev/3d-model-muncher/src/components/settings/BackupTab.tsx:10:22)

 [32mΓ£ô[39m tests/components/BackupTab.test.tsx[2m > [22mBackupTab[2m > [22mcalls onRestoreFromFile when restore button clicked[32m 67[2mms[22m[39m
 [32mΓ£ô[39m tests/components/BackupTab.test.tsx[2m > [22mBackupTab[2m > [22mshows last backup size[32m 16[2mms[22m[39m
 [32mΓ£ô[39m tests/components/TagsInput.test.tsx[2m > [22mTagsInput[2m > [22msupports caseSensitive=true allowing Tag and tag[32m 18[2mms[22m[39m
 [32mΓ£ô[39m tests/components/TagsInput.test.tsx[2m > [22mTagsInput[2m > [22madds from suggested tags on click[32m 54[2mms[22m[39m
 [32mΓ£ô[39m tests/components/TagsInput.test.tsx[2m > [22mTagsInput[2m > [22mshows fallbackDisplay when value is empty, and removal promotes to controlled value[32m 29[2mms[22m[39m
 [32mΓ£ô[39m tests/components/TagsInput.test.tsx[2m > [22mTagsInput[2m > [22madding while showing fallback promotes combined list to value[32m 25[2mms[22m[39m
 [32mΓ£ô[39m tests/components/TagsInput.test.tsx[2m > [22mTagsInput[2m > [22mdisabled prevents adding tags[32m 17[2mms[22m[39m
 [32mΓ£ô[39m tests/components/SelectionModeControls.test.tsx[2m > [22mSelectionModeControls[2m > [22mrenders bulk actions when selection mode is active with selections and fires handlers[33m 355[2mms[22m[39m
 [32mΓ£ô[39m tests/components/SelectionModeControls.test.tsx[2m > [22mSelectionModeControls[2m > [22mhides bulk actions when nothing is selected[32m 25[2mms[22m[39m
 [32mΓ£ô[39m tests/components/SelectionModeControls.test.tsx[2m > [22mSelectionModeControls[2m > [22mdisables select all buttons when handlers are missing[32m 11[2mms[22m[39m
[90mstdout[2m | tests/server/regenerate-print-settings.test.ts
[22m[39mGenAI env presence: {
  GEMINI_PROVIDER: [33mfalse[39m,
  GOOGLE_API_KEY: [33mtrue[39m,
  GOOGLE_APPLICATION_CREDENTIALS: [33mfalse[39m,
  OPENAI_API_KEY: [33mfalse[39m
}

 [32mΓ£ô[39m tests/server/regenerate-print-settings.test.ts[2m > [22m/api/regenerate-munchie-files printSettings behavior[2m > [22mpreserves STL printSettings (including printer) after regeneration[32m 79[2mms[22m[39m
[90mstderr[2m | tests/server/regenerate-print-settings.test.ts[2m > 
[22m[2m/api/regenerate-munchie-files printSettings behavior[2m > 
[22m[2mrefreshes 3MF printSettings when regenerating by modelIds (separate step)
[22m[39mError parsing 3MF file 
C:\Users\robst\AppData\Local\Temp\mmm-models-mJnwmd\model.3mf: Error: invalid zip 
data
    at unzipSync [90m(C:\Users\robst\dev\3d-model-muncher\[39mnode_modules\[4mffla
te[24m\lib\node.cjs:2664:13[90m)[39m
    at parse3MF [90m(C:\Users\robst\dev\3d-model-muncher\[39mdist-backend\utils\thr
eeMFToJson.js:99:49[90m)[39m
    at regenerateFromPaths 
[90m(C:\Users\robst\dev\3d-model-muncher\[39mserver.js:1444:31[90m)[39m
    at [90mC:\Users\robst\dev\3d-model-muncher\[39mserver.js:1547:32
    at Layer.handleRequest [90m(C:\Users\robst\dev\3d-model-muncher\[39mnode_module
s\[4mrouter[24m\lib\layer.js:152:17[90m)[39m
    at next [90m(C:\Users\robst\dev\3d-model-muncher\[39mnode_modules\[4mrouter[2
4m\lib\route.js:157:13[90m)[39m
    at Route.dispatch [90m(C:\Users\robst\dev\3d-model-muncher\[39mnode_modules\[4
mrouter[24m\lib\route.js:117:3[90m)[39m
    at handle [90m(C:\Users\robst\dev\3d-model-muncher\[39mnode_modules\[4mrouter
[24m\index.js:435:11[90m)[39m
    at Layer.handleRequest [90m(C:\Users\robst\dev\3d-model-muncher\[39mnode_module
s\[4mrouter[24m\lib\layer.js:152:17[90m)[39m
    at [90mC:\Users\robst\dev\3d-model-muncher\[39mnode_modules\[4mrouter[24m\ind
ex.js:295:15 {
  code: [33m13[39m
}

[90mstderr[2m | tests/server/regenerate-print-settings.test.ts[2m > 
[22m[2m/api/regenerate-munchie-files printSettings behavior[2m > 
[22m[2mrefreshes 3MF printSettings from parsed data (ignores user edits)
[22m[39mError parsing 3MF file 
C:\Users\robst\AppData\Local\Temp\mmm-models-YoDa9V\thing.3mf: Error: invalid zip 
data
    at unzipSync [90m(C:\Users\robst\dev\3d-model-muncher\[39mnode_modules\[4mffla
te[24m\lib\node.cjs:2664:13[90m)[39m
    at parse3MF [90m(C:\Users\robst\dev\3d-model-muncher\[39mdist-backend\utils\thr
eeMFToJson.js:99:49[90m)[39m
    at regenerateFromPaths 
[90m(C:\Users\robst\dev\3d-model-muncher\[39mserver.js:1444:31[90m)[39m
    at [90mC:\Users\robst\dev\3d-model-muncher\[39mserver.js:1578:32
    at Layer.handleRequest [90m(C:\Users\robst\dev\3d-model-muncher\[39mnode_module
s\[4mrouter[24m\lib\layer.js:152:17[90m)[39m
    at next [90m(C:\Users\robst\dev\3d-model-muncher\[39mnode_modules\[4mrouter[2
4m\lib\route.js:157:13[90m)[39m
    at Route.dispatch [90m(C:\Users\robst\dev\3d-model-muncher\[39mnode_modules\[4
mrouter[24m\lib\route.js:117:3[90m)[39m
    at handle [90m(C:\Users\robst\dev\3d-model-muncher\[39mnode_modules\[4mrouter
[24m\index.js:435:11[90m)[39m
    at Layer.handleRequest [90m(C:\Users\robst\dev\3d-model-muncher\[39mnode_module
s\[4mrouter[24m\lib\layer.js:152:17[90m)[39m
    at [90mC:\Users\robst\dev\3d-model-muncher\[39mnode_modules\[4mrouter[24m\ind
ex.js:295:15 {
  code: [33m13[39m
}

 [32mΓ£ô[39m tests/server/regenerate-print-settings.test.ts[2m > [22m/api/regenerate-munchie-files printSettings behavior[2m > [22mpreserves STL printSettings when regenerating by modelIds (separate step)[32m 58[2mms[22m[39m
 [32mΓ£ô[39m tests/server/regenerate-print-settings.test.ts[2m > [22m/api/regenerate-munchie-files printSettings behavior[2m > [22mrefreshes 3MF printSettings when regenerating by modelIds (separate step)[32m 42[2mms[22m[39m
 [32mΓ£ô[39m tests/server/regenerate-print-settings.test.ts[2m > [22m/api/regenerate-munchie-files printSettings behavior[2m > [22mrefreshes 3MF printSettings from parsed data (ignores user edits)[32m 63[2mms[22m[39m
 [32mΓ£ô[39m tests/components/ConfigTab.test.tsx[2m > [22mConfigTab[2m > [22mrenders the config tab[32m 40[2mms[22m[39m
 [32mΓ£ô[39m tests/components/ConfigTab.test.tsx[2m > [22mConfigTab[2m > [22mdisplays export config button[32m 11[2mms[22m[39m
 [32mΓ£ô[39m tests/components/ConfigTab.test.tsx[2m > [22mConfigTab[2m > [22mdisplays import config button[32m 10[2mms[22m[39m
 [32mΓ£ô[39m tests/components/ConfigTab.test.tsx[2m > [22mConfigTab[2m > [22mdisplays reset config button[32m 17[2mms[22m[39m
 [32mΓ£ô[39m tests/components/ConfigTab.test.tsx[2m > [22mConfigTab[2m > [22mdisplays save config button[32m 7[2mms[22m[39m
 [32mΓ£ô[39m tests/components/ConfigTab.test.tsx[2m > [22mConfigTab[2m > [22mdisplays load config button[32m 5[2mms[22m[39m
 [32mΓ£ô[39m tests/components/ConfigTab.test.tsx[2m > [22mConfigTab[2m > [22mcalls onExportConfig when export button clicked[32m 62[2mms[22m[39m
 [32mΓ£ô[39m tests/components/ConfigTab.test.tsx[2m > [22mConfigTab[2m > [22mcalls onImportConfig when import button clicked[32m 49[2mms[22m[39m
 [32mΓ£ô[39m tests/components/ConfigTab.test.tsx[2m > [22mConfigTab[2m > [22mcalls onResetConfig when reset button clicked[32m 48[2mms[22m[39m
 [32mΓ£ô[39m tests/components/ConfigTab.test.tsx[2m > [22mConfigTab[2m > [22mcalls onSaveConfig when save button clicked[32m 50[2mms[22m[39m
 [32mΓ£ô[39m tests/components/ConfigTab.test.tsx[2m > [22mConfigTab[2m > [22mcalls onLoadServerConfig when load button clicked[32m 41[2mms[22m[39m
[90mstdout[2m | tests/components/ModelGrid.createCollection.test.tsx[2m > [22m[2mModelGrid create collection flow[2m > [22m[2mopens CollectionEditDrawer when clicking Collection in selection mode
[22m[39m[ConfigManager] loadConfig() called, isNode= [33mfalse[39m
[ConfigManager] localStorage raw value for 3d-model-muncher-config (missing)
[ConfigManager] No stored config found in localStorage
[ConfigManager] loadConfig() called, isNode= [33mfalse[39m
[ConfigManager] localStorage raw value for 3d-model-muncher-config (missing)
[ConfigManager] No stored config found in localStorage

[90mstderr[2m | tests/components/ModelGrid.createCollection.test.tsx[2m > 
[22m[2mModelGrid create collection flow[2m > [22m[2mopens CollectionEditDrawer 
when clicking Collection in selection mode
[22m[39mWarning: Unknown event handler property `onCheckedChange`. It will be 
ignored.
    at button
    at Root (C:/Users/robst/dev/3d-model-muncher/vitest.setup.ts:4:85)
    at Checkbox 
(C:/Users/robst/dev/3d-model-muncher/src/components/ui/checkbox.tsx:8:21)
    at div
    at div
    at div
    at div
    at CardHeader 
(C:/Users/robst/dev/3d-model-muncher/src/components/ui/card.tsx:22:23)
    at div
    at Card (C:/Users/robst/dev/3d-model-muncher/src/components/ui/card.tsx:11:17)
    at ModelCard 
(C:/Users/robst/dev/3d-model-muncher/src/components/ModelCard.tsx:15:22)
    at div
    at div
    at div
    at div
    at file:///C:/Users/robst/dev/3d-model-muncher/node_modules/@radix-ui/react-primi
tive/dist/index.mjs:28:13
    at file:///C:/Users/robst/dev/3d-model-muncher/node_modules/@radix-ui/react-scrol
l-area/dist/index.mjs:94:13
    at div
    at file:///C:/Users/robst/dev/3d-model-muncher/node_modules/@radix-ui/react-primi
tive/dist/index.mjs:28:13
    at Provider (file:///C:/Users/robst/dev/3d-model-muncher/node_modules/@radix-ui/r
eact-context/dist/index.mjs:27:15)
    at file:///C:/Users/robst/dev/3d-model-muncher/node_modules/@radix-ui/react-scrol
l-area/dist/index.mjs:32:7
    at ScrollArea 
(C:/Users/robst/dev/3d-model-muncher/src/components/ui/scroll-area.tsx:8:23)
    at div
    at ModelGrid 
(C:/Users/robst/dev/3d-model-muncher/src/components/ModelGrid.tsx:37:22)

[90mstderr[2m | tests/components/ModelGrid.createCollection.test.tsx[2m > 
[22m[2mModelGrid create collection flow[2m > [22m[2mopens CollectionEditDrawer 
when clicking Collection in selection mode
[22m[39mWarning: An update to CollectionEditDrawer inside a test was not wrapped 
in act(...).

When testing, code that causes React state updates should be wrapped into act(...):

act(() => {
  /* fire events that update state */
});
/* assert on the output */

This ensures that you're testing the behavior the user would see in the browser. 
Learn more at https://reactjs.org/link/wrap-tests-with-act
    at CollectionEditDrawer 
(C:/Users/robst/dev/3d-model-muncher/src/components/CollectionEditDrawer.tsx:12:33)
    at div
    at ModelGrid 
(C:/Users/robst/dev/3d-model-muncher/src/components/ModelGrid.tsx:37:22)

 [32mΓ£ô[39m tests/components/ModelGrid.createCollection.test.tsx[2m > [22mModelGrid create collection flow[2m > [22mopens CollectionEditDrawer when clicking Collection in selection mode[32m 286[2mms[22m[39m
[90mstderr[2m | tests/download.test.tsx
[22m[39mTHREE.WARNING: Multiple instances of Three.js being imported.

[90mstdout[2m | tests/download.test.tsx[2m > [22m[2mdownload behavior[2m > [22m[2mModelCard Download button calls triggerDownload with basename only
[22m[39m[ConfigManager] loadConfig() called, isNode= [33mfalse[39m
[ConfigManager] localStorage raw value for 3d-model-muncher-config (missing)
[ConfigManager] No stored config found in localStorage
[ConfigManager] loadConfig() called, isNode= [33mfalse[39m
[ConfigManager] localStorage raw value for 3d-model-muncher-config (missing)
[ConfigManager] No stored config found in localStorage

 [32mΓ£ô[39m tests/download.test.tsx[2m > [22mdownload behavior[2m > [22mModelCard Download button calls triggerDownload with basename only[32m 152[2mms[22m[39m
 [32mΓ£ô[39m tests/download.test.tsx[2m > [22mdownload behavior[2m > [22mModelDetailsDrawer Download uses normalized path and basename (handles backslashes)[32m 221[2mms[22m[39m
 [32mΓ£ô[39m tests/components/SupportTab.test.tsx[2m > [22mSupportTab[2m > [22mrenders the support tab[32m 78[2mms[22m[39m
 [32mΓ£ô[39m tests/components/SupportTab.test.tsx[2m > [22mSupportTab[2m > [22mdisplays donate button[32m 21[2mms[22m[39m
 [32mΓ£ô[39m tests/components/SupportTab.test.tsx[2m > [22mSupportTab[2m > [22mdisplays star on github link[32m 21[2mms[22m[39m
 [32mΓ£ô[39m tests/components/SupportTab.test.tsx[2m > [22mSupportTab[2m > [22mdisplays contribute on github link[32m 11[2mms[22m[39m
 [32mΓ£ô[39m tests/components/SettingsSidebar.test.tsx[2m > [22mSettingsSidebar[2m > [22mrenders the settings sidebar[32m 40[2mms[22m[39m
 [32mΓ£ô[39m tests/components/SettingsSidebar.test.tsx[2m > [22mSettingsSidebar[2m > [22mrenders all tab buttons[32m 19[2mms[22m[39m
 [32mΓ£ô[39m tests/components/SettingsSidebar.test.tsx[2m > [22mSettingsSidebar[2m > [22mhighlights the selected tab[32m 22[2mms[22m[39m
 [32mΓ£ô[39m tests/components/SupportTab.test.tsx[2m > [22mSupportTab[2m > [22mcalls onDonationClick when donate button clicked[32m 89[2mms[22m[39m
 [32mΓ£ô[39m tests/components/SupportTab.test.tsx[2m > [22mSupportTab[2m > [22mdisplays community section[32m 22[2mms[22m[39m
 [32mΓ£ô[39m tests/components/SupportTab.test.tsx[2m > [22mSupportTab[2m > [22mdisplays thank you message[32m 18[2mms[22m[39m
[90mstdout[2m | tests/server/gcode-filtering.test.ts
[22m[39mGenAI env presence: {
  GEMINI_PROVIDER: [33mfalse[39m,
  GOOGLE_API_KEY: [33mtrue[39m,
  GOOGLE_APPLICATION_CREDENTIALS: [33mfalse[39m,
  OPENAI_API_KEY: [33mfalse[39m
}

 [32mΓ£ô[39m tests/components/SettingsSidebar.test.tsx[2m > [22mSettingsSidebar[2m > [22mcalls onTabChange when a tab is clicked[32m 61[2mms[22m[39m
 [32mΓ£ô[39m tests/components/SettingsSidebar.test.tsx[2m > [22mSettingsSidebar[2m > [22mupdates selected tab when prop changes[32m 14[2mms[22m[39m
 [32mΓ£ô[39m tests/components/SettingsSidebar.test.tsx[2m > [22mSettingsSidebar[2m > [22mshows nav element with correct testid[32m 15[2mms[22m[39m
[90mstdout[2m | tests/server/gcode-filtering.test.ts[2m > [22m[2mG-code archive filtering (.gcode.3mf exclusion)[2m > [22m[2mscanDirectory filtering[2m > [22m[2mshould skip .gcode.3mf files during 3MF scan
[22m[39mScanning: C:\Users\robst\AppData\Local\Temp\mmm-models-hkNDyp
Parsing 3MF: C:\Users\robst\AppData\Local\Temp\mmm-models-hkNDyp\model.3mf

[90mstderr[2m | tests/server/gcode-filtering.test.ts[2m > [22m[2mG-code archive 
filtering (.gcode.3mf exclusion)[2m > [22m[2mscanDirectory filtering[2m > 
[22m[2mshould skip .gcode.3mf files during 3MF scan
[22m[39mError parsing 3MF file 
C:\Users\robst\AppData\Local\Temp\mmm-models-hkNDyp\model.3mf: Error: invalid zip 
data
    at unzipSync [90m(file:///C:/Users/robst/dev/3d-model-muncher/[39mnode_modules/
[4mfflate[24m/esm/index.mjs:2644:13[90m)[39m
    at parse3MF 
(C:/Users/robst/dev/3d-model-muncher/src/utils/threeMFToJson.ts:97:22)
    at recurse 
(C:/Users/robst/dev/3d-model-muncher/src/utils/threeMFToJson.ts:395:34)
    at scanDirectory 
(C:/Users/robst/dev/3d-model-muncher/src/utils/threeMFToJson.ts:428:24)
    at C:/Users/robst/dev/3d-model-muncher/tests/server/gcode-filtering.test.ts:36:28
    at [90mfile:///C:/Users/robst/dev/3d-model-muncher/[39mnode_modules/[4m@vitest
[24m/runner/dist/index.js:145:11
    at [90mfile:///C:/Users/robst/dev/3d-model-muncher/[39mnode_modules/[4m@vitest
[24m/runner/dist/index.js:915:26
    at [90mfile:///C:/Users/robst/dev/3d-model-muncher/[39mnode_modules/[4m@vitest
[24m/runner/dist/index.js:1240:20
    at new Promise (<anonymous>)
    at runWithTimeout [90m(file:///C:/Users/robst/dev/3d-model-muncher/[39mnode_mod
ules/[4m@vitest[24m/runner/dist/index.js:1206:10[90m)[39m {
  code: [33m13[39m
}

[90mstdout[2m | tests/server/gcode-filtering.test.ts[2m > [22m[2mG-code archive filtering (.gcode.3mf exclusion)[2m > [22m[2mscanDirectory filtering[2m > [22m[2mshould skip .gcode.3mf files during 3MF scan
[22m[39mΓ£à Created JSON for: C:\Users\robst\AppData\Local\Temp\mmm-models-hkNDyp\model-munchie.json
ΓÅ¡∩╕Å Skipping G-code archive: C:\Users\robst\AppData\Local\Temp\mmm-models-hkNDyp\sliced.gcode.3mf

[90mstdout[2m | tests/server/gcode-filtering.test.ts[2m > [22m[2mG-code archive filtering (.gcode.3mf exclusion)[2m > [22m[2mscanDirectory filtering[2m > [22m[2mshould handle case-insensitive .gcode.3mf variations
[22m[39mScanning: C:\Users\robst\AppData\Local\Temp\mmm-models-hkNDyp
Parsing 3MF: C:\Users\robst\AppData\Local\Temp\mmm-models-hkNDyp\casenormal.3mf

[90mstderr[2m | tests/server/gcode-filtering.test.ts[2m > [22m[2mG-code archive 
filtering (.gcode.3mf exclusion)[2m > [22m[2mscanDirectory filtering[2m > 
[22m[2mshould handle case-insensitive .gcode.3mf variations
[22m[39mError parsing 3MF file 
C:\Users\robst\AppData\Local\Temp\mmm-models-hkNDyp\casenormal.3mf: Error: invalid 
zip data
    at unzipSync [90m(file:///C:/Users/robst/dev/3d-model-muncher/[39mnode_modules/
[4mfflate[24m/esm/index.mjs:2644:13[90m)[39m
    at parse3MF 
(C:/Users/robst/dev/3d-model-muncher/src/utils/threeMFToJson.ts:97:22)
    at recurse 
(C:/Users/robst/dev/3d-model-muncher/src/utils/threeMFToJson.ts:395:34)
    at scanDirectory 
(C:/Users/robst/dev/3d-model-muncher/src/utils/threeMFToJson.ts:428:24)
    at C:/Users/robst/dev/3d-model-muncher/tests/server/gcode-filtering.test.ts:69:28
    at [90mfile:///C:/Users/robst/dev/3d-model-muncher/[39mnode_modules/[4m@vitest
[24m/runner/dist/index.js:145:11
    at [90mfile:///C:/Users/robst/dev/3d-model-muncher/[39mnode_modules/[4m@vitest
[24m/runner/dist/index.js:915:26
    at [90mfile:///C:/Users/robst/dev/3d-model-muncher/[39mnode_modules/[4m@vitest
[24m/runner/dist/index.js:1240:20
    at new Promise (<anonymous>)
    at runWithTimeout [90m(file:///C:/Users/robst/dev/3d-model-muncher/[39mnode_mod
ules/[4m@vitest[24m/runner/dist/index.js:1206:10[90m)[39m {
  code: [33m13[39m
}

[90mstdout[2m | tests/server/gcode-filtering.test.ts[2m > [22m[2mG-code archive filtering (.gcode.3mf exclusion)[2m > [22m[2mscanDirectory filtering[2m > [22m[2mshould handle case-insensitive .gcode.3mf variations
[22m[39mΓ£à Created JSON for: C:\Users\robst\AppData\Local\Temp\mmm-models-hkNDyp\casenormal-munchie.json
ΓÅ¡∩╕Å Skipping G-code archive: C:\Users\robst\AppData\Local\Temp\mmm-models-hkNDyp\casetest2.gcode.3mf
ΓÅ¡∩╕Å Skipping G-code archive: C:\Users\robst\AppData\Local\Temp\mmm-models-hkNDyp\casetest3.GCode.3mf

 [32mΓ£ô[39m tests/server/gcode-filtering.test.ts[2m > [22mG-code archive filtering (.gcode.3mf exclusion)[2m > [22mscanDirectory filtering[2m > [22mshould skip .gcode.3mf files during 3MF scan[32m 30[2mms[22m[39m
 [32mΓ£ô[39m tests/server/gcode-filtering.test.ts[2m > [22mG-code archive filtering (.gcode.3mf exclusion)[2m > [22mscanDirectory filtering[2m > [22mshould handle case-insensitive .gcode.3mf variations[32m 11[2mms[22m[39m
 [32mΓ£ô[39m tests/server/gcode-filtering.test.ts[2m > [22mG-code archive filtering (.gcode.3mf exclusion)[2m > [22m/api/upload-models endpoint filtering[2m > [22mshould reject .gcode.3mf files with helpful error message[32m 57[2mms[22m[39m
 [32mΓ£ô[39m tests/server/gcode-filtering.test.ts[2m > [22mG-code archive filtering (.gcode.3mf exclusion)[2m > [22m/api/upload-models endpoint filtering[2m > [22mshould reject .3mf.gcode alternate format[32m 15[2mms[22m[39m
 [32mΓ£ô[39m tests/server/gcode-filtering.test.ts[2m > [22mG-code archive filtering (.gcode.3mf exclusion)[2m > [22m/api/upload-models endpoint filtering[2m > [22mshould accept regular .3mf files[32m 56[2mms[22m[39m
[90mstdout[2m | tests/server/gcode-filtering.test.ts[2m > [22m[2mG-code archive filtering (.gcode.3mf exclusion)[2m > [22m[2m/api/scan-models endpoint[2m > [22m[2mshould skip .gcode.3mf files in directory scan
[22m[39mScanning: C:\Users\robst\AppData\Local\Temp\mmm-models-hkNDyp
Parsing 3MF: C:\Users\robst\AppData\Local\Temp\mmm-models-hkNDyp\testmodel.3mf

[90mstderr[2m | tests/server/gcode-filtering.test.ts[2m > [22m[2mG-code archive 
filtering (.gcode.3mf exclusion)[2m > [22m[2m/api/scan-models endpoint[2m > 
[22m[2mshould skip .gcode.3mf files in directory scan
[22m[39mError parsing 3MF file 
C:\Users\robst\AppData\Local\Temp\mmm-models-hkNDyp\testmodel.3mf: Error: invalid 
zip data
    at unzipSync [90m(C:\Users\robst\dev\3d-model-muncher\[39mnode_modules\[4mffla
te[24m\lib\node.cjs:2664:13[90m)[39m
    at parse3MF [90m(C:\Users\robst\dev\3d-model-muncher\[39mdist-backend\utils\thr
eeMFToJson.js:99:49[90m)[39m
    at recurse [90m(C:\Users\robst\dev\3d-model-muncher\[39mdist-backend\utils\thre
eMFToJson.js:365:44[90m)[39m
    at scanDirectory [90m(C:\Users\robst\dev\3d-model-muncher\[39mdist-backend\util
s\threeMFToJson.js:393:26[90m)[39m
    at C:/Users/robst/dev/3d-model-muncher/server.js:1086:26
    at Layer.handleRequest [90m(C:\Users\robst\dev\3d-model-muncher\[39mnode_module
s\[4mrouter[24m\lib\layer.js:152:17[90m)[39m
    at next [90m(C:\Users\robst\dev\3d-model-muncher\[39mnode_modules\[4mrouter[2
4m\lib\route.js:157:13[90m)[39m
    at Route.dispatch [90m(C:\Users\robst\dev\3d-model-muncher\[39mnode_modules\[4
mrouter[24m\lib\route.js:117:3[90m)[39m
    at handle [90m(C:\Users\robst\dev\3d-model-muncher\[39mnode_modules\[4mrouter
[24m\index.js:435:11[90m)[39m
    at Layer.handleRequest [90m(C:\Users\robst\dev\3d-model-muncher\[39mnode_module
s\[4mrouter[24m\lib\layer.js:152:17[90m)[39m {
  code: [33m13[39m
}

[90mstdout[2m | tests/server/gcode-filtering.test.ts[2m > [22m[2mG-code archive filtering (.gcode.3mf exclusion)[2m > [22m[2m/api/scan-models endpoint[2m > [22m[2mshould skip .gcode.3mf files in directory scan
[22m[39mΓ£à Created JSON for: C:\Users\robst\AppData\Local\Temp\mmm-models-hkNDyp\testmodel-munchie.json
ΓÅ¡∩╕Å Skipping G-code archive: C:\Users\robst\AppData\Local\Temp\mmm-models-hkNDyp\testmodel.gcode.3mf
Scanning: C:\Users\robst\AppData\Local\Temp\mmm-models-hkNDyp\uploads

[90mstdout[2m | tests/server/gcode-filtering.test.ts[2m > [22m[2mG-code archive filtering (.gcode.3mf exclusion)[2m > [22m[2m/api/hash-check endpoint[2m > [22m[2mshould exclude .gcode.3mf files from hash check results
[22m[39m[debug] /api/hash-check fileType= 3mf modelsDir= C:\Users\robst\AppData\Local\Temp\mmm-models-hkNDyp
[debug] /api/hash-check base entries count= [33m1[39m

 [32mΓ£ô[39m tests/server/gcode-filtering.test.ts[2m > [22mG-code archive filtering (.gcode.3mf exclusion)[2m > [22m/api/upload-models endpoint filtering[2m > [22mshould handle mixed uploads (valid + gcode archives)[32m 77[2mms[22m[39m
 [32mΓ£ô[39m tests/server/gcode-filtering.test.ts[2m > [22mG-code archive filtering (.gcode.3mf exclusion)[2m > [22m/api/scan-models endpoint[2m > [22mshould skip .gcode.3mf files in directory scan[32m 60[2mms[22m[39m
 [32mΓ£ô[39m tests/server/gcode-filtering.test.ts[2m > [22mG-code archive filtering (.gcode.3mf exclusion)[2m > [22m/api/hash-check endpoint[2m > [22mshould exclude .gcode.3mf files from hash check results[32m 19[2mms[22m[39m
[90mstderr[2m | tests/ModelGrid.test.tsx[2m > [22m[2mModelGrid selection 
behavior[2m > [22m[2mcalls onModelSelection with index when clicking a card
[22m[39mWarning: Unknown event handler property `onCheckedChange`. It will be 
ignored.
    at button
    at Root (C:/Users/robst/dev/3d-model-muncher/vitest.setup.ts:4:85)
    at Checkbox 
(C:/Users/robst/dev/3d-model-muncher/src/components/ui/checkbox.tsx:8:21)
    at div
    at div
    at div
    at div
    at div
    at div
    at file:///C:/Users/robst/dev/3d-model-muncher/node_modules/@radix-ui/react-primi
tive/dist/index.mjs:28:13
    at file:///C:/Users/robst/dev/3d-model-muncher/node_modules/@radix-ui/react-scrol
l-area/dist/index.mjs:94:13
    at div
    at file:///C:/Users/robst/dev/3d-model-muncher/node_modules/@radix-ui/react-primi
tive/dist/index.mjs:28:13
    at Provider (file:///C:/Users/robst/dev/3d-model-muncher/node_modules/@radix-ui/r
eact-context/dist/index.mjs:27:15)
    at file:///C:/Users/robst/dev/3d-model-muncher/node_modules/@radix-ui/react-scrol
l-area/dist/index.mjs:32:7
    at ScrollArea 
(C:/Users/robst/dev/3d-model-muncher/src/components/ui/scroll-area.tsx:8:23)
    at div
    at ModelGrid 
(C:/Users/robst/dev/3d-model-muncher/src/components/ModelGrid.tsx:37:22)

 [32mΓ£ô[39m tests/ModelGrid.test.tsx[2m > [22mModelGrid selection behavior[2m > [22mcalls onModelSelection with index when clicking a card[32m 124[2mms[22m[39m
 [32mΓ£ô[39m tests/ModelGrid.test.tsx[2m > [22mModelGrid selection behavior[2m > [22mpasses shiftKey when shift-clicking a card[32m 62[2mms[22m[39m
 [32mΓ£ô[39m tests/ModelGrid.test.tsx[2m > [22mModelGrid selection behavior[2m > [22mpasses shiftKey when shift-clicking a row[32m 28[2mms[22m[39m
[90mstdout[2m | tests/server/parseGcodeEndpoint.test.ts
[22m[39mGenAI env presence: {
  GEMINI_PROVIDER: [33mfalse[39m,
  GOOGLE_API_KEY: [33mtrue[39m,
  GOOGLE_APPLICATION_CREDENTIALS: [33mfalse[39m,
  OPENAI_API_KEY: [33mfalse[39m
}

 [32mΓ£ô[39m tests/server/parseGcodeEndpoint.test.ts[2m > [22mparse-gcode API endpoint[2m > [22mrequest validation[2m > [22mshould require modelFilePath[32m 3[2mms[22m[39m
 [32mΓ£ô[39m tests/server/parseGcodeEndpoint.test.ts[2m > [22mparse-gcode API endpoint[2m > [22mrequest validation[2m > [22mshould require valid storageMode[32m 4[2mms[22m[39m
 [32mΓ£ô[39m tests/server/parseGcodeEndpoint.test.ts[2m > [22mparse-gcode API endpoint[2m > [22mrequest validation[2m > [22mshould accept optional overwrite parameter[32m 1[2mms[22m[39m
 [32mΓ£ô[39m tests/server/parseGcodeEndpoint.test.ts[2m > [22mparse-gcode API endpoint[2m > [22mrequest validation[2m > [22mshould accept optional gcodeFilePath for re-analysis[32m 0[2mms[22m[39m
 [32mΓ£ô[39m tests/server/parseGcodeEndpoint.test.ts[2m > [22mparse-gcode API endpoint[2m > [22mstorage mode: parse-only[2m > [22mshould not create file on disk[32m 0[2mms[22m[39m
 [32mΓ£ô[39m tests/server/parseGcodeEndpoint.test.ts[2m > [22mparse-gcode API endpoint[2m > [22mstorage mode: parse-only[2m > [22mshould return parsed data without gcodeFilePath[32m 0[2mms[22m[39m
 [32mΓ£ô[39m tests/server/parseGcodeEndpoint.test.ts[2m > [22mparse-gcode API endpoint[2m > [22mstorage mode: save-and-link[2m > [22mshould determine target path from modelFilePath[32m 0[2mms[22m[39m
 [32mΓ£ô[39m tests/server/parseGcodeEndpoint.test.ts[2m > [22mparse-gcode API endpoint[2m > [22mstorage mode: save-and-link[2m > [22mshould return fileExists when file present and no overwrite[32m 0[2mms[22m[39m
 [32mΓ£ô[39m tests/server/parseGcodeEndpoint.test.ts[2m > [22mparse-gcode API endpoint[2m > [22mstorage mode: save-and-link[2m > [22mshould proceed with overwrite=true[32m 0[2mms[22m[39m
 [32mΓ£ô[39m tests/server/parseGcodeEndpoint.test.ts[2m > [22mparse-gcode API endpoint[2m > [22mstorage mode: save-and-link[2m > [22mshould include gcodeFilePath in response[32m 0[2mms[22m[39m
 [32mΓ£ô[39m tests/server/parseGcodeEndpoint.test.ts[2m > [22mparse-gcode API endpoint[2m > [22mfile upload handling[2m > [22mshould detect .gcode.3mf files[32m 0[2mms[22m[39m
 [32mΓ£ô[39m tests/server/parseGcodeEndpoint.test.ts[2m > [22mparse-gcode API endpoint[2m > [22mfile upload handling[2m > [22mshould handle regular .gcode files[32m 0[2mms[22m[39m
 [32mΓ£ô[39m tests/server/parseGcodeEndpoint.test.ts[2m > [22mparse-gcode API endpoint[2m > [22mfile upload handling[2m > [22mshould read buffer as UTF-8 for .gcode[32m 0[2mms[22m[39m
 [32mΓ£ô[39m tests/server/parseGcodeEndpoint.test.ts[2m > [22mparse-gcode API endpoint[2m > [22mre-analysis via gcodeFilePath[2m > [22mshould not require file upload for re-analysis[32m 0[2mms[22m[39m
 [32mΓ£ô[39m tests/server/parseGcodeEndpoint.test.ts[2m > [22mparse-gcode API endpoint[2m > [22mre-analysis via gcodeFilePath[2m > [22mshould return 404 if gcodeFilePath not found[32m 0[2mms[22m[39m
 [32mΓ£ô[39m tests/server/parseGcodeEndpoint.test.ts[2m > [22mparse-gcode API endpoint[2m > [22merror handling[2m > [22mshould return error for invalid 3MF extraction[32m 0[2mms[22m[39m
 [32mΓ£ô[39m tests/server/parseGcodeEndpoint.test.ts[2m > [22mparse-gcode API endpoint[2m > [22merror handling[2m > [22mshould return error for parse failure[32m 0[2mms[22m[39m
 [32mΓ£ô[39m tests/server/parseGcodeEndpoint.test.ts[2m > [22mparse-gcode API endpoint[2m > [22merror handling[2m > [22mshould handle missing required parameters[32m 0[2mms[22m[39m
 [32mΓ£ô[39m tests/server/parseGcodeEndpoint.test.ts[2m > [22mparse-gcode API endpoint[2m > [22mresponse format[2m > [22mshould return success response with gcodeData[32m 1[2mms[22m[39m
 [32mΓ£ô[39m tests/server/parseGcodeEndpoint.test.ts[2m > [22mparse-gcode API endpoint[2m > [22mresponse format[2m > [22mshould include color data in filament objects[32m 0[2mms[22m[39m
 [32mΓ£ô[39m tests/server/parseGcodeEndpoint.test.ts[2m > [22mparse-gcode API endpoint[2m > [22mresponse format[2m > [22mshould return fileExists response when appropriate[32m 0[2mms[22m[39m
 [32mΓ£ô[39m tests/server/parseGcodeEndpoint.test.ts[2m > [22mparse-gcode API endpoint[2m > [22mpath normalization[2m > [22mshould convert absolute path to relative[32m 0[2mms[22m[39m
 [32mΓ£ô[39m tests/server/parseGcodeEndpoint.test.ts[2m > [22mparse-gcode API endpoint[2m > [22mpath normalization[2m > [22mshould normalize backslashes to forward slashes[32m 0[2mms[22m[39m
 [32mΓ£ô[39m tests/server/parseGcodeEndpoint.test.ts[2m > [22mparse-gcode API endpoint[2m > [22mpath normalization[2m > [22mshould handle both absolute and relative paths[32m 0[2mms[22m[39m
 [32mΓ£ô[39m tests/server/parseGcodeEndpoint.test.ts[2m > [22mparse-gcode API endpoint[2m > [22mintegration scenarios[2m > [22mshould handle full upload workflow[32m 0[2mms[22m[39m
 [32mΓ£ô[39m tests/server/parseGcodeEndpoint.test.ts[2m > [22mparse-gcode API endpoint[2m > [22mintegration scenarios[2m > [22mshould handle overwrite workflow with user confirmation[32m 0[2mms[22m[39m
 [32mΓ£ô[39m tests/server/parseGcodeEndpoint.test.ts[2m > [22mparse-gcode API endpoint[2m > [22mintegration scenarios[2m > [22mshould handle re-analysis workflow[32m 0[2mms[22m[39m
 [32mΓ£ô[39m tests/server/parseGcodeEndpoint.test.ts[2m > [22mparse-gcode API endpoint[2m > [22mmulti-filament support[2m > [22mshould preserve all filament data[32m 1[2mms[22m[39m
 [32mΓ£ô[39m tests/server/parseGcodeEndpoint.test.ts[2m > [22mparse-gcode API endpoint[2m > [22mmulti-filament support[2m > [22mshould calculate correct total weight[32m 0[2mms[22m[39m
 [32mΓ£ô[39m tests/server/parseGcodeEndpoint.test.ts[2m > [22m/api/parse-gcode path traversal security[2m > [22mgcodeFilePath validation[2m > [22mshould reject paths containing ".."[32m 55[2mms[22m[39m
 [32mΓ£ô[39m tests/server/parseGcodeEndpoint.test.ts[2m > [22m/api/parse-gcode path traversal security[2m > [22mgcodeFilePath validation[2m > [22mshould reject absolute Unix paths[32m 29[2mms[22m[39m
 [32mΓ£ô[39m tests/server/parseGcodeEndpoint.test.ts[2m > [22m/api/parse-gcode path traversal security[2m > [22mgcodeFilePath validation[2m > [22mshould reject absolute Windows paths[32m 20[2mms[22m[39m
 [32mΓ£ô[39m tests/server/parseGcodeEndpoint.test.ts[2m > [22m/api/parse-gcode path traversal security[2m > [22mgcodeFilePath validation[2m > [22mshould reject UNC paths with forward slashes[32m 29[2mms[22m[39m
[90mstdout[2m | tests/uploadModels.test.ts
[22m[39mGenAI env presence: {
  GEMINI_PROVIDER: [33mfalse[39m,
  GOOGLE_API_KEY: [33mtrue[39m,
  GOOGLE_APPLICATION_CREDENTIALS: [33mfalse[39m,
  OPENAI_API_KEY: [33mfalse[39m
}

 [32mΓ£ô[39m tests/server/parseGcodeEndpoint.test.ts[2m > [22m/api/parse-gcode path traversal security[2m > [22mgcodeFilePath validation[2m > [22mshould reject UNC paths with backslashes[32m 52[2mms[22m[39m
 [32mΓ£ô[39m tests/server/parseGcodeEndpoint.test.ts[2m > [22m/api/parse-gcode path traversal security[2m > [22mgcodeFilePath validation[2m > [22mshould accept valid relative paths within models directory[32m 73[2mms[22m[39m
 [32mΓ£ô[39m tests/server/parseGcodeEndpoint.test.ts[2m > [22m/api/parse-gcode path traversal security[2m > [22mmodelFilePath validation in save-and-link mode[2m > [22mshould reject modelFilePath containing ".."[32m 41[2mms[22m[39m
 [32mΓ£ô[39m tests/server/parseGcodeEndpoint.test.ts[2m > [22m/api/parse-gcode path traversal security[2m > [22mmodelFilePath validation in save-and-link mode[2m > [22mshould reject modelFileUrl containing ".."[32m 30[2mms[22m[39m
 [32mΓ£ô[39m tests/server/parseGcodeEndpoint.test.ts[2m > [22m/api/parse-gcode path traversal security[2m > [22mmodelFilePath validation in save-and-link mode[2m > [22mshould reject absolute Windows paths in modelFilePath[32m 19[2mms[22m[39m
 [32mΓ£ô[39m tests/uploadModels.test.ts[2m > [22mPOST /api/upload-models[2m > [22muploads a small stl file and returns saved/processed entries[32m 62[2mms[22m[39m
[90mstderr[2m | tests/uploadModels.test.ts[2m > [22m[2mPOST 
/api/upload-models[2m > [22m[2muploads a file with uppercase .3MF extension and 
processes it correctly
[22m[39mError parsing 3MF file 
C:\Users\robst\AppData\Local\Temp\mmm-models-FJlUEb\uploads\test_UPPERCASE.3MF: 
Error: invalid zip data
    at unzipSync [90m(C:\Users\robst\dev\3d-model-muncher\[39mnode_modules\[4mffla
te[24m\lib\node.cjs:2664:13[90m)[39m
    at parse3MF [90m(C:\Users\robst\dev\3d-model-muncher\[39mdist-backend\utils\thr
eeMFToJson.js:99:49[90m)[39m
    at [90mC:\Users\robst\dev\3d-model-muncher\[39mserver.js:1702:33
    at Layer.handleRequest [90m(C:\Users\robst\dev\3d-model-muncher\[39mnode_module
s\[4mrouter[24m\lib\layer.js:152:17[90m)[39m
    at next [90m(C:\Users\robst\dev\3d-model-muncher\[39mnode_modules\[4mrouter[2
4m\lib\route.js:157:13[90m)[39m
    at done [90m(C:\Users\robst\dev\3d-model-muncher\[39mnode_modules\[4mmulter[2
4m\lib\make-middleware.js:59:7[90m)[39m
    at indicateDone [90m(C:\Users\robst\dev\3d-model-muncher\[39mnode_modules\[4mm
ulter[24m\lib\make-middleware.js:63:68[90m)[39m
    at Multipart.<anonymous> [90m(C:\Users\robst\dev\3d-model-muncher\[39mnode_modu
les\[4mmulter[24m\lib\make-middleware.js:187:7[90m)[39m
[90m    at Multipart.emit (node:events:508:28)[39m
[90m    at emitCloseNT (node:internal/streams/destroy:148:10)[39m {
  code: [33m13[39m
}

 [32mΓ£ô[39m tests/uploadModels.test.ts[2m > [22mPOST /api/upload-models[2m > [22muploads a file with uppercase .STL extension and processes it correctly[32m 43[2mms[22m[39m
 [32mΓ£ô[39m tests/uploadModels.test.ts[2m > [22mPOST /api/upload-models[2m > [22muploads a file with uppercase .3MF extension and processes it correctly[32m 28[2mms[22m[39m
[90mstdout[2m | tests/server/verify-file-and-list.test.ts
[22m[39mGenAI env presence: {
  GEMINI_PROVIDER: [33mfalse[39m,
  GOOGLE_API_KEY: [33mtrue[39m,
  GOOGLE_APPLICATION_CREDENTIALS: [33mfalse[39m,
  OPENAI_API_KEY: [33mfalse[39m
}

[90mstdout[2m | tests/server/verify-file-and-list.test.ts[2m > [22m[2mverify-file and models listing[2m > [22m[2mlists models and includes proper filePath/modelUrl
[22m[39mAPI /models scan complete: found 1 model(s)

 [32mΓ£ô[39m tests/server/verify-file-and-list.test.ts[2m > [22mverify-file and models listing[2m > [22mrejects traversal and absolutes in /api/verify-file[32m 62[2mms[22m[39m
 [32mΓ£ô[39m tests/server/verify-file-and-list.test.ts[2m > [22mverify-file and models listing[2m > [22mverifies an existing relative file[32m 28[2mms[22m[39m
 [32mΓ£ô[39m tests/server/verify-file-and-list.test.ts[2m > [22mverify-file and models listing[2m > [22mlists models and includes proper filePath/modelUrl[32m 32[2mms[22m[39m
[90mstdout[2m | tests/server/folders-and-health.test.ts
[22m[39mGenAI env presence: {
  GEMINI_PROVIDER: [33mfalse[39m,
  GOOGLE_API_KEY: [33mtrue[39m,
  GOOGLE_APPLICATION_CREDENTIALS: [33mfalse[39m,
  OPENAI_API_KEY: [33mfalse[39m
}

[90mstdout[2m | tests/server/backup-restore.test.ts
[22m[39mGenAI env presence: {
  GEMINI_PROVIDER: [33mfalse[39m,
  GOOGLE_API_KEY: [33mtrue[39m,
  GOOGLE_APPLICATION_CREDENTIALS: [33mfalse[39m,
  OPENAI_API_KEY: [33mfalse[39m
}

 [32mΓ£ô[39m tests/server/folders-and-health.test.ts[2m > [22mhealth and model folders endpoints[2m > [22mreturns healthy status from /api/health[32m 26[2mms[22m[39m
 [32mΓ£ô[39m tests/server/folders-and-health.test.ts[2m > [22mhealth and model folders endpoints[2m > [22mlists model folders and includes uploads root[32m 24[2mms[22m[39m
 [32mΓ£ô[39m tests/server/folders-and-health.test.ts[2m > [22mhealth and model folders endpoints[2m > [22mcreates a nested folder under models with /api/create-model-folder[32m 33[2mms[22m[39m
[90mstdout[2m | tests/server/backup-restore.test.ts[2m > [22m[2mbackup and restore round-trip[2m > [22m[2mcreates a backup and restores to same paths
[22m[39mBackup created: 1 munchie.json files, 4 collections, 855.18 KB compressed

[90mstdout[2m | tests/server/backup-restore.test.ts[2m > [22m[2mbackup and restore round-trip[2m > [22m[2mcreates a backup and restores to same paths
[22m[39mRestore completed: 1 restored, 0 skipped, 0 errors
Restore details: {
  restored: [
    {
      originalPath: [32m'a-munchie.json'[39m,
      restoredPath: [32m'a-munchie.json'[39m,
      reason: [32m'Path match'[39m,
      size: [33m398[39m
    }
  ],
  skipped: [],
  errors: [],
  strategy: [32m'path-match'[39m,
  collections: { restored: [33m4[39m, skipped: [33m0[39m, strategy: [32m'merge'[39m }
}

 [32mΓ£ô[39m tests/server/backup-restore.test.ts[2m > [22mbackup and restore round-trip[2m > [22mcreates a backup and restores to same paths[32m 164[2mms[22m[39m
[90mstdout[2m | tests/server/collections.test.ts
[22m[39mGenAI env presence: {
  GEMINI_PROVIDER: [33mfalse[39m,
  GOOGLE_API_KEY: [33mtrue[39m,
  GOOGLE_APPLICATION_CREDENTIALS: [33mfalse[39m,
  OPENAI_API_KEY: [33mfalse[39m
}

 [32mΓ£ô[39m tests/components/FilterSidebar.collectionsOption.test.tsx[2m > [22mFilterSidebar file type includes Collections[2m > [22mshows Collections option and triggers onFilterChange with fileType collections[32m 159[2mms[22m[39m
 [32mΓ£ô[39m tests/server/collections.test.ts[2m > [22mCollections API[2m > [22mcreates, updates, lists, and deletes a collection[32m 181[2mms[22m[39m
 [32mΓ£ô[39m tests/filterSidebar.test.tsx[2m > [22mFilterSidebar sort initialization[2m > [22mrenders Sort By label and accepts initialFilters.sortBy[32m 155[2mms[22m[39m
[90mstdout[2m | tests/server/save-and-scan.test.ts
[22m[39mGenAI env presence: {
  GEMINI_PROVIDER: [33mfalse[39m,
  GOOGLE_API_KEY: [33mtrue[39m,
  GOOGLE_APPLICATION_CREDENTIALS: [33mfalse[39m,
  OPENAI_API_KEY: [33mfalse[39m
}

[90mstdout[2m | tests/server/save-and-scan.test.ts[2m > [22m[2msave-model merge and scan preservation[2m > [22m[2mpreserves user fields across /api/scan-models and merges via /api/save-model
[22m[39mScanning: C:\Users\robst\AppData\Local\Temp\mmm-models-fSlxmi
ΓÅ¡∩╕Å Skipping 3MF (JSON exists): C:\Users\robst\AppData\Local\Temp\mmm-models-fSlxmi\sample.3mf

[90mstdout[2m | tests/server/save-and-scan.test.ts[2m > [22m[2msave-model merge and scan preservation[2m > [22m[2mpreserves user fields across /api/scan-models and merges via /api/save-model
[22m[39mResolved file path for saving: C:\Users\robst\AppData\Local\Temp\mmm-models-fSlxmi\sample-munchie.json
Model updated and saved to: C:\Users\robst\AppData\Local\Temp\mmm-models-fSlxmi\sample-munchie.json

 [32mΓ£ô[39m tests/server/save-and-scan.test.ts[2m > [22msave-model merge and scan preservation[2m > [22mpreserves user fields across /api/scan-models and merges via /api/save-model[32m 102[2mms[22m[39m
[90mstdout[2m | tests/server/load-and-delete.test.ts
[22m[39mGenAI env presence: {
  GEMINI_PROVIDER: [33mfalse[39m,
  GOOGLE_API_KEY: [33mtrue[39m,
  GOOGLE_APPLICATION_CREDENTIALS: [33mfalse[39m,
  OPENAI_API_KEY: [33mfalse[39m
}

[90mstdout[2m | tests/server/load-and-delete.test.ts[2m > [22m[2mload-model by id and delete models[2m > [22m[2mloads model JSON by id when provided
[22m[39m[debug] /api/load-model modelsDir= C:\Users\robst\AppData\Local\Temp\mmm-models-E63xzF id= rocket-123
Load model by id requested { id: [32m'rocket-123'[39m }
[debug] /api/load-model inspecting C:\Users\robst\AppData\Local\Temp\mmm-models-E63xzF\folder\rocket-munchie.json parsed.id= rocket-123 parsed.name= rocket
[debug] /api/load-model matched id at C:\Users\robst\AppData\Local\Temp\mmm-models-E63xzF\folder\rocket-munchie.json

[90mstdout[2m | tests/server/load-and-delete.test.ts[2m > [22m[2mload-model by id and delete models[2m > [22m[2mdeletes selected file types for model ids
[22m[39mFile types to delete: json, stl
Processing model ID: A
Found model: A, filePath: a.3mf
Files to delete for A: [
  {
    type: [32m'json'[39m,
    path: [32m'C:\\Users\\robst\\AppData\\Local\\Temp\\mmm-models-mfrYIJ\\a-munchie.json'[39m
  }
]
Attempting to delete file: C:\Users\robst\AppData\Local\Temp\mmm-models-mfrYIJ\a-munchie.json
Successfully deleted: C:\Users\robst\AppData\Local\Temp\mmm-models-mfrYIJ\a-munchie.json
Processing model ID: B
Found model: B, filePath: b.stl
Files to delete for B: [
  {
    type: [32m'stl'[39m,
    path: [32m'C:\\Users\\robst\\AppData\\Local\\Temp\\mmm-models-mfrYIJ\\b.stl'[39m
  },
  {
    type: [32m'json'[39m,
    path: [32m'C:\\Users\\robst\\AppData\\Local\\Temp\\mmm-models-mfrYIJ\\b-stl-munchie.json'[39m
  }
]
Attempting to delete file: C:\Users\robst\AppData\Local\Temp\mmm-models-mfrYIJ\b.stl
Successfully deleted: C:\Users\robst\AppData\Local\Temp\mmm-models-mfrYIJ\b.stl
Attempting to delete file: C:\Users\robst\AppData\Local\Temp\mmm-models-mfrYIJ\b-stl-munchie.json
Successfully deleted: C:\Users\robst\AppData\Local\Temp\mmm-models-mfrYIJ\b-stl-munchie.json
Deletion summary: 3 files deleted, 0 errors
Deleted files: [
  { modelId: [32m'A'[39m, type: [32m'json'[39m, path: [32m'a-munchie.json'[39m },
  { modelId: [32m'B'[39m, type: [32m'stl'[39m, path: [32m'b.stl'[39m },
  { modelId: [32m'B'[39m, type: [32m'json'[39m, path: [32m'b-stl-munchie.json'[39m }
]
Errors: []

 [32mΓ£ô[39m tests/server/load-and-delete.test.ts[2m > [22mload-model by id and delete models[2m > [22mloads model JSON by id when provided[32m 59[2mms[22m[39m
 [32mΓ£ô[39m tests/server/load-and-delete.test.ts[2m > [22mload-model by id and delete models[2m > [22mdeletes selected file types for model ids[32m 44[2mms[22m[39m
[90mstdout[2m | tests/server/munchie-and-hashcheck.test.ts
[22m[39mGenAI env presence: {
  GEMINI_PROVIDER: [33mfalse[39m,
  GOOGLE_API_KEY: [33mtrue[39m,
  GOOGLE_APPLICATION_CREDENTIALS: [33mfalse[39m,
  OPENAI_API_KEY: [33mfalse[39m
}

[90mstdout[2m | tests/server/munchie-and-hashcheck.test.ts[2m > [22m[2mmunchie-files and hash-check endpoints[2m > [22m[2mreturns -munchie.json entries with hash via /api/munchie-files
[22m[39m[debug] /api/munchie-files scanning modelsDir= C:\Users\robst\AppData\Local\Temp\mmm-models-kXUcjl
[debug] /api/munchie-files item {
  fileName: [32m'b-munchie.json'[39m,
  hash: [32m'h2'[39m,
  modelUrl: [32m'/models/b-munchie.json'[39m
}
[debug] /api/munchie-files item {
  fileName: [32m'a-munchie.json'[39m,
  hash: [32m'h1'[39m,
  modelUrl: [32m'/models/x/a-munchie.json'[39m
}
[debug] /api/munchie-files found [33m2[39m items

 [32mΓ£ô[39m tests/server/schema-contract.test.ts[2m > [22mmunchie schema contract[2m > [22mvalidates existing -munchie.json files in models/[32m 80[2mms[22m[39m
 [32mΓ£ô[39m tests/sortUtils.test.ts[2m > [22msortModels[2m > [22msorts by modified_desc (newest first)[32m 2[2mms[22m[39m
 [32mΓ£ô[39m tests/sortUtils.test.ts[2m > [22msortModels[2m > [22msorts by modified_asc (oldest first)[32m 0[2mms[22m[39m
 [32mΓ£ô[39m tests/sortUtils.test.ts[2m > [22msortModels[2m > [22msorts by name_asc[32m 7[2mms[22m[39m
 [32mΓ£ô[39m tests/sortUtils.test.ts[2m > [22msortModels[2m > [22msorts by name_desc[32m 0[2mms[22m[39m
[90mstdout[2m | tests/server/munchie-and-hashcheck.test.ts[2m > [22m[2mmunchie-files and hash-check endpoints[2m > [22m[2mhash-check filters by fileType and reports status
[22m[39m[debug] /api/hash-check fileType= 3mf modelsDir= C:\Users\robst\AppData\Local\Temp\mmm-models-LlQMxQ
[debug] /api/hash-check base entries count= [33m1[39m

 [32mΓ£ô[39m tests/server/munchie-and-hashcheck.test.ts[2m > [22mmunchie-files and hash-check endpoints[2m > [22mreturns -munchie.json entries with hash via /api/munchie-files[32m 67[2mms[22m[39m
[90mstdout[2m | tests/server/munchie-and-hashcheck.test.ts[2m > [22m[2mmunchie-files and hash-check endpoints[2m > [22m[2mhash-check filters by fileType and reports status
[22m[39m[debug] /api/hash-check fileType= stl modelsDir= C:\Users\robst\AppData\Local\Temp\mmm-models-LlQMxQ
[debug] /api/hash-check base entries count= [33m1[39m

 [32mΓ£ô[39m tests/server/munchie-and-hashcheck.test.ts[2m > [22mmunchie-files and hash-check endpoints[2m > [22mhash-check filters by fileType and reports status[32m 44[2mms[22m[39m
 [32mΓ£ô[39m tests/munchiePath.test.ts[2m > [22mderiveMunchieCandidates[2m > [22mfilePath handling[2m > [22mconverts lowercase .3mf to -munchie.json[32m 2[2mms[22m[39m
 [32mΓ£ô[39m tests/munchiePath.test.ts[2m > [22mderiveMunchieCandidates[2m > [22mfilePath handling[2m > [22mconverts uppercase .3MF to -munchie.json (case-insensitive)[32m 0[2mms[22m[39m
 [32mΓ£ô[39m tests/munchiePath.test.ts[2m > [22mderiveMunchieCandidates[2m > [22mfilePath handling[2m > [22mconverts mixed case .3Mf to -munchie.json (case-insensitive)[32m 0[2mms[22m[39m
 [32mΓ£ô[39m tests/munchiePath.test.ts[2m > [22mderiveMunchieCandidates[2m > [22mfilePath handling[2m > [22mconverts lowercase .stl to -stl-munchie.json[32m 0[2mms[22m[39m
 [32mΓ£ô[39m tests/munchiePath.test.ts[2m > [22mderiveMunchieCandidates[2m > [22mfilePath handling[2m > [22mconverts uppercase .STL to -stl-munchie.json (case-insensitive)[32m 0[2mms[22m[39m
 [32mΓ£ô[39m tests/munchiePath.test.ts[2m > [22mderiveMunchieCandidates[2m > [22mfilePath handling[2m > [22mconverts mixed case .Stl to -stl-munchie.json (case-insensitive)[32m 0[2mms[22m[39m
 [32mΓ£ô[39m tests/munchiePath.test.ts[2m > [22mderiveMunchieCandidates[2m > [22mfilePath handling[2m > [22mhandles paths with subdirectories and uppercase extensions[32m 0[2mms[22m[39m
 [32mΓ£ô[39m tests/munchiePath.test.ts[2m > [22mderiveMunchieCandidates[2m > [22mfilePath handling[2m > [22mhandles backslash paths with uppercase extensions[32m 0[2mms[22m[39m
 [32mΓ£ô[39m tests/munchiePath.test.ts[2m > [22mderiveMunchieCandidates[2m > [22mfilePath handling[2m > [22mhandles absolute Windows paths with uppercase extensions[32m 0[2mms[22m[39m
 [32mΓ£ô[39m tests/munchiePath.test.ts[2m > [22mderiveMunchieCandidates[2m > [22mfilePath handling[2m > [22mstrips /models/ prefix correctly[32m 0[2mms[22m[39m
 [32mΓ£ô[39m tests/munchiePath.test.ts[2m > [22mderiveMunchieCandidates[2m > [22mfilePath handling[2m > [22mpreserves existing -munchie.json filenames[32m 0[2mms[22m[39m
 [32mΓ£ô[39m tests/munchiePath.test.ts[2m > [22mderiveMunchieCandidates[2m > [22mfilePath handling[2m > [22mpreserves existing -stl-munchie.json filenames[32m 0[2mms[22m[39m
 [32mΓ£ô[39m tests/munchiePath.test.ts[2m > [22mderiveMunchieCandidates[2m > [22mmodelUrl handling[2m > [22mconverts lowercase .3mf modelUrl to -munchie.json[32m 0[2mms[22m[39m
 [32mΓ£ô[39m tests/munchiePath.test.ts[2m > [22mderiveMunchieCandidates[2m > [22mmodelUrl handling[2m > [22mconverts uppercase .3MF modelUrl to -munchie.json (case-insensitive)[32m 0[2mms[22m[39m
 [32mΓ£ô[39m tests/munchiePath.test.ts[2m > [22mderiveMunchieCandidates[2m > [22mmodelUrl handling[2m > [22mconverts lowercase .stl modelUrl to -stl-munchie.json[32m 0[2mms[22m[39m
 [32mΓ£ô[39m tests/munchiePath.test.ts[2m > [22mderiveMunchieCandidates[2m > [22mmodelUrl handling[2m > [22mconverts uppercase .STL modelUrl to -stl-munchie.json (case-insensitive)[32m 0[2mms[22m[39m
 [32mΓ£ô[39m tests/munchiePath.test.ts[2m > [22mderiveMunchieCandidates[2m > [22mmodelUrl handling[2m > [22mhandles mixed case extensions in modelUrl[32m 0[2mms[22m[39m
 [32mΓ£ô[39m tests/munchiePath.test.ts[2m > [22mderiveMunchieCandidates[2m > [22mname/id fallback handling[2m > [22mgenerates candidates from name when no filePath/modelUrl[32m 0[2mms[22m[39m
 [32mΓ£ô[39m tests/munchiePath.test.ts[2m > [22mderiveMunchieCandidates[2m > [22mname/id fallback handling[2m > [22mgenerates candidates from id when no filePath/modelUrl/name[32m 0[2mms[22m[39m
 [32mΓ£ô[39m tests/munchiePath.test.ts[2m > [22mderiveMunchieCandidates[2m > [22mdeduplication[2m > [22mdoes not return duplicate candidates[32m 0[2mms[22m[39m
 [32mΓ£ô[39m tests/munchiePath.test.ts[2m > [22mderiveMunchieCandidates[2m > [22mdeduplication[2m > [22mdeduplicates when filePath and modelUrl have different cases[32m 0[2mms[22m[39m
 [32mΓ£ô[39m tests/munchiePath.test.ts[2m > [22mderiveMunchieCandidates[2m > [22medge cases[2m > [22mhandles empty input[32m 0[2mms[22m[39m
 [32mΓ£ô[39m tests/munchiePath.test.ts[2m > [22mderiveMunchieCandidates[2m > [22medge cases[2m > [22mhandles null values[32m 0[2mms[22m[39m
 [32mΓ£ô[39m tests/munchiePath.test.ts[2m > [22mderiveMunchieCandidates[2m > [22medge cases[2m > [22mhandles files without extensions[32m 0[2mms[22m[39m
 [32mΓ£ô[39m tests/munchiePath.test.ts[2m > [22mderiveMunchieCandidates[2m > [22medge cases[2m > [22mhandles double extensions correctly[32m 0[2mms[22m[39m
 [32mΓ£ô[39m tests/munchiePath.test.ts[2m > [22mderiveMunchieCandidates[2m > [22mreal-world scenarios[2m > [22mhandles typical Windows upload path with uppercase extension[32m 0[2mms[22m[39m
 [32mΓ£ô[39m tests/munchiePath.test.ts[2m > [22mderiveMunchieCandidates[2m > [22mreal-world scenarios[2m > [22mhandles model URL from API with uppercase extension[32m 0[2mms[22m[39m
 [32mΓ£ô[39m tests/munchiePath.test.ts[2m > [22mderiveMunchieCandidates[2m > [22mreal-world scenarios[2m > [22mhandles complex nested folder structure with mixed case[32m 0[2mms[22m[39m
 [32mΓ£ô[39m tests/components/SettingsPage.hashCheck.test.tsx[2m > [22mSettingsPage - Hash Check & Corrupted Files Display[2m > [22mCorrupted files with duplicate filenames in different paths[2m > [22mshould display unique keys for files with same name in different directories[32m 2[2mms[22m[39m
 [32mΓ£ô[39m tests/components/SettingsPage.hashCheck.test.tsx[2m > [22mSettingsPage - Hash Check & Corrupted Files Display[2m > [22mCorrupted files with duplicate filenames in different paths[2m > [22mshould generate unique keys using index and sanitized file path[32m 1[2mms[22m[39m
 [32mΓ£ô[39m tests/components/SettingsPage.hashCheck.test.tsx[2m > [22mSettingsPage - Hash Check & Corrupted Files Display[2m > [22mCorrupted files with duplicate filenames in different paths[2m > [22mshould display full paths without /models/ prefix[32m 0[2mms[22m[39m
 [32mΓ£ô[39m tests/components/SettingsPage.hashCheck.test.tsx[2m > [22mSettingsPage - Hash Check & Corrupted Files Display[2m > [22mCorrupted files with duplicate filenames in different paths[2m > [22mshould handle Windows-style paths correctly[32m 0[2mms[22m[39m
 [32mΓ£ô[39m tests/components/SettingsPage.hashCheck.test.tsx[2m > [22mSettingsPage - Hash Check & Corrupted Files Display[2m > [22mModel fallback matching logic[2m > [22mshould match models with normalized slash formats[32m 0[2mms[22m[39m
 [32mΓ£ô[39m tests/components/SettingsPage.hashCheck.test.tsx[2m > [22mSettingsPage - Hash Check & Corrupted Files Display[2m > [22mModel fallback matching logic[2m > [22mshould match with or without /models/ prefix[32m 0[2mms[22m[39m
 [32mΓ£ô[39m tests/components/SettingsPage.hashCheck.test.tsx[2m > [22mSettingsPage - Hash Check & Corrupted Files Display[2m > [22mModel fallback matching logic[2m > [22mshould handle case-insensitive extensions in paths[32m 0[2mms[22m[39m
 [32mΓ£ô[39m tests/components/SettingsPage.hashCheck.test.tsx[2m > [22mSettingsPage - Hash Check & Corrupted Files Display[2m > [22mDuplicate groups display[2m > [22mshould identify files with same hash as duplicates[32m 0[2mms[22m[39m
 [32mΓ£ô[39m tests/components/SettingsPage.hashCheck.test.tsx[2m > [22mSettingsPage - Hash Check & Corrupted Files Display[2m > [22mDuplicate groups display[2m > [22mshould generate unique keys for duplicate group dialog models[32m 0[2mms[22m[39m
 [32mΓ£ô[39m tests/components/SettingsPage.hashCheck.test.tsx[2m > [22mSettingsPage - Hash Check & Corrupted Files Display[2m > [22mDisplay path helper function[2m > [22mshould remove /models/ prefix from modelUrl[32m 0[2mms[22m[39m
[90mstdout[2m | tests/configManager.test.ts[2m > [22m[2mConfigManager filters.defaultSortBy[2m > [22m[2mvalidateConfig sets defaultSortBy to default when missing
[22m[39m[ConfigManager] Saving config to localStorage, lastModified= 2026-03-07T00:59:36.484Z
[ConfigManager] loadConfig() called, isNode= [33mfalse[39m
[ConfigManager] localStorage raw value for 3d-model-muncher-config (present)
[ConfigManager] loaded and validated config from localStorage, lastModified= 2026-03-07T00:59:36.484Z

[90mstdout[2m | tests/configManager.test.ts[2m > [22m[2mConfigManager filters.defaultSortBy[2m > [22m[2mvalidateConfig preserves provided defaultSortBy
[22m[39m[ConfigManager] Saving config to localStorage, lastModified= 2026-03-07T00:59:36.486Z
[ConfigManager] loadConfig() called, isNode= [33mfalse[39m
[ConfigManager] localStorage raw value for 3d-model-muncher-config (present)
[ConfigManager] loaded and validated config from localStorage, lastModified= 2026-03-07T00:59:36.486Z

 [32mΓ£ô[39m tests/configManager.test.ts[2m > [22mConfigManager filters.defaultSortBy[2m > [22mdefault config includes filters.defaultSortBy = "none"[32m 1[2mms[22m[39m
 [32mΓ£ô[39m tests/configManager.test.ts[2m > [22mConfigManager filters.defaultSortBy[2m > [22mvalidateConfig sets defaultSortBy to default when missing[32m 3[2mms[22m[39m
 [32mΓ£ô[39m tests/configManager.test.ts[2m > [22mConfigManager filters.defaultSortBy[2m > [22mvalidateConfig preserves provided defaultSortBy[32m 1[2mms[22m[39m
 [32mΓ£ô[39m tests/utils.test.ts[2m > [22mdownloadUtils helpers[2m > [22mnormalizeModelPath handles backslashes and missing /models prefix[32m 1[2mms[22m[39m
 [32mΓ£ô[39m tests/utils.test.ts[2m > [22mdownloadUtils helpers[2m > [22mextractFileName returns basename for both slash types[32m 0[2mms[22m[39m
 [32mΓ£ô[39m tests/components/ModelUploadDialog.test.tsx[2m > [22mModelUploadDialog - G-code archive filtering[2m > [22mplaceholder test - filtering is tested in server upload endpoint tests[32m 2[2mms[22m[39m

[31mΓÄ»ΓÄ»ΓÄ»ΓÄ»ΓÄ»ΓÄ»ΓÄ»[39m[1m[41m Failed Tests 8 
[49m[22m[31mΓÄ»ΓÄ»ΓÄ»ΓÄ»ΓÄ»ΓÄ»ΓÄ»[39m

[41m[1m FAIL [22m[49m tests/gcodeParser.test.ts[2m > [22mgcodeParser[2m > 
[22mextractGcodeFrom3MF[2m > [22mshould extract gcode from Metadata/plate_1.gcode 
(BambuLab format)
[31m[1mError[22m: Failed to extract G-code from 3MF: No .gcode file found in 3MF 
archive. Expected Metadata/plate_1.gcode or similar. Found files: 
[Content_Types].xml/, [Content_Types].xml/0/, [Content_Types].xml/1/, 
[Content_Types].xml/2/, [Content_Types].xml/3/, [Content_Types].xml/4/, 
[Content_Types].xml/5/, [Content_Types].xml/6/, [Content_Types].xml/7/, 
[Content_Types].xml/8/, [Content_Types].xml/9/, [Content_Types].xml/10/, 
[Content_Types].xml/11/, [Content_Types].xml/12/, [Content_Types].xml/13/, 
[Content_Types].xml/14/, [Content_Types].xml/15/, [Content_Types].xml/16/, 
[Content_Types].xml/17/, [Content_Types].xml/18/, [Content_Types].xml/19/, 
[Content_Types].xml/20/, Metadata/plate_1.gcode/, Metadata/plate_1.gcode/0/, 
Metadata/plate_1.gcode/1/, Metadata/plate_1.gcode/2/, Metadata/plate_1.gcode/3/, 
Metadata/plate_1.gcode/4/, Metadata/plate_1.gcode/5/, Metadata/plate_1.gcode/6/, 
Metadata/plate_1.gcode/7/, Metadata/plate_1.gcode/8/, Metadata/plate_1.gcode/9/, 
Metadata/plate_1.gcode/10/, Metadata/plate_1.gcode/11/, Metadata/plate_1.gcode/12/, 
Metadata/plate_1.gcode/13/, Metadata/plate_1.gcode/14/, Metadata/plate_1.gcode/15/, 
Metadata/plate_1.gcode/16/, Metadata/plate_1.gcode/17/, Metadata/plate_1.gcode/18/, 
Metadata/plate_1.gcode/19/, Metadata/plate_1.gcode/20/, Metadata/plate_1.gcode/21/, 
Metadata/plate_1.gcode/22/, Metadata/plate_1.gcode/23/, 
Metadata/plate_1.gcode/24/[39m
[36m [2mΓ¥»[22m extractGcodeFrom3MF src/utils/gcodeParser.ts:[2m97:11[22m[39m
    [90m 95| [39m    [35mreturn[39m [35mnew[39m [33mTextDecoder[39m()[33m.[
39m[34mdecode[39m(candidates[[34m0[39m][33m.[39mdata)[33m;[39m
    [90m 96| [39m  } [35mcatch[39m (error) {
    [90m 97| [39m    throw new Error(`Failed to extract G-code from 3MF: ${error 
instanΓÇª
    [90m   | [39m          [31m^[39m
    [90m 98| [39m  }
    [90m 99| [39m}
[90m [2mΓ¥»[22m tests/gcodeParser.test.ts:[2m80:25[22m[39m

[31m[2mΓÄ»ΓÄ»ΓÄ»ΓÄ»ΓÄ»ΓÄ»ΓÄ»ΓÄ»ΓÄ»ΓÄ»ΓÄ»ΓÄ»ΓÄ»ΓÄ»ΓÄ»ΓÄ»ΓÄ»ΓÄ»ΓÄ»ΓÄ»ΓÄ»ΓÄ»ΓÄ»ΓÄ»[1/8
]ΓÄ»[22m[39m

[41m[1m FAIL [22m[49m tests/gcodeParser.test.ts[2m > [22mgcodeParser[2m > 
[22mextractGcodeFrom3MF[2m > [22mshould extract gcode from Metadata/plate_2.gcode 
if plate_1 not found
[31m[1mError[22m: Failed to extract G-code from 3MF: No .gcode file found in 3MF 
archive. Expected Metadata/plate_1.gcode or similar. Found files: 
Metadata/plate_2.gcode/, Metadata/plate_2.gcode/0/, Metadata/plate_2.gcode/1/, 
Metadata/plate_2.gcode/2/, Metadata/plate_2.gcode/3/, Metadata/plate_2.gcode/4/, 
Metadata/plate_2.gcode/5/, Metadata/plate_2.gcode/6/, Metadata/plate_2.gcode/7/, 
Metadata/plate_2.gcode/8/, Metadata/plate_2.gcode/9/, Metadata/plate_2.gcode/10/, 
Metadata/plate_2.gcode/11/, Metadata/plate_2.gcode/12/, Metadata/plate_2.gcode/13/, 
Metadata/plate_2.gcode/14/, Metadata/plate_2.gcode/15/, Metadata/plate_2.gcode/16/, 
Metadata/plate_2.gcode/17/, Metadata/plate_2.gcode/18/, Metadata/plate_2.gcode/19/, 
Metadata/plate_2.gcode/20/, Metadata/plate_2.gcode/21/, Metadata/plate_2.gcode/22/, 
Metadata/plate_2.gcode/23/, Metadata/plate_2.gcode/24/[39m
[36m [2mΓ¥»[22m extractGcodeFrom3MF src/utils/gcodeParser.ts:[2m97:11[22m[39m
    [90m 95| [39m    [35mreturn[39m [35mnew[39m [33mTextDecoder[39m()[33m.[
39m[34mdecode[39m(candidates[[34m0[39m][33m.[39mdata)[33m;[39m
    [90m 96| [39m  } [35mcatch[39m (error) {
    [90m 97| [39m    throw new Error(`Failed to extract G-code from 3MF: ${error 
instanΓÇª
    [90m   | [39m          [31m^[39m
    [90m 98| [39m  }
    [90m 99| [39m}
[90m [2mΓ¥»[22m tests/gcodeParser.test.ts:[2m91:25[22m[39m

[31m[2mΓÄ»ΓÄ»ΓÄ»ΓÄ»ΓÄ»ΓÄ»ΓÄ»ΓÄ»ΓÄ»ΓÄ»ΓÄ»ΓÄ»ΓÄ»ΓÄ»ΓÄ»ΓÄ»ΓÄ»ΓÄ»ΓÄ»ΓÄ»ΓÄ»ΓÄ»ΓÄ»ΓÄ»[2/8
]ΓÄ»[22m[39m

[41m[1m FAIL [22m[49m tests/gcodeParser.test.ts[2m > [22mgcodeParser[2m > 
[22mextractGcodeFrom3MF[2m > [22mshould extract gcode from root level as fallback
[31m[1mError[22m: Failed to extract G-code from 3MF: No .gcode file found in 3MF 
archive. Expected Metadata/plate_1.gcode or similar. Found files: test.gcode/, 
test.gcode/0/, test.gcode/1/, test.gcode/2/, test.gcode/3/, test.gcode/4/, 
test.gcode/5/, test.gcode/6/, test.gcode/7/, test.gcode/8/, test.gcode/9/, 
test.gcode/10/, test.gcode/11/, test.gcode/12/, test.gcode/13/, test.gcode/14/, 
test.gcode/15/, test.gcode/16/, test.gcode/17/, test.gcode/18/, test.gcode/19/, 
test.gcode/20/, test.gcode/21/, test.gcode/22/, test.gcode/23/, test.gcode/24/[39m
[36m [2mΓ¥»[22m extractGcodeFrom3MF src/utils/gcodeParser.ts:[2m97:11[22m[39m
    [90m 95| [39m    [35mreturn[39m [35mnew[39m [33mTextDecoder[39m()[33m.[
39m[34mdecode[39m(candidates[[34m0[39m][33m.[39mdata)[33m;[39m
    [90m 96| [39m  } [35mcatch[39m (error) {
    [90m 97| [39m    throw new Error(`Failed to extract G-code from 3MF: ${error 
instanΓÇª
    [90m   | [39m          [31m^[39m
    [90m 98| [39m  }
    [90m 99| [39m}
[90m [2mΓ¥»[22m tests/gcodeParser.test.ts:[2m102:25[22m[39m

[31m[2mΓÄ»ΓÄ»ΓÄ»ΓÄ»ΓÄ»ΓÄ»ΓÄ»ΓÄ»ΓÄ»ΓÄ»ΓÄ»ΓÄ»ΓÄ»ΓÄ»ΓÄ»ΓÄ»ΓÄ»ΓÄ»ΓÄ»ΓÄ»ΓÄ»ΓÄ»ΓÄ»ΓÄ»[3/8
]ΓÄ»[22m[39m

[41m[1m FAIL [22m[49m tests/gcodeParser.test.ts[2m > [22mgcodeParser[2m > 
[22mextractGcodeFrom3MF[2m > [22mshould prioritize Metadata/plate_1.gcode over 
root files
[31m[1mError[22m: Failed to extract G-code from 3MF: No .gcode file found in 3MF 
archive. Expected Metadata/plate_1.gcode or similar. Found files: 
Metadata/plate_1.gcode/, Metadata/plate_1.gcode/0/, Metadata/plate_1.gcode/1/, 
Metadata/plate_1.gcode/2/, Metadata/plate_1.gcode/3/, Metadata/plate_1.gcode/4/, 
Metadata/plate_1.gcode/5/, Metadata/plate_1.gcode/6/, Metadata/plate_1.gcode/7/, 
Metadata/plate_1.gcode/8/, Metadata/plate_1.gcode/9/, Metadata/plate_1.gcode/10/, 
Metadata/plate_1.gcode/11/, Metadata/plate_1.gcode/12/, Metadata/plate_1.gcode/13/, 
Metadata/plate_1.gcode/14/, Metadata/plate_1.gcode/15/, Metadata/plate_1.gcode/16/, 
Metadata/plate_1.gcode/17/, Metadata/plate_1.gcode/18/, test.gcode/, test.gcode/0/, 
test.gcode/1/, test.gcode/2/, test.gcode/3/, test.gcode/4/, test.gcode/5/, 
test.gcode/6/, test.gcode/7/, test.gcode/8/, test.gcode/9/, test.gcode/10/, 
test.gcode/11/, test.gcode/12/, test.gcode/13/, test.gcode/14/, test.gcode/15/, 
test.gcode/16/, test.gcode/17/[39m
[36m [2mΓ¥»[22m extractGcodeFrom3MF src/utils/gcodeParser.ts:[2m97:11[22m[39m
    [90m 95| [39m    [35mreturn[39m [35mnew[39m [33mTextDecoder[39m()[33m.[
39m[34mdecode[39m(candidates[[34m0[39m][33m.[39mdata)[33m;[39m
    [90m 96| [39m  } [35mcatch[39m (error) {
    [90m 97| [39m    throw new Error(`Failed to extract G-code from 3MF: ${error 
instanΓÇª
    [90m   | [39m          [31m^[39m
    [90m 98| [39m  }
    [90m 99| [39m}
[90m [2mΓ¥»[22m tests/gcodeParser.test.ts:[2m115:25[22m[39m

[31m[2mΓÄ»ΓÄ»ΓÄ»ΓÄ»ΓÄ»ΓÄ»ΓÄ»ΓÄ»ΓÄ»ΓÄ»ΓÄ»ΓÄ»ΓÄ»ΓÄ»ΓÄ»ΓÄ»ΓÄ»ΓÄ»ΓÄ»ΓÄ»ΓÄ»ΓÄ»ΓÄ»ΓÄ»[4/8
]ΓÄ»[22m[39m

[41m[1m FAIL [22m[49m tests/components/CollectionCard.test.tsx[2m > 
[22mCollectionCard[2m > [22mshows cover image when images exist
[41m[1m FAIL [22m[49m tests/components/CollectionCard.test.tsx[2m > 
[22mCollectionCard[2m > [22mbutton reads "View 2 models"
[31m[1mError[22m: `MenuItem` must be used within `MenuContent`[39m
[90m [2mΓ¥»[22m useContext2 
node_modules/@radix-ui/react-context/dist/index.mjs:[2m38:13[22m[39m
[90m [2mΓ¥»[22m 
node_modules/@radix-ui/react-menu/dist/index.mjs:[2m371:28[22m[39m
[90m [2mΓ¥»[22m renderWithHooks 
node_modules/react-dom/cjs/react-dom.development.js:[2m15486:18[22m[39m
[90m [2mΓ¥»[22m updateForwardRef 
node_modules/react-dom/cjs/react-dom.development.js:[2m19245:20[22m[39m
[90m [2mΓ¥»[22m beginWork 
node_modules/react-dom/cjs/react-dom.development.js:[2m21675:16[22m[39m
[90m [2mΓ¥»[22m beginWork$1 
node_modules/react-dom/cjs/react-dom.development.js:[2m27465:14[22m[39m
[90m [2mΓ¥»[22m performUnitOfWork 
node_modules/react-dom/cjs/react-dom.development.js:[2m26599:12[22m[39m
[90m [2mΓ¥»[22m workLoopSync 
node_modules/react-dom/cjs/react-dom.development.js:[2m26505:5[22m[39m
[90m [2mΓ¥»[22m renderRootSync 
node_modules/react-dom/cjs/react-dom.development.js:[2m26473:7[22m[39m
[90m [2mΓ¥»[22m recoverFromConcurrentError 
node_modules/react-dom/cjs/react-dom.development.js:[2m25889:20[22m[39m

[31m[2mΓÄ»ΓÄ»ΓÄ»ΓÄ»ΓÄ»ΓÄ»ΓÄ»ΓÄ»ΓÄ»ΓÄ»ΓÄ»ΓÄ»ΓÄ»ΓÄ»ΓÄ»ΓÄ»ΓÄ»ΓÄ»ΓÄ»ΓÄ»ΓÄ»ΓÄ»ΓÄ»ΓÄ»[5/8
]ΓÄ»[22m[39m

[41m[1m FAIL [22m[49m tests/components/GeneralTab.test.tsx[2m > 
[22mGeneralTab[2m > [22mcalls onConfigFieldChange when items per page changes
[31m[1mAssertionError[22m: expected "vi.fn()" to be called with arguments: [ 
'settings.itemsPerPage', 24 ][90m

Received: 

[1m  1st vi.fn() call:

[22m[2m  [[22m
[2m    "settings.itemsPerPage",[22m
[32m-   24,[90m
[31m+   12,[90m
[2m  ][22m

[1m  2nd vi.fn() call:

[22m[2m  [[22m
[2m    "settings.itemsPerPage",[22m
[32m-   24,[90m
[31m+   122,[90m
[2m  ][22m

[1m  3rd vi.fn() call:

[22m[2m  [[22m
[2m    "settings.itemsPerPage",[22m
[32m-   24,[90m
[31m+   124,[90m
[2m  ][22m
[31m[90m

Number of calls: [1m3[22m
[31m[39m
[36m [2mΓ¥»[22m tests/components/GeneralTab.test.tsx:[2m51:43[22m[39m
    [90m 49| [39m    [35mawait[39m 
user[33m.[39m[34mtype[39m(input[33m,[39m [32m'24'[39m)[33m;[39m
    [90m 50| [39m    
    [90m 51| [39m    [34mexpect[39m(mockProps[33m.[39monConfigFieldChange)[33m
.[39m[34mtoHaveBeenCalledWith[39m(
    [90m   | [39m                                          [31m^[39m
    [90m 52| [39m      [32m'settings.itemsPerPage'[39m[33m,[39m
    [90m 53| [39m      [34m24[39m

[31m[2mΓÄ»ΓÄ»ΓÄ»ΓÄ»ΓÄ»ΓÄ»ΓÄ»ΓÄ»ΓÄ»ΓÄ»ΓÄ»ΓÄ»ΓÄ»ΓÄ»ΓÄ»ΓÄ»ΓÄ»ΓÄ»ΓÄ»ΓÄ»ΓÄ»ΓÄ»ΓÄ»ΓÄ»[6/8
]ΓÄ»[22m[39m

[41m[1m FAIL [22m[49m tests/components/IntegrityTab.test.tsx[2m > 
[22mIntegrityTab[2m > [22mcalls onFileTypeChange when checkbox toggled
[31m[1mAssertionError[22m: expected "vi.fn()" to be called with arguments: [ 
'3mf', false ][90m

Number of calls: [1m0[22m
[31m[39m
[36m [2mΓ¥»[22m tests/components/IntegrityTab.test.tsx:[2m90:40[22m[39m
    [90m 88| [39m    [35mawait[39m user[33m.[39m[34mclick[39m(screen[33m.[3
9m[34mgetByTestId[39m([32m'file-type-3mf-checkbox'[39m))[33m;[39m
    [90m 89| [39m    
    [90m 90| [39m    
expect(mockProps.onFileTypeChange).toHaveBeenCalledWith('3mf', falΓÇª
    [90m   | [39m                                       [31m^[39m
    [90m 91| [39m  })[33m;[39m
    [90m 92| [39m

[31m[2mΓÄ»ΓÄ»ΓÄ»ΓÄ»ΓÄ»ΓÄ»ΓÄ»ΓÄ»ΓÄ»ΓÄ»ΓÄ»ΓÄ»ΓÄ»ΓÄ»ΓÄ»ΓÄ»ΓÄ»ΓÄ»ΓÄ»ΓÄ»ΓÄ»ΓÄ»ΓÄ»ΓÄ»[7/8
]ΓÄ»[22m[39m


[2m Test Files [22m [1m[31m4 failed[39m[22m[2m | [22m[1m[32m32 passed[39m[22m[90m (36)[39m
[2m      Tests [22m [1m[31m8 failed[39m[22m[2m | [22m[1m[32m249 passed[39m[22m[2m | [22m[33m1 skipped[39m[90m (258)[39m
[2m   Start at [22m 19:59:22
[2m   Duration [22m 14.25s[2m (transform 1.50s, setup 24.33s, import 14.12s, tests 10.02s, environment 34.14s)[22m

